Archive member included because of file (symbol)

build/sky/contiki-ng-sky.a(cc2420.o)
                              iotorii-root.o (cc2420_driver)
build/sky/contiki-ng-sky.a(cc2420-arch.o)
                              build/sky/contiki-ng-sky.a(cc2420.o) (cc2420_arch_init)
build/sky/contiki-ng-sky.a(uart1-putchar.o)
                              build/sky/obj/contiki-main.o (putchar)
build/sky/contiki-ng-sky.a(platform.o)
                              build/sky/obj/contiki-main.o (platform_init_stage_one)
build/sky/contiki-ng-sky.a(msp430.o)
                              build/sky/contiki-ng-sky.a(platform.o) (msp430_dco_required)
build/sky/contiki-ng-sky.a(clock.o)
                              build/sky/obj/contiki-main.o (clock_init)
build/sky/contiki-ng-sky.a(leds.o)
                              build/sky/contiki-ng-sky.a(platform.o) (leds_init)
build/sky/contiki-ng-sky.a(leds-arch.o)
                              build/sky/contiki-ng-sky.a(leds.o) (leds_arch_init)
build/sky/contiki-ng-sky.a(watchdog.o)
                              build/sky/obj/contiki-main.o (watchdog_start)
build/sky/contiki-ng-sky.a(rtimer-arch.o)
                              build/sky/obj/../csma-output.o (rtimer_arch_now)
build/sky/contiki-ng-sky.a(autostart.o)
                              build/sky/obj/contiki-main.o (autostart_start)
build/sky/contiki-ng-sky.a(log.o)
                              build/sky/obj/contiki-main.o (log_lladdr)
build/sky/contiki-ng-sky.a(energest.o)
                              build/sky/obj/contiki-main.o (energest_init)
build/sky/contiki-ng-sky.a(etimer.o)
                              build/sky/contiki-ng-sky.a(clock.o) (etimer_request_poll)
build/sky/contiki-ng-sky.a(node-id.o)
                              build/sky/obj/contiki-main.o (node_id_init)
build/sky/contiki-ng-sky.a(ctimer.o)
                              build/sky/obj/contiki-main.o (ctimer_init)
build/sky/contiki-ng-sky.a(process.o)
                              build/sky/contiki-ng-sky.a(etimer.o) (process_current)
build/sky/contiki-ng-sky.a(rtimer.o)
                              build/sky/obj/contiki-main.o (rtimer_init)
build/sky/contiki-ng-sky.a(timer.o)
                              build/sky/contiki-ng-sky.a(platform.o) (timer_set)
build/sky/contiki-ng-sky.a(stack-check.o)
                              build/sky/obj/contiki-main.o (stack_check_init)
build/sky/contiki-ng-sky.a(list.o)
                              build/sky/obj/../csma-output.o (list_init)
build/sky/contiki-ng-sky.a(memb.o)
                              build/sky/obj/../csma-output.o (memb_init)
build/sky/contiki-ng-sky.a(random.o)
                              build/sky/obj/../iotorii-csma.o (random_init)
build/sky/contiki-ng-sky.a(serial-line.o)
                              build/sky/contiki-ng-sky.a(platform.o) (serial_line_input_byte)
build/sky/contiki-ng-sky.a(queuebuf.o)
                              build/sky/obj/contiki-main.o (queuebuf_init)
build/sky/contiki-ng-sky.a(packetbuf.o)
                              build/sky/obj/../iotorii-csma.o (packetbuf_set_datalen)
build/sky/contiki-ng-sky.a(netstack.o)
                              build/sky/obj/contiki-main.o (netstack_init)
build/sky/contiki-ng-sky.a(linkaddr.o)
                              build/sky/obj/../csma-output.o (linkaddr_copy)
build/sky/contiki-ng-sky.a(mac-sequence.o)
                              build/sky/obj/../iotorii-csma.o (mac_sequence_is_duplicate)
build/sky/contiki-ng-sky.a(mac.o)
                              build/sky/obj/../csma-output.o (mac_call_sent_callback)
build/sky/contiki-ng-sky.a(framer-802154.o)
                              build/sky/obj/../iotorii-csma.o (framer_802154)
build/sky/contiki-ng-sky.a(frame802154.o)
                              build/sky/contiki-ng-sky.a(framer-802154.o) (frame802154_get_pan_id)
build/sky/contiki-ng-sky.a(nullnet.o)
                              build/sky/obj/contiki-main.o (nullnet_driver)
build/sky/contiki-ng-sky.a(nullrouting.o)
                              build/sky/obj/contiki-main.o (nullrouting_driver)
build/sky/contiki-ng-sky.a(contiki-sky-pla)
                              build/sky/contiki-ng-sky.a(platform.o) (init_platform)
build/sky/contiki-ng-sky.a(button-sensor.o)
                              build/sky/contiki-ng-sky.a(contiki-sky-pla) (button_sensor)
build/sky/contiki-ng-sky.a(spi-legacy.o)
                              build/sky/contiki-ng-sky.a(cc2420-arch.o) (spi_init)
build/sky/contiki-ng-sky.a(ds2411.o)
                              build/sky/contiki-ng-sky.a(platform.o) (ds2411_init)
build/sky/contiki-ng-sky.a(xmem.o)
                              build/sky/contiki-ng-sky.a(platform.o) (xmem_init)
build/sky/contiki-ng-sky.a(sensors.o)
                              build/sky/contiki-ng-sky.a(button-sensor.o) (sensors_changed)
build/sky/contiki-ng-sky.a(uart1.o)
                              build/sky/contiki-ng-sky.a(platform.o) (uart1_active)
build/sky/contiki-ng-sky.a(ringbuf.o)
[...]
Memory Configuration

Name             Origin             Length             Attributes
sfr              0x0000000000000000 0x0000000000000010
peripheral_8bit  0x0000000000000010 0x00000000000000f0
peripheral_16bit 0x0000000000000100 0x0000000000000100
ram_mirror       0x0000000000000200 0x0000000000000800 xw
infomem          0x0000000000001000 0x0000000000000100
infob            0x0000000000001000 0x0000000000000080
infoa            0x0000000000001080 0x0000000000000080
ram              0x0000000000001100 0x0000000000002800 xw
rom              0x0000000000004000 0x000000000000bfe0 xr
vectors          0x000000000000ffe0 0x0000000000000020
bsl              0x0000000000000000 0x0000000000000000
infoc            0x0000000000000000 0x0000000000000000
infod            0x0000000000000000 0x0000000000000000
ram2             0x0000000000000000 0x0000000000000000 xw
usbram           0x0000000000000000 0x0000000000000000 xw
far_rom          0x0000000000000000 0x0000000000000000
*default*        0x0000000000000000 0xffffffffffffffff

Linker script and memory map

LOAD /usr/lib/gcc/msp430/4.6.3/mmpy-16/crt0ivtbl16.o
                0x0000000000001cfa                _stack = _end
LOAD iotorii-root.o
LOAD build/sky/obj/../iotorii-csma.o
LOAD build/sky/obj/../hlmacaddr.o
LOAD build/sky/obj/../hlmac-table.o
LOAD build/sky/obj/../csma-security.o
LOAD build/sky/obj/../csma-output.o
LOAD build/sky/obj/contiki-main.o
LOAD build/sky/contiki-ng-sky.a
LOAD /usr/lib/gcc/msp430/4.6.3/mmpy-16/libgcc.a
LOAD /usr/lib/gcc/msp430/4.6.3/../../../../msp430/lib/mmpy-16/libc.a
LOAD /usr/lib/gcc/msp430/4.6.3/mmpy-16/libgcc.a
LOAD /usr/lib/gcc/msp430/4.6.3/mmpy-16/libcrt0.a
                0x0000000000000080                PROVIDE (__info_segment_size, 0x80)
                0x0000000000001000                PROVIDE (__infob, 0x1000)
                0x0000000000001080                PROVIDE (__infoa, 0x1080)
                0x0000000000000000                __IE1 = 0x0
                0x0000000000000002                __IFG1 = 0x2
                0x0000000000000004                __ME1 = 0x4
                0x0000000000000001                __IE2 = 0x1
                0x0000000000000003                __IFG2 = 0x3
                0x0000000000000005                __ME2 = 0x5
                0x0000000000000120                __WDTCTL = 0x120
                0x0000000000000130                __MPY = 0x130
                0x0000000000000132                __MPYS = 0x132
                0x0000000000000134                __MAC = 0x134
                0x0000000000000136                __MACS = 0x136
                0x0000000000000138                __OP2 = 0x138
                0x000000000000013a                __RESLO = 0x13a
                0x000000000000013c                __RESHI = 0x13c
                0x000000000000013e                __SUMEXT = 0x13e
                0x0000000000000020                __P1IN = 0x20
                0x0000000000000021                __P1OUT = 0x21
                0x0000000000000022                __P1DIR = 0x22
                0x0000000000000023                __P1IFG = 0x23
                0x0000000000000024                __P1IES = 0x24
                0x0000000000000025                __P1IE = 0x25
                0x0000000000000026                __P1SEL = 0x26
                0x0000000000000028                __P2IN = 0x28
                0x0000000000000029                __P2OUT = 0x29
                0x000000000000002a                __P2DIR = 0x2a
                0x000000000000002b                __P2IFG = 0x2b
                0x000000000000002c                __P2IES = 0x2c
                0x000000000000002d                __P2IE = 0x2d
                0x000000000000002e                __P2SEL = 0x2e
                0x0000000000000018                __P3IN = 0x18
                0x0000000000000019                __P3OUT = 0x19
                0x000000000000001a                __P3DIR = 0x1a
                0x000000000000001b                __P3SEL = 0x1b
                0x000000000000001c                __P4IN = 0x1c
                0x000000000000001d                __P4OUT = 0x1d
                0x000000000000001e                __P4DIR = 0x1e
                0x000000000000001f                __P4SEL = 0x1f
                0x0000000000000030                __P5IN = 0x30
                0x0000000000000031                __P5OUT = 0x31
                0x0000000000000032                __P5DIR = 0x32
                0x0000000000000033                __P5SEL = 0x33
                0x0000000000000034                __P6IN = 0x34
                0x0000000000000035                __P6OUT = 0x35
                0x0000000000000036                __P6DIR = 0x36
                0x0000000000000037                __P6SEL = 0x37
                0x0000000000000070                __U0CTL = 0x70
                0x0000000000000071                __U0TCTL = 0x71
                0x0000000000000072                __U0RCTL = 0x72
                0x0000000000000073                __U0MCTL = 0x73
                0x0000000000000074                __U0BR0 = 0x74
                0x0000000000000075                __U0BR1 = 0x75
                0x0000000000000076                __U0RXBUF = 0x76
                0x0000000000000077                __U0TXBUF = 0x77
                0x0000000000000078                __U1CTL = 0x78
                0x0000000000000079                __U1TCTL = 0x79
                0x000000000000007a                __U1RCTL = 0x7a
                0x000000000000007b                __U1MCTL = 0x7b
                0x000000000000007c                __U1BR0 = 0x7c
                0x000000000000007d                __U1BR1 = 0x7d
                0x000000000000007e                __U1RXBUF = 0x7e
                0x000000000000007f                __U1TXBUF = 0x7f
                0x0000000000000050                __I2CIE = 0x50
                0x0000000000000051                __I2CIFG = 0x51
                0x0000000000000052                __I2CNDAT = 0x52
                0x0000000000000071                __I2CTCTL = 0x71
                0x0000000000000072                __I2CDCTL = 0x72
                0x0000000000000073                __I2CPSC = 0x73
                0x0000000000000074                __I2CSCLH = 0x74
                0x0000000000000075                __I2CSCLL = 0x75
                0x0000000000000076                __I2CDRB = 0x76
                0x0000000000000076                __I2CDRW = 0x76
                0x0000000000000118                __I2COA = 0x118
                0x000000000000011a                __I2CSA = 0x11a
                0x000000000000011c                __I2CIV = 0x11c
                0x000000000000012e                __TAIV = 0x12e
                0x0000000000000160                __TACTL = 0x160
                0x0000000000000162                __TACCTL0 = 0x162
                0x0000000000000164                __TACCTL1 = 0x164
                0x0000000000000166                __TACCTL2 = 0x166
                0x0000000000000170                __TAR = 0x170
                0x0000000000000172                __TACCR0 = 0x172
                0x0000000000000174                __TACCR1 = 0x174
                0x0000000000000176                __TACCR2 = 0x176
                0x000000000000011e                __TBIV = 0x11e
                0x0000000000000180                __TBCTL = 0x180
                0x0000000000000182                __TBCCTL0 = 0x182
                0x0000000000000184                __TBCCTL1 = 0x184
                0x0000000000000186                __TBCCTL2 = 0x186
                0x0000000000000188                __TBCCTL3 = 0x188
                0x000000000000018a                __TBCCTL4 = 0x18a
                0x000000000000018c                __TBCCTL5 = 0x18c
                0x000000000000018e                __TBCCTL6 = 0x18e
                0x0000000000000190                __TBR = 0x190
                0x0000000000000192                __TBCCR0 = 0x192
                0x0000000000000194                __TBCCR1 = 0x194
                0x0000000000000196                __TBCCR2 = 0x196
                0x0000000000000198                __TBCCR3 = 0x198
                0x000000000000019a                __TBCCR4 = 0x19a
                0x000000000000019c                __TBCCR5 = 0x19c
                0x000000000000019e                __TBCCR6 = 0x19e
                0x0000000000000056                __DCOCTL = 0x56
                0x0000000000000057                __BCSCTL1 = 0x57
                0x0000000000000058                __BCSCTL2 = 0x58
                0x0000000000000055                __SVSCTL = 0x55
                0x0000000000000128                __FCTL1 = 0x128
                0x000000000000012a                __FCTL2 = 0x12a
                0x000000000000012c                __FCTL3 = 0x12c
                0x0000000000000059                __CACTL1 = 0x59
                0x000000000000005a                __CACTL2 = 0x5a
                0x000000000000005b                __CAPD = 0x5b
                0x00000000000001a0                __ADC12CTL0 = 0x1a0
                0x00000000000001a2                __ADC12CTL1 = 0x1a2
                0x00000000000001a4                __ADC12IFG = 0x1a4
                0x00000000000001a6                __ADC12IE = 0x1a6
                0x00000000000001a8                __ADC12IV = 0x1a8
                0x0000000000000140                __ADC12MEM0 = 0x140
                0x0000000000000142                __ADC12MEM1 = 0x142
                0x0000000000000144                __ADC12MEM2 = 0x144
                0x0000000000000146                __ADC12MEM3 = 0x146
                0x0000000000000148                __ADC12MEM4 = 0x148
                0x000000000000014a                __ADC12MEM5 = 0x14a
                0x000000000000014c                __ADC12MEM6 = 0x14c
                0x000000000000014e                __ADC12MEM7 = 0x14e
                0x0000000000000150                __ADC12MEM8 = 0x150
                0x0000000000000152                __ADC12MEM9 = 0x152
                0x0000000000000154                __ADC12MEM10 = 0x154
                0x0000000000000156                __ADC12MEM11 = 0x156
                0x0000000000000158                __ADC12MEM12 = 0x158
                0x000000000000015a                __ADC12MEM13 = 0x15a
                0x000000000000015c                __ADC12MEM14 = 0x15c
                0x000000000000015e                __ADC12MEM15 = 0x15e
                0x0000000000000080                __ADC12MCTL0 = 0x80
                0x0000000000000081                __ADC12MCTL1 = 0x81
                0x0000000000000082                __ADC12MCTL2 = 0x82
                0x0000000000000083                __ADC12MCTL3 = 0x83
                0x0000000000000084                __ADC12MCTL4 = 0x84
                0x0000000000000085                __ADC12MCTL5 = 0x85
                0x0000000000000086                __ADC12MCTL6 = 0x86
                0x0000000000000087                __ADC12MCTL7 = 0x87
                0x0000000000000088                __ADC12MCTL8 = 0x88
                0x0000000000000089                __ADC12MCTL9 = 0x89
                0x000000000000008a                __ADC12MCTL10 = 0x8a
                0x000000000000008b                __ADC12MCTL11 = 0x8b
                0x000000000000008c                __ADC12MCTL12 = 0x8c
                0x000000000000008d                __ADC12MCTL13 = 0x8d
                0x000000000000008e                __ADC12MCTL14 = 0x8e
                0x000000000000008f                __ADC12MCTL15 = 0x8f
                0x00000000000001c0                __DAC12_0CTL = 0x1c0
                0x00000000000001c2                __DAC12_1CTL = 0x1c2
                0x00000000000001c8                __DAC12_0DAT = 0x1c8
                0x00000000000001ca                __DAC12_1DAT = 0x1ca
                0x0000000000000122                __DMACTL0 = 0x122
                0x0000000000000124                __DMACTL1 = 0x124
                0x00000000000001e0                __DMA0CTL = 0x1e0
                0x00000000000001e8                __DMA1CTL = 0x1e8
                0x00000000000001f0                __DMA2CTL = 0x1f0
                0x00000000000001e2                __DMA0SA = 0x1e2
                0x00000000000001e4                __DMA0DA = 0x1e4
                0x00000000000001e6                __DMA0SZ = 0x1e6
                0x00000000000001ea                __DMA1SA = 0x1ea
                0x00000000000001ec                __DMA1DA = 0x1ec
                0x00000000000001ee                __DMA1SZ = 0x1ee
                0x00000000000001f2                __DMA2SA = 0x1f2
                0x00000000000001f4                __DMA2DA = 0x1f4
                0x00000000000001f6                __DMA2SZ = 0x1f6

.hash
 *(.hash)

.dynsym
 *(.dynsym)

.dynstr
 *(.dynstr)

.gnu.version
 *(.gnu.version)

.gnu.version_d
 *(.gnu.version_d)

.gnu.version_r
 *(.gnu.version_r)

.rel.init
 *(.rel.init)

.rela.init
 *(.rela.init)

.rel.fini
 *(.rel.fini)

.rela.fini
 *(.rela.fini)

.rel.text
 *(.rel.text .rel.text.* .rel.gnu.linkonce.t.*)

.rela.text
 *(.rela.text .rela.text.* .rela.gnu.linkonce.t.*)

.rel.rodata
 *(.rel.rodata .rel.rodata.* .rel.gnu.linkonce.r.*)

.rela.rodata
 *(.rela.rodata .rela.rodata.* .rela.gnu.linkonce.r.*)

.rel.data
 *(.rel.data .rel.data.* .rel.gnu.linkonce.d.*)

.rela.data
 *(.rela.data .rela.data.* .rela.gnu.linkonce.d.*)

.rel.bss
 *(.rel.bss .rel.bss.* .rel.gnu.linkonce.b.*)

.rela.bss
 *(.rela.bss .rela.bss.* .rela.gnu.linkonce.b.*)

.rel.ctors
 *(.rel.ctors)

.rela.ctors
 *(.rela.ctors)

.rel.dtors
 *(.rel.dtors)

.rela.dtors
 *(.rela.dtors)

.rel.got
 *(.rel.got)

.rela.got
 *(.rela.got)

.rel.plt
 *(.rel.plt)

.rela.plt
 *(.rela.plt)

.text           0x0000000000004000     0x4b6a
                0x0000000000004000                . = ALIGN (0x2)
 *(.init .init.*)
 *(.init0)
 .init0         0x0000000000004000        0x0 /usr/lib/gcc/msp430/4.6.3/mmpy-16/libcrt0.a(_reset_vector__.o)
                0x0000000000004000                _reset_vector__
 *(.init1)
 .init1         0x0000000000004000        0xc /usr/lib/gcc/msp430/4.6.3/mmpy-16/libcrt0.a(__watchdog_support.o)
                0x0000000000004000                __watchdog_support
 *(.init2)
 .init2         0x000000000000400c        0x4 /usr/lib/gcc/msp430/4.6.3/mmpy-16/libcrt0.a(__init_stack.o)
                0x000000000000400c                __init_stack
 *(.init3)
 .init3         0x0000000000004010        0x0 /usr/lib/gcc/msp430/4.6.3/mmpy-16/libcrt0.a(__low_level_init.o)
                0x0000000000004010                __low_level_init
 *(.init4)
 .init4         0x0000000000004010       0x18 /usr/lib/gcc/msp430/4.6.3/mmpy-16/libcrt0.a(_copy_data.o)
                0x0000000000004010                __do_copy_data
 .init4         0x0000000000004028       0x16 /usr/lib/gcc/msp430/4.6.3/mmpy-16/libcrt0.a(_clear_bss.o)
                0x0000000000004028                __do_clear_bss
 *(.init5)
 *(.init6)
 *(.init7)
 *(.init8)
 *(.init9)
 .init9         0x000000000000403e      0x1c4 build/sky/obj/contiki-main.o
                0x000000000000403e                main
 *(.fini9)
 .fini9         0x0000000000004202        0x0 /usr/lib/gcc/msp430/4.6.3/mmpy-16/libcrt0.a(__stop_progExec__.o)
                0x0000000000004202                __stop_progExec__
 *(.fini8)
 *(.fini7)
 *(.fini6)
 *(.fini5)
 *(.fini4)
 *(.fini3)
 *(.fini2)
 *(.fini1)
 *(.fini0)
 .fini0         0x0000000000004202        0x6 /usr/lib/gcc/msp430/4.6.3/mmpy-16/libcrt0.a(_endless_loop__.o)
                0x0000000000004202                _endless_loop__
 *(.fini .fini.*)
                0x0000000000004208                . = ALIGN (0x2)
                0x0000000000004208                __ctors_start = .
 *(.ctors)
                0x0000000000004208                __ctors_end = .
                0x0000000000004208                __dtors_start = .
 *(.dtors)
                0x0000000000004208                __dtors_end = .
                0x0000000000004208                . = ALIGN (0x2)
 *(.text .text.* .gnu.linkonce.t.*)
 .text          0x0000000000004208        0x4 /usr/lib/gcc/msp430/4.6.3/mmpy-16/crt0ivtbl16.o
                0x0000000000004208                __isr_14
                0x0000000000004208                __isr_11
                0x0000000000004208                __isr_2
                0x0000000000004208                __isr_7
                0x0000000000004208                __isr_0
                0x0000000000004208                __isr_8
                0x0000000000004208                __isr_3
                0x0000000000004208                __isr_12
                0x0000000000004208                __isr_13
                0x0000000000004208                __isr_9
 .text.process_thread_start_iotorii_root
                0x000000000000420c       0x1a iotorii-root.o
 .text.on       0x0000000000004226        0x6 build/sky/obj/../iotorii-csma.o
 .text.off      0x000000000000422c        0x6 build/sky/obj/../iotorii-csma.o
 .text.max_payload
                0x0000000000004232       0x16 build/sky/obj/../iotorii-csma.o
 .text.send_packet
                0x0000000000004248        0x6 build/sky/obj/../iotorii-csma.o
 .text.init     0x000000000000424e       0x80 build/sky/obj/../iotorii-csma.o
 .text.iotorii_handle_statistic_timer
                0x00000000000042ce       0x2c build/sky/obj/../iotorii-csma.o
 .text.iotorii_handle_send_sethlmac_timer
                0x00000000000042fa       0xb0 build/sky/obj/../iotorii-csma.o
                0x00000000000042fa                iotorii_handle_send_sethlmac_timer
 .text.iotorii_handle_hello_timer
                0x00000000000043aa       0x3a build/sky/obj/../iotorii-csma.o
 .text.iotorii_send_sethlmac
                0x00000000000043e4      0x18e build/sky/obj/../iotorii-csma.o
                0x00000000000043e4                iotorii_send_sethlmac
 .text.iotorii_handle_sethlmac_timer
                0x0000000000004572       0x4a build/sky/obj/../iotorii-csma.o
 .text.iotorii_handle_incoming_hello
                0x00000000000045bc       0x76 build/sky/obj/../iotorii-csma.o
                0x00000000000045bc                iotorii_handle_incoming_hello
 .text.iotorii_extract_address
                0x0000000000004632       0xe2 build/sky/obj/../iotorii-csma.o
                0x0000000000004632                iotorii_extract_address
 .text.iotorii_handle_incoming_sethlamc
                0x0000000000004714       0x9e build/sky/obj/../iotorii-csma.o
                0x0000000000004714                iotorii_handle_incoming_sethlamc
 .text.iotorii_operation
                0x00000000000047b2       0x1c build/sky/obj/../iotorii-csma.o
                0x00000000000047b2                iotorii_operation
 .text.input_packet
                0x00000000000047ce       0x54 build/sky/obj/../iotorii-csma.o
 .text.hlmac_is_unspecified_addr
                0x0000000000004822       0x12 build/sky/obj/../hlmacaddr.o
                0x0000000000004822                hlmac_is_unspecified_addr
 .text.hlmac_get_len
                0x0000000000004834        0x2 build/sky/obj/../hlmacaddr.o
                0x0000000000004834                hlmac_get_len
 .text.hlmac_create_root_addr
                0x0000000000004836       0x20 build/sky/obj/../hlmacaddr.o
                0x0000000000004836                hlmac_create_root_addr
 .text.hlmac_add_new_id
                0x0000000000004856       0x54 build/sky/obj/../hlmacaddr.o
                0x0000000000004856                hlmac_add_new_id
 .text.hlmac_remove_Last_id
                0x00000000000048aa       0x62 build/sky/obj/../hlmacaddr.o
                0x00000000000048aa                hlmac_remove_Last_id
 .text.hlmac_cmp
                0x000000000000490c       0x7e build/sky/obj/../hlmacaddr.o
                0x000000000000490c                hlmac_cmp
 .text.hlmac_addr_to_str
                0x000000000000498a       0x7a build/sky/obj/../hlmacaddr.o
                0x000000000000498a                hlmac_addr_to_str
 .text.get_addr_index_value
                0x0000000000004a04       0x14 build/sky/obj/../hlmacaddr.o
                0x0000000000004a04                get_addr_index_value
 .text.hlmac_table_init
                0x0000000000004a18        0x6 build/sky/obj/../hlmac-table.o
                0x0000000000004a18                hlmac_table_init
 .text.hlmactable_add
                0x0000000000004a1e       0x5c build/sky/obj/../hlmac-table.o
                0x0000000000004a1e                hlmactable_add
 .text.hlmactable_get_longest_matchhed_prefix
                0x0000000000004a7a       0x7e build/sky/obj/../hlmac-table.o
                0x0000000000004a7a                hlmactable_get_longest_matchhed_prefix
 .text.hlmactable_has_loop
                0x0000000000004af8       0x36 build/sky/obj/../hlmac-table.o
                0x0000000000004af8                hlmactable_has_loop
 .text.hlmactable_calculate_sum_hop
                0x0000000000004b2e       0x1c build/sky/obj/../hlmac-table.o
                0x0000000000004b2e                hlmactable_calculate_sum_hop
 .text.csma_security_create_frame
                0x0000000000004b4a       0x10 build/sky/obj/../csma-security.o
                0x0000000000004b4a                csma_security_create_frame
 .text.csma_security_parse_frame
                0x0000000000004b5a        0x6 build/sky/obj/../csma-security.o
                0x0000000000004b5a                csma_security_parse_frame
 .text.schedule_transmission
                0x0000000000004b60       0x72 build/sky/obj/../csma-output.o
 .text.tx_done  0x0000000000004bd2       0x9a build/sky/obj/../csma-output.o
 .text.transmit_from_queue
                0x0000000000004c6c      0x1ae build/sky/obj/../csma-output.o
 .text.csma_output_packet
                0x0000000000004e1a      0x180 build/sky/obj/../csma-output.o
                0x0000000000004e1a                csma_output_packet
 .text.csma_output_init
                0x0000000000004f9a       0x1a build/sky/obj/../csma-output.o
                0x0000000000004f9a                csma_output_init
 .text.get_object
                0x0000000000004fb4        0x4 build/sky/contiki-ng-sky.a(cc2420.o)
 .text.set_object
                0x0000000000004fb8        0x4 build/sky/contiki-ng-sky.a(cc2420.o)
 .text.strobe   0x0000000000004fbc       0x20 build/sky/contiki-ng-sky.a(cc2420.o)
 .text.getreg   0x0000000000004fdc       0x54 build/sky/contiki-ng-sky.a(cc2420.o)
 .text.setreg   0x0000000000005030       0x52 build/sky/contiki-ng-sky.a(cc2420.o)
 .text.write_ram
                0x0000000000005082       0x80 build/sky/contiki-ng-sky.a(cc2420.o)
 .text.write_fifo_buf
                0x0000000000005102       0x40 build/sky/contiki-ng-sky.a(cc2420.o)
 .text.get_status
                0x0000000000005142       0x24 build/sky/contiki-ng-sky.a(cc2420.o)
 .text.on       0x0000000000005166       0x1a build/sky/contiki-ng-sky.a(cc2420.o)
 .text.cc2420_receiving_packet
                0x0000000000005180        0xe build/sky/contiki-ng-sky.a(cc2420.o)
 .text.pending_packet
                0x000000000000518e        0x8 build/sky/contiki-ng-sky.a(cc2420.o)
 .text.wait_for_transmission
                0x0000000000005196       0x22 build/sky/contiki-ng-sky.a(cc2420.o)
 .text.wait_for_status
                0x00000000000051b8       0x2a build/sky/contiki-ng-sky.a(cc2420.o)
 .text.getrxdata
                0x00000000000051e2       0x56 build/sky/contiki-ng-sky.a(cc2420.o)
 .text.flushrx  0x0000000000005238       0x1a build/sky/contiki-ng-sky.a(cc2420.o)
 .text.off      0x0000000000005252       0x2c build/sky/contiki-ng-sky.a(cc2420.o)
 .text.RELEASE_LOCK
                0x000000000000527e       0x28 build/sky/contiki-ng-sky.a(cc2420.o)
 .text.set_key  0x00000000000052a6       0x18 build/sky/contiki-ng-sky.a(cc2420.o)
 .text.set_frame_filtering
                0x00000000000052be       0x30 build/sky/contiki-ng-sky.a(cc2420.o)
 .text.set_auto_ack
                0x00000000000052ee       0x30 build/sky/contiki-ng-sky.a(cc2420.o)
 .text.set_poll_mode
                0x000000000000531e       0x36 build/sky/contiki-ng-sky.a(cc2420.o)
 .text.cc2420_prepare
                0x0000000000005354       0x46 build/sky/contiki-ng-sky.a(cc2420.o)
 .text.cc2420_on
                0x000000000000539a       0x22 build/sky/contiki-ng-sky.a(cc2420.o)
                0x000000000000539a                cc2420_on
 .text.cc2420_transmit
                0x00000000000053bc       0x66 build/sky/contiki-ng-sky.a(cc2420.o)
 .text.cc2420_send
                0x0000000000005422       0x12 build/sky/contiki-ng-sky.a(cc2420.o)
 .text.cc2420_off
                0x0000000000005434       0x30 build/sky/contiki-ng-sky.a(cc2420.o)
                0x0000000000005434                cc2420_off
 .text.cc2420_cca
                0x0000000000005464       0x5e build/sky/contiki-ng-sky.a(cc2420.o)
 .text.cc2420_read
                0x00000000000054c2       0xc2 build/sky/contiki-ng-sky.a(cc2420.o)
 .text.process_thread_cc2420_process
                0x0000000000005584       0x5e build/sky/contiki-ng-sky.a(cc2420.o)
 .text.encrypt  0x00000000000055e2       0x8e build/sky/contiki-ng-sky.a(cc2420.o)
 .text.cc2420_set_channel
                0x0000000000005670       0x3c build/sky/contiki-ng-sky.a(cc2420.o)
                0x0000000000005670                cc2420_set_channel
 .text.cc2420_set_pan_addr
                0x00000000000056ac       0x4c build/sky/contiki-ng-sky.a(cc2420.o)
                0x00000000000056ac                cc2420_set_pan_addr
 .text.cc2420_interrupt
                0x00000000000056f8       0x18 build/sky/contiki-ng-sky.a(cc2420.o)
                0x00000000000056f8                cc2420_interrupt
 .text.cc2420_set_txpower
                0x0000000000005710       0x2e build/sky/contiki-ng-sky.a(cc2420.o)
                0x0000000000005710                cc2420_set_txpower
 .text.cc2420_get_txpower
                0x000000000000573e       0x1e build/sky/contiki-ng-sky.a(cc2420.o)
                0x000000000000573e                cc2420_get_txpower
 .text.cc2420_rssi
                0x000000000000575c       0x4c build/sky/contiki-ng-sky.a(cc2420.o)
                0x000000000000575c                cc2420_rssi
 .text.get_value
                0x00000000000057a8      0x122 build/sky/contiki-ng-sky.a(cc2420.o)
 .text.cc2420_set_cca_threshold
                0x00000000000058ca       0x16 build/sky/contiki-ng-sky.a(cc2420.o)
                0x00000000000058ca                cc2420_set_cca_threshold
 .text.set_value
                0x00000000000058e0      0x152 build/sky/contiki-ng-sky.a(cc2420.o)
 .text.cc2420_init
                0x0000000000005a32       0xf0 build/sky/contiki-ng-sky.a(cc2420.o)
                0x0000000000005a32                cc2420_init
 .text.cc2420_port1_interrupt
                0x0000000000005b22       0x20 build/sky/contiki-ng-sky.a(cc2420-arch.o)
                0x0000000000005b22                __isr_4
                0x0000000000005b22                cc2420_port1_interrupt
 .text.cc2420_arch_init
                0x0000000000005b42       0x1a build/sky/contiki-ng-sky.a(cc2420-arch.o)
                0x0000000000005b42                cc2420_arch_init
 .text.putchar  0x0000000000005b5c       0x10 build/sky/contiki-ng-sky.a(uart1-putchar.o)
                0x0000000000005b5c                putchar
 .text.platform_init_stage_one
                0x0000000000005b6c       0x12 build/sky/contiki-ng-sky.a(platform.o)
                0x0000000000005b6c                platform_init_stage_one
 .text.platform_init_stage_two
                0x0000000000005b7e       0x6c build/sky/contiki-ng-sky.a(platform.o)
                0x0000000000005b7e                platform_init_stage_two
 .text.platform_init_stage_three
                0x0000000000005bea       0x86 build/sky/contiki-ng-sky.a(platform.o)
                0x0000000000005bea                platform_init_stage_three
 .text.platform_idle
                0x0000000000005c70       0x54 build/sky/contiki-ng-sky.a(platform.o)
                0x0000000000005c70                platform_idle
 .text.msp430_init_dco
                0x0000000000005cc4       0x84 build/sky/contiki-ng-sky.a(msp430.o)
                0x0000000000005cc4                msp430_init_dco
 .text.msp430_add_lpm_req
                0x0000000000005d48        0xc build/sky/contiki-ng-sky.a(msp430.o)
                0x0000000000005d48                msp430_add_lpm_req
 .text.msp430_cpu_init
                0x0000000000005d54       0x2a build/sky/contiki-ng-sky.a(msp430.o)
                0x0000000000005d54                msp430_cpu_init
 .text.splhigh_
                0x0000000000005d7e        0x8 build/sky/contiki-ng-sky.a(msp430.o)
                0x0000000000005d7e                splhigh_
 .text.msp430_sync_dco
                0x0000000000005d86       0x68 build/sky/contiki-ng-sky.a(msp430.o)
                0x0000000000005d86                msp430_sync_dco
 .text.timera1  0x0000000000005dee       0xdc build/sky/contiki-ng-sky.a(clock.o)
                0x0000000000005dee                __isr_5
                0x0000000000005dee                timera1
 .text.clock_time
                0x0000000000005eca       0x1a build/sky/contiki-ng-sky.a(clock.o)
                0x0000000000005eca                clock_time
 .text.clock_init
                0x0000000000005ee4       0x28 build/sky/contiki-ng-sky.a(clock.o)
                0x0000000000005ee4                clock_init
 .text.clock_delay
                0x0000000000005f0c        0xc build/sky/contiki-ng-sky.a(clock.o)
                0x0000000000005f0c                clock_delay
 .text.leds_init
                0x0000000000005f18        0x6 build/sky/contiki-ng-sky.a(leds.o)
                0x0000000000005f18                leds_init
 .text.leds_on  0x0000000000005f1e       0x12 build/sky/contiki-ng-sky.a(leds.o)
                0x0000000000005f1e                leds_on
 .text.leds_off
                0x0000000000005f30       0x12 build/sky/contiki-ng-sky.a(leds.o)
                0x0000000000005f30                leds_off
 .text.leds_arch_init
                0x0000000000005f42        0xe build/sky/contiki-ng-sky.a(leds-arch.o)
                0x0000000000005f42                leds_arch_init
 .text.leds_arch_get
                0x0000000000005f50       0x36 build/sky/contiki-ng-sky.a(leds-arch.o)
                0x0000000000005f50                leds_arch_get
 .text.leds_arch_set
                0x0000000000005f86       0x40 build/sky/contiki-ng-sky.a(leds-arch.o)
                0x0000000000005f86                leds_arch_set
 .text.watchdog_interrupt
                0x0000000000005fc6        0x6 build/sky/contiki-ng-sky.a(watchdog.o)
                0x0000000000005fc6                __isr_10
                0x0000000000005fc6                watchdog_interrupt
 .text.watchdog_start
                0x0000000000005fcc       0x14 build/sky/contiki-ng-sky.a(watchdog.o)
                0x0000000000005fcc                watchdog_start
 .text.watchdog_periodic
                0x0000000000005fe0       0x12 build/sky/contiki-ng-sky.a(watchdog.o)
                0x0000000000005fe0                watchdog_periodic
 .text.watchdog_stop
                0x0000000000005ff2       0x16 build/sky/contiki-ng-sky.a(watchdog.o)
                0x0000000000005ff2                watchdog_stop
 .text.watchdog_init
                0x0000000000006008       0x14 build/sky/contiki-ng-sky.a(watchdog.o)
                0x0000000000006008                watchdog_init
 .text.timera0  0x000000000000601c       0x2e build/sky/contiki-ng-sky.a(rtimer-arch.o)
                0x000000000000601c                __isr_6
                0x000000000000601c                timera0
 .text.rtimer_arch_init
                0x000000000000604a        0xe build/sky/contiki-ng-sky.a(rtimer-arch.o)
                0x000000000000604a                rtimer_arch_init
 .text.rtimer_arch_now
                0x0000000000006058        0xe build/sky/contiki-ng-sky.a(rtimer-arch.o)
                0x0000000000006058                rtimer_arch_now
 .text.rtimer_arch_schedule
                0x0000000000006066        0x6 build/sky/contiki-ng-sky.a(rtimer-arch.o)
                0x0000000000006066                rtimer_arch_schedule
 .text.autostart_start
                0x000000000000606c       0x16 build/sky/contiki-ng-sky.a(autostart.o)
                0x000000000000606c                autostart_start
 .text.log_lladdr
                0x0000000000006082       0x44 build/sky/contiki-ng-sky.a(log.o)
                0x0000000000006082                log_lladdr
 .text.energest_init
                0x00000000000060c6        0x2 build/sky/contiki-ng-sky.a(energest.o)
                0x00000000000060c6                energest_init
 .text.energest_flush
                0x00000000000060c8        0x2 build/sky/contiki-ng-sky.a(energest.o)
                0x00000000000060c8                energest_flush
 .text.update_time
                0x00000000000060ca       0x78 build/sky/contiki-ng-sky.a(etimer.o)
 .text.etimer_request_poll
                0x0000000000006142        0xa build/sky/contiki-ng-sky.a(etimer.o)
                0x0000000000006142                etimer_request_poll
 .text.process_thread_etimer_process
                0x000000000000614c       0xc8 build/sky/contiki-ng-sky.a(etimer.o)
 .text.add_timer
                0x0000000000006214       0x40 build/sky/contiki-ng-sky.a(etimer.o)
 .text.etimer_set
                0x0000000000006254       0x12 build/sky/contiki-ng-sky.a(etimer.o)
                0x0000000000006254                etimer_set
 .text.etimer_reset
                0x0000000000006266       0x12 build/sky/contiki-ng-sky.a(etimer.o)
                0x0000000000006266                etimer_reset
 .text.etimer_expired
                0x0000000000006278        0xe build/sky/contiki-ng-sky.a(etimer.o)
                0x0000000000006278                etimer_expired
 .text.etimer_pending
                0x0000000000006286        0xc build/sky/contiki-ng-sky.a(etimer.o)
                0x0000000000006286                etimer_pending
 .text.etimer_next_expiration_time
                0x0000000000006292       0x16 build/sky/contiki-ng-sky.a(etimer.o)
                0x0000000000006292                etimer_next_expiration_time
 .text.etimer_stop
                0x00000000000062a8       0x3c build/sky/contiki-ng-sky.a(etimer.o)
                0x00000000000062a8                etimer_stop
 .text.node_id_init
                0x00000000000062e4       0x14 build/sky/contiki-ng-sky.a(node-id.o)
                0x00000000000062e4                node_id_init
 .text.process_thread_ctimer_process
                0x00000000000062f8       0xa4 build/sky/contiki-ng-sky.a(ctimer.o)
 .text.ctimer_init
                0x000000000000639c       0x18 build/sky/contiki-ng-sky.a(ctimer.o)
                0x000000000000639c                ctimer_init
 .text.ctimer_set_with_process
                0x00000000000063b4       0x4e build/sky/contiki-ng-sky.a(ctimer.o)
                0x00000000000063b4                ctimer_set_with_process
 .text.ctimer_set
                0x0000000000006402       0x10 build/sky/contiki-ng-sky.a(ctimer.o)
                0x0000000000006402                ctimer_set
 .text.ctimer_reset
                0x0000000000006412       0x30 build/sky/contiki-ng-sky.a(ctimer.o)
                0x0000000000006412                ctimer_reset
 .text.ctimer_stop
                0x0000000000006442       0x28 build/sky/contiki-ng-sky.a(ctimer.o)
                0x0000000000006442                ctimer_stop
 .text.call_process
                0x000000000000646a       0x4a build/sky/contiki-ng-sky.a(process.o)
 .text.exit_process
                0x00000000000064b4       0x96 build/sky/contiki-ng-sky.a(process.o)
 .text.do_poll  0x000000000000654a       0x30 build/sky/contiki-ng-sky.a(process.o)
 .text.process_alloc_event
                0x000000000000657a        0xe build/sky/contiki-ng-sky.a(process.o)
                0x000000000000657a                process_alloc_event
 .text.process_init
                0x0000000000006588       0x18 build/sky/contiki-ng-sky.a(process.o)
                0x0000000000006588                process_init
 .text.process_run
                0x00000000000065a0       0x92 build/sky/contiki-ng-sky.a(process.o)
                0x00000000000065a0                process_run
 .text.process_nevents
                0x0000000000006632        0xe build/sky/contiki-ng-sky.a(process.o)
                0x0000000000006632                process_nevents
 .text.process_post
                0x0000000000006640       0x42 build/sky/contiki-ng-sky.a(process.o)
                0x0000000000006640                process_post
 .text.process_post_synch
                0x0000000000006682       0x12 build/sky/contiki-ng-sky.a(process.o)
                0x0000000000006682                process_post_synch
 .text.process_start
                0x0000000000006694       0x32 build/sky/contiki-ng-sky.a(process.o)
                0x0000000000006694                process_start
 .text.process_poll
                0x00000000000066c6       0x18 build/sky/contiki-ng-sky.a(process.o)
                0x00000000000066c6                process_poll
 .text.rtimer_init
                0x00000000000066de        0x6 build/sky/contiki-ng-sky.a(rtimer.o)
                0x00000000000066de                rtimer_init
 .text.rtimer_run_next
                0x00000000000066e4       0x26 build/sky/contiki-ng-sky.a(rtimer.o)
                0x00000000000066e4                rtimer_run_next
 .text.timer_set
                0x000000000000670a       0x1c build/sky/contiki-ng-sky.a(timer.o)
                0x000000000000670a                timer_set
 .text.timer_expired
                0x0000000000006726       0x2a build/sky/contiki-ng-sky.a(timer.o)
                0x0000000000006726                timer_expired
 .text.timer_reset
                0x0000000000006750       0x1c build/sky/contiki-ng-sky.a(timer.o)
                0x0000000000006750                timer_reset
 .text.stack_check_init
                0x000000000000676c       0x2e build/sky/contiki-ng-sky.a(stack-check.o)
                0x000000000000676c                stack_check_init
 .text.stack_check_get_usage
                0x000000000000679a       0x5a build/sky/contiki-ng-sky.a(stack-check.o)
                0x000000000000679a                stack_check_get_usage
 .text.process_thread_stack_check_process
                0x00000000000067f4       0xec build/sky/contiki-ng-sky.a(stack-check.o)
 .text.list_init
                0x00000000000068e0        0x6 build/sky/contiki-ng-sky.a(list.o)
                0x00000000000068e0                list_init
 .text.list_head
                0x00000000000068e6        0x4 build/sky/contiki-ng-sky.a(list.o)
                0x00000000000068e6                list_head
 .text.list_tail
                0x00000000000068ea       0x12 build/sky/contiki-ng-sky.a(list.o)
                0x00000000000068ea                list_tail
 .text.list_pop
                0x00000000000068fc        0xe build/sky/contiki-ng-sky.a(list.o)
                0x00000000000068fc                list_pop
 .text.list_remove
                0x000000000000690a       0x34 build/sky/contiki-ng-sky.a(list.o)
                0x000000000000690a                list_remove
 .text.list_add
                0x000000000000693e       0x2a build/sky/contiki-ng-sky.a(list.o)
                0x000000000000693e                list_add
 .text.list_length
                0x0000000000006968       0x10 build/sky/contiki-ng-sky.a(list.o)
                0x0000000000006968                list_length
 .text.list_item_next
                0x0000000000006978        0xc build/sky/contiki-ng-sky.a(list.o)
                0x0000000000006978                list_item_next
 .text.memb_init
                0x0000000000006984       0x36 build/sky/contiki-ng-sky.a(memb.o)
                0x0000000000006984                memb_init
 .text.memb_alloc
                0x00000000000069ba       0x3e build/sky/contiki-ng-sky.a(memb.o)
                0x00000000000069ba                memb_alloc
 .text.memb_free
                0x00000000000069f8       0x32 build/sky/contiki-ng-sky.a(memb.o)
                0x00000000000069f8                memb_free
 .text.memb_inmemb
                0x0000000000006a2a       0x2e build/sky/contiki-ng-sky.a(memb.o)
                0x0000000000006a2a                memb_inmemb
 .text.random_init
                0x0000000000006a58        0x6 build/sky/contiki-ng-sky.a(random.o)
                0x0000000000006a58                random_init
 .text.random_rand
                0x0000000000006a5e        0x6 build/sky/contiki-ng-sky.a(random.o)
                0x0000000000006a5e                random_rand
 .text.process_thread_serial_line_process
                0x0000000000006a64       0xa2 build/sky/contiki-ng-sky.a(serial-line.o)
 .text.serial_line_input_byte
                0x0000000000006b06       0x42 build/sky/contiki-ng-sky.a(serial-line.o)
                0x0000000000006b06                serial_line_input_byte
 .text.serial_line_init
                0x0000000000006b48       0x1c build/sky/contiki-ng-sky.a(serial-line.o)
                0x0000000000006b48                serial_line_init
 .text.queuebuf_init
                0x0000000000006b64       0x12 build/sky/contiki-ng-sky.a(queuebuf.o)
                0x0000000000006b64                queuebuf_init
 .text.queuebuf_new_from_packetbuf
                0x0000000000006b76       0x52 build/sky/contiki-ng-sky.a(queuebuf.o)
                0x0000000000006b76                queuebuf_new_from_packetbuf
 .text.queuebuf_update_attr_from_packetbuf
                0x0000000000006bc8       0x12 build/sky/contiki-ng-sky.a(queuebuf.o)
                0x0000000000006bc8                queuebuf_update_attr_from_packetbuf
 .text.queuebuf_free
                0x0000000000006bda       0x2a build/sky/contiki-ng-sky.a(queuebuf.o)
                0x0000000000006bda                queuebuf_free
 .text.queuebuf_to_packetbuf
                0x0000000000006c04       0x32 build/sky/contiki-ng-sky.a(queuebuf.o)
                0x0000000000006c04                queuebuf_to_packetbuf
 .text.packetbuf_hdrreduce
                0x0000000000006c36       0x1a build/sky/contiki-ng-sky.a(packetbuf.o)
                0x0000000000006c36                packetbuf_hdrreduce
 .text.packetbuf_set_datalen
                0x0000000000006c50        0x6 build/sky/contiki-ng-sky.a(packetbuf.o)
                0x0000000000006c50                packetbuf_set_datalen
 .text.packetbuf_hdrptr
                0x0000000000006c56        0x6 build/sky/contiki-ng-sky.a(packetbuf.o)
                0x0000000000006c56                packetbuf_hdrptr
 .text.packetbuf_datalen
                0x0000000000006c5c        0x6 build/sky/contiki-ng-sky.a(packetbuf.o)
                0x0000000000006c5c                packetbuf_datalen
 .text.packetbuf_hdrlen
                0x0000000000006c62        0xa build/sky/contiki-ng-sky.a(packetbuf.o)
                0x0000000000006c62                packetbuf_hdrlen
 .text.packetbuf_dataptr
                0x0000000000006c6c        0xc build/sky/contiki-ng-sky.a(packetbuf.o)
                0x0000000000006c6c                packetbuf_dataptr
 .text.packetbuf_copyto
                0x0000000000006c78       0x46 build/sky/contiki-ng-sky.a(packetbuf.o)
                0x0000000000006c78                packetbuf_copyto
 .text.packetbuf_totlen
                0x0000000000006cbe        0xc build/sky/contiki-ng-sky.a(packetbuf.o)
                0x0000000000006cbe                packetbuf_totlen
 .text.packetbuf_hdralloc
                0x0000000000006cca       0x3a build/sky/contiki-ng-sky.a(packetbuf.o)
                0x0000000000006cca                packetbuf_hdralloc
 .text.packetbuf_attr_clear
                0x0000000000006d04       0x28 build/sky/contiki-ng-sky.a(packetbuf.o)
                0x0000000000006d04                packetbuf_attr_clear
 .text.packetbuf_clear
                0x0000000000006d2c       0x12 build/sky/contiki-ng-sky.a(packetbuf.o)
                0x0000000000006d2c                packetbuf_clear
 .text.packetbuf_copyfrom
                0x0000000000006d3e       0x2e build/sky/contiki-ng-sky.a(packetbuf.o)
                0x0000000000006d3e                packetbuf_copyfrom
 .text.packetbuf_attr_copyto
                0x0000000000006d6c       0x22 build/sky/contiki-ng-sky.a(packetbuf.o)
                0x0000000000006d6c                packetbuf_attr_copyto
 .text.packetbuf_attr_copyfrom
                0x0000000000006d8e       0x24 build/sky/contiki-ng-sky.a(packetbuf.o)
                0x0000000000006d8e                packetbuf_attr_copyfrom
 .text.packetbuf_set_attr
                0x0000000000006db2        0xc build/sky/contiki-ng-sky.a(packetbuf.o)
                0x0000000000006db2                packetbuf_set_attr
 .text.packetbuf_attr
                0x0000000000006dbe        0xa build/sky/contiki-ng-sky.a(packetbuf.o)
                0x0000000000006dbe                packetbuf_attr
 .text.packetbuf_set_addr
                0x0000000000006dc8       0x18 build/sky/contiki-ng-sky.a(packetbuf.o)
                0x0000000000006dc8                packetbuf_set_addr
 .text.packetbuf_addr
                0x0000000000006de0       0x12 build/sky/contiki-ng-sky.a(packetbuf.o)
                0x0000000000006de0                packetbuf_addr
 .text.packetbuf_holds_broadcast
                0x0000000000006df2        0xe build/sky/contiki-ng-sky.a(packetbuf.o)
                0x0000000000006df2                packetbuf_holds_broadcast
 .text.netstack_init
                0x0000000000006e00        0xe build/sky/contiki-ng-sky.a(netstack.o)
                0x0000000000006e00                netstack_init
 .text.linkaddr_copy
                0x0000000000006e0e        0x8 build/sky/contiki-ng-sky.a(linkaddr.o)
                0x0000000000006e0e                linkaddr_copy
 .text.linkaddr_cmp
                0x0000000000006e16       0x12 build/sky/contiki-ng-sky.a(linkaddr.o)
                0x0000000000006e16                linkaddr_cmp
 .text.linkaddr_set_node_addr
                0x0000000000006e28        0xc build/sky/contiki-ng-sky.a(linkaddr.o)
                0x0000000000006e28                linkaddr_set_node_addr
 .text.mac_sequence_is_duplicate
                0x0000000000006e34       0x78 build/sky/contiki-ng-sky.a(mac-sequence.o)
                0x0000000000006e34                mac_sequence_is_duplicate
 .text.mac_sequence_register_seqno
                0x0000000000006eac       0x98 build/sky/contiki-ng-sky.a(mac-sequence.o)
                0x0000000000006eac                mac_sequence_register_seqno
 .text.mac_call_sent_callback
                0x0000000000006f44       0x14 build/sky/contiki-ng-sky.a(mac.o)
                0x0000000000006f44                mac_call_sent_callback
 .text.parse    0x0000000000006f58       0xa0 build/sky/contiki-ng-sky.a(framer-802154.o)
 .text.framer_802154_setup_params
                0x0000000000006ff8       0xb8 build/sky/contiki-ng-sky.a(framer-802154.o)
                0x0000000000006ff8                framer_802154_setup_params
 .text.create_frame
                0x00000000000070b0       0xde build/sky/contiki-ng-sky.a(framer-802154.o)
 .text.create   0x000000000000718e        0x8 build/sky/contiki-ng-sky.a(framer-802154.o)
 .text.hdr_length
                0x0000000000007196        0x8 build/sky/contiki-ng-sky.a(framer-802154.o)
 .text.frame802154_get_pan_id
                0x000000000000719e        0x6 build/sky/contiki-ng-sky.a(frame802154.o)
                0x000000000000719e                frame802154_get_pan_id
 .text.frame802154_has_panid
                0x00000000000071a4       0xdc build/sky/contiki-ng-sky.a(frame802154.o)
                0x00000000000071a4                frame802154_has_panid
 .text.field_len
                0x0000000000007280       0xb2 build/sky/contiki-ng-sky.a(frame802154.o)
 .text.frame802154_is_broadcast_addr
                0x0000000000007332       0x24 build/sky/contiki-ng-sky.a(frame802154.o)
                0x0000000000007332                frame802154_is_broadcast_addr
 .text.frame802154_hdrlen
                0x0000000000007356       0x32 build/sky/contiki-ng-sky.a(frame802154.o)
                0x0000000000007356                frame802154_hdrlen
 .text.frame802154_create_fcf
                0x0000000000007388       0x96 build/sky/contiki-ng-sky.a(frame802154.o)
                0x0000000000007388                frame802154_create_fcf
 .text.frame802154_create
                0x000000000000741e       0xe4 build/sky/contiki-ng-sky.a(frame802154.o)
                0x000000000000741e                frame802154_create
 .text.frame802154_parse_fcf
                0x0000000000007502       0xbe build/sky/contiki-ng-sky.a(frame802154.o)
                0x0000000000007502                frame802154_parse_fcf
 .text.frame802154_parse
                0x00000000000075c0      0x18c build/sky/contiki-ng-sky.a(frame802154.o)
                0x00000000000075c0                frame802154_parse
 .text.init     0x000000000000774c        0x6 build/sky/contiki-ng-sky.a(nullnet.o)
 .text.output   0x0000000000007752       0x42 build/sky/contiki-ng-sky.a(nullnet.o)
 .text.input    0x0000000000007794       0x40 build/sky/contiki-ng-sky.a(nullnet.o)
 .text.init     0x00000000000077d4        0x2 build/sky/contiki-ng-sky.a(nullrouting.o)
 .text.root_set_prefix
                0x00000000000077d6        0x2 build/sky/contiki-ng-sky.a(nullrouting.o)
 .text.root_start
                0x00000000000077d8        0x4 build/sky/contiki-ng-sky.a(nullrouting.o)
 .text.node_is_root
                0x00000000000077dc        0x4 build/sky/contiki-ng-sky.a(nullrouting.o)
 .text.get_root_ipaddr
                0x00000000000077e0        0x4 build/sky/contiki-ng-sky.a(nullrouting.o)
 .text.get_sr_node_ipaddr
                0x00000000000077e4        0x4 build/sky/contiki-ng-sky.a(nullrouting.o)
 .text.leave_network
                0x00000000000077e8        0x2 build/sky/contiki-ng-sky.a(nullrouting.o)
 .text.node_has_joined
                0x00000000000077ea        0x4 build/sky/contiki-ng-sky.a(nullrouting.o)
 .text.node_is_reachable
                0x00000000000077ee        0x4 build/sky/contiki-ng-sky.a(nullrouting.o)
 .text.global_repair
                0x00000000000077f2        0x2 build/sky/contiki-ng-sky.a(nullrouting.o)
 .text.local_repair
                0x00000000000077f4        0x2 build/sky/contiki-ng-sky.a(nullrouting.o)
 .text.ext_header_remove
                0x00000000000077f6        0x4 build/sky/contiki-ng-sky.a(nullrouting.o)
 .text.ext_header_update
                0x00000000000077fa        0x4 build/sky/contiki-ng-sky.a(nullrouting.o)
 .text.ext_header_hbh_update
                0x00000000000077fe        0x4 build/sky/contiki-ng-sky.a(nullrouting.o)
 .text.ext_header_srh_update
                0x0000000000007802        0x4 build/sky/contiki-ng-sky.a(nullrouting.o)
 .text.ext_header_srh_get_next_hop
                0x0000000000007806        0x4 build/sky/contiki-ng-sky.a(nullrouting.o)
 .text.link_callback
                0x000000000000780a        0x2 build/sky/contiki-ng-sky.a(nullrouting.o)
 .text.neighbor_state_changed
                0x000000000000780c        0x2 build/sky/contiki-ng-sky.a(nullrouting.o)
 .text.drop_route
                0x000000000000780e        0x2 build/sky/contiki-ng-sky.a(nullrouting.o)
 .text.is_in_leaf_mode
                0x0000000000007810        0x4 build/sky/contiki-ng-sky.a(nullrouting.o)
 .text.init_platform
                0x0000000000007814        0xc build/sky/contiki-ng-sky.a(contiki-sky-pla)
                0x0000000000007814                init_platform
 .text.status   0x0000000000007820       0x16 build/sky/contiki-ng-sky.a(button-sensor.o)
 .text.configure
                0x0000000000007836       0x52 build/sky/contiki-ng-sky.a(button-sensor.o)
 .text.value    0x0000000000007888       0x22 build/sky/contiki-ng-sky.a(button-sensor.o)
 .text.irq_p2   0x00000000000078aa       0x48 build/sky/contiki-ng-sky.a(button-sensor.o)
                0x00000000000078aa                irq_p2
                0x00000000000078aa                __isr_1
 .text.spi_init
                0x00000000000078f2       0x32 build/sky/contiki-ng-sky.a(spi-legacy.o)
                0x00000000000078f2                spi_init
 .text.owreadb  0x0000000000007924       0x52 build/sky/contiki-ng-sky.a(ds2411.o)
 .text.ds2411_init
                0x0000000000007976      0x122 build/sky/contiki-ng-sky.a(ds2411.o)
                0x0000000000007976                ds2411_init
 .text.xmem_init
                0x0000000000007a98       0x3e build/sky/contiki-ng-sky.a(xmem.o)
                0x0000000000007a98                xmem_init
 .text.process_thread_sensors_process
                0x0000000000007ad6       0xbe build/sky/contiki-ng-sky.a(sensors.o)
 .text.sensors_changed
                0x0000000000007b94       0x2a build/sky/contiki-ng-sky.a(sensors.o)
                0x0000000000007b94                sensors_changed
 .text.handle_rxdma_timer
                0x0000000000007bbe       0x3a build/sky/contiki-ng-sky.a(uart1.o)
 .text.uart1_active
                0x0000000000007bf8       0x1a build/sky/contiki-ng-sky.a(uart1.o)
                0x0000000000007bf8                uart1_active
 .text.uart1_set_input
                0x0000000000007c12       0x20 build/sky/contiki-ng-sky.a(uart1.o)
                0x0000000000007c12                uart1_set_input
 .text.uart1_writeb
                0x0000000000007c32       0x1a build/sky/contiki-ng-sky.a(uart1.o)
                0x0000000000007c32                uart1_writeb
 .text.uart1_init
                0x0000000000007c4c       0xf6 build/sky/contiki-ng-sky.a(uart1.o)
                0x0000000000007c4c                uart1_init
 .text.ringbuf_init
                0x0000000000007d42       0x14 build/sky/contiki-ng-sky.a(ringbuf.o)
                0x0000000000007d42                ringbuf_init
 .text.ringbuf_put
                0x0000000000007d56       0x38 build/sky/contiki-ng-sky.a(ringbuf.o)
                0x0000000000007d56                ringbuf_put
 .text.ringbuf_get
                0x0000000000007d8e       0x34 build/sky/contiki-ng-sky.a(ringbuf.o)
                0x0000000000007d8e                ringbuf_get
 .text.libgcc   0x0000000000007dc2       0x22 /usr/lib/gcc/msp430/4.6.3/mmpy-16/libgcc.a(_udivmod16.o)
                0x0000000000007dc2                __udivhi3
                0x0000000000007dc2                __ext_udivmod16
                0x0000000000007ddc                __umodhi3
 .text.libgcc   0x0000000000007de4       0x40 /usr/lib/gcc/msp430/4.6.3/mmpy-16/libgcc.a(_udivmod32.o)
                0x0000000000007de4                __udivsi3
                0x0000000000007de4                __ext_udivmod32
                0x0000000000007e1a                __umodsi3
 .text          0x0000000000007e24       0x20 /usr/lib/gcc/msp430/4.6.3/../../../../msp430/lib/mmpy-16/libc.a(memcmp.o)
                0x0000000000007e24                memcmp
 .text          0x0000000000007e44       0xfa /usr/lib/gcc/msp430/4.6.3/../../../../msp430/lib/mmpy-16/libc.a(memcpy.o)
                0x0000000000007e44                memcpy
 .text          0x0000000000007f3e       0x6a /usr/lib/gcc/msp430/4.6.3/../../../../msp430/lib/mmpy-16/libc.a(memset.o)
                0x0000000000007f3e                memset
 .text          0x0000000000007fa8      0x114 /usr/lib/gcc/msp430/4.6.3/../../../../msp430/lib/mmpy-16/libc.a(malloc.o)
                0x0000000000007fa8                malloc
                0x00000000000080b4                free
 .text          0x00000000000080bc       0x1e /usr/lib/gcc/msp430/4.6.3/../../../../msp430/lib/mmpy-16/libc.a(printf.o)
                0x00000000000080bc                printf
                0x00000000000080cc                vprintf
 .text          0x00000000000080da       0xbc /usr/lib/gcc/msp430/4.6.3/../../../../msp430/lib/mmpy-16/libc.a(sprintf.o)
                0x0000000000008138                sprintf
                0x0000000000008154                snprintf
                0x000000000000816e                vsprintf
                0x0000000000008184                vsnprintf
 .text          0x0000000000008196      0x836 /usr/lib/gcc/msp430/4.6.3/../../../../msp430/lib/mmpy-16/libc.a(vuprintf.o)
                0x000000000000832e                vuprintf
 .text          0x00000000000089cc       0x2c /usr/lib/gcc/msp430/4.6.3/../../../../msp430/lib/mmpy-16/libc.a(puts.o)
                0x00000000000089cc                puts
 .text          0x00000000000089f8       0x54 /usr/lib/gcc/msp430/4.6.3/../../../../msp430/lib/mmpy-16/libc.a(rand.o)
                0x00000000000089f8                rand_r
                0x0000000000008a1c                rand
                0x0000000000008a42                srand
 .text.libgcc   0x0000000000008a4c       0x2c /usr/lib/gcc/msp430/4.6.3/mmpy-16/libgcc.a(_mulsi3.o)
                0x0000000000008a4c                __mulsi3
 .text.libgcc   0x0000000000008a78       0xf0 /usr/lib/gcc/msp430/4.6.3/mmpy-16/libgcc.a(_udivmod64.o)
                0x0000000000008a78                __xabi_udivmod64
                0x0000000000008ad6                __udivdi3
                0x0000000000008afc                __umoddi3
                0x0000000000008b2a                __udivmoddi4
 .text.crt0     0x0000000000008b68        0x2 /usr/lib/gcc/msp430/4.6.3/mmpy-16/libcrt0.a(_unexpected_.o)
                0x0000000000008b68                _unexpected_
                0x0000000000008b6a                . = ALIGN (0x2)

.rodata         0x0000000000008b6a      0x540
                0x0000000000008b6a                . = ALIGN (0x2)
 *(.rodata .rodata.* .gnu.linkonce.r.*)
 .rodata        0x0000000000008b6a       0x22 iotorii-root.o
                0x0000000000008b6a                autostart_processes
 .rodata        0x0000000000008b8c      0x1ae build/sky/obj/../iotorii-csma.o
                0x0000000000008d2c                iotorii_csma_driver
 .rodata        0x0000000000008d3a        0xc build/sky/obj/../hlmacaddr.o
                0x0000000000008d42                UNSPECIFIED_HLMAC_ADDRESS
 .rodata        0x0000000000008d46       0x3e build/sky/obj/../hlmac-table.o
 .rodata        0x0000000000008d84       0xcf build/sky/obj/contiki-main.o
 *fill*         0x0000000000008e53        0x1 00
 .rodata        0x0000000000008e54       0x80 build/sky/contiki-ng-sky.a(cc2420.o)
                0x0000000000008e96                cc2420_aes_128_driver
                0x0000000000008e9a                cc2420_driver
 .rodata        0x0000000000008ed4       0x31 build/sky/contiki-ng-sky.a(platform.o)
 *fill*         0x0000000000008f05        0x1 00
 .rodata        0x0000000000008f06       0x9a build/sky/contiki-ng-sky.a(log.o)
 .rodata        0x0000000000008fa0        0xc build/sky/contiki-ng-sky.a(etimer.o)
 .rodata        0x0000000000008fac        0xf build/sky/contiki-ng-sky.a(ctimer.o)
 .rodata        0x0000000000008fbb       0x6a build/sky/contiki-ng-sky.a(stack-check.o)
 .rodata        0x0000000000009025        0xe build/sky/contiki-ng-sky.a(serial-line.o)
 *fill*         0x0000000000009033        0x1 00
 .rodata        0x0000000000009034        0x8 build/sky/contiki-ng-sky.a(linkaddr.o)
                0x0000000000009034                linkaddr_null
 .rodata        0x000000000000903c        0x6 build/sky/contiki-ng-sky.a(framer-802154.o)
                0x000000000000903c                framer_802154
 .rodata        0x0000000000009042        0x2 build/sky/contiki-ng-sky.a(frame802154.o)
 .rodata        0x0000000000009044       0x10 build/sky/contiki-ng-sky.a(nullnet.o)
                0x000000000000904c                nullnet_driver
 .rodata        0x0000000000009054       0x36 build/sky/contiki-ng-sky.a(nullrouting.o)
                0x0000000000009060                nullrouting_driver
 .rodata        0x000000000000908a       0x10 build/sky/contiki-ng-sky.a(button-sensor.o)
                0x0000000000009092                button_sensor
 .rodata        0x000000000000909a        0x8 build/sky/contiki-ng-sky.a(sensors.o)
 .rodata        0x00000000000090a2        0x7 /usr/lib/gcc/msp430/4.6.3/../../../../msp430/lib/mmpy-16/libc.a(vuprintf.o)
                0x00000000000090aa                . = ALIGN (0x2)
 *fill*         0x00000000000090a9        0x1 00
                0x00000000000090aa                _etext = .

.data           0x0000000000001100       0xcc load address 0x00000000000090aa
                0x0000000000001100                . = ALIGN (0x2)
                0x0000000000001100                PROVIDE (__data_start, .)
 *(.data .data.* .gnu.linkonce.d.*)
 .data          0x0000000000001100        0xa iotorii-root.o
                0x0000000000001100                start_iotorii_root
 .data          0x000000000000110a       0x18 build/sky/obj/../csma-output.o
 .data          0x0000000000001122        0xc build/sky/contiki-ng-sky.a(cc2420.o)
                0x0000000000001122                cc2420_process
 .data          0x000000000000112e        0x2 build/sky/contiki-ng-sky.a(msp430.o)
 .data          0x0000000000001130       0x50 build/sky/contiki-ng-sky.a(log.o)
                0x0000000000001130                all_modules
                0x000000000000117e                curr_log_level_main
 .data          0x0000000000001180        0xa build/sky/contiki-ng-sky.a(etimer.o)
                0x0000000000001180                etimer_process
 .data          0x000000000000118a        0xa build/sky/contiki-ng-sky.a(ctimer.o)
                0x000000000000118a                ctimer_process
 .data          0x0000000000001194        0xa build/sky/contiki-ng-sky.a(stack-check.o)
                0x0000000000001194                stack_check_process
 .data          0x000000000000119e        0xa build/sky/contiki-ng-sky.a(serial-line.o)
                0x000000000000119e                serial_line_process
 .data          0x00000000000011a8       0x10 build/sky/contiki-ng-sky.a(queuebuf.o)
 .data          0x00000000000011b8        0x2 build/sky/contiki-ng-sky.a(frame802154.o)
 .data          0x00000000000011ba        0x4 build/sky/contiki-ng-sky.a(contiki-sky-pla)
                0x00000000000011ba                sensors
 .data          0x00000000000011be        0xa build/sky/contiki-ng-sky.a(sensors.o)
                0x00000000000011be                sensors_process
 .data          0x00000000000011c8        0x4 /usr/lib/gcc/msp430/4.6.3/../../../../msp430/lib/mmpy-16/libc.a(rand.o)
                0x00000000000011cc                . = ALIGN (0x2)
                0x00000000000011cc                _edata = .
                0x00000000000090aa                PROVIDE (__data_load_start, LOADADDR (.data))
                0x00000000000000cc                PROVIDE (__data_size, SIZEOF (.data))

.bss            0x00000000000011cc      0xb2c load address 0x0000000000009176
                0x00000000000011cc                PROVIDE (__bss_start, .)
 *(.bss .bss.*)
 .bss           0x00000000000011cc       0x58 build/sky/obj/../iotorii-csma.o
                0x00000000000011cc                number_of_sethlmac_messages
                0x00000000000011ce                number_of_hello_messages
 .bss           0x0000000000001224        0x2 build/sky/obj/../hlmac-table.o
 .bss           0x0000000000001226       0xbe build/sky/obj/../csma-output.o
 .bss           0x00000000000012e4       0x10 build/sky/contiki-ng-sky.a(cc2420.o)
 .bss           0x00000000000012f4        0x8 build/sky/contiki-ng-sky.a(platform.o)
 .bss           0x00000000000012fc        0xa build/sky/contiki-ng-sky.a(clock.o)
 .bss           0x0000000000001306        0x2 build/sky/contiki-ng-sky.a(watchdog.o)
 .bss           0x0000000000001308       0x16 build/sky/contiki-ng-sky.a(log.o)
                0x0000000000001308                curr_log_level_lwm2m
                0x000000000000130a                curr_log_level_snmp
                0x000000000000130c                curr_log_level_coap
                0x000000000000130e                curr_log_level_6top
                0x0000000000001310                curr_log_level_framer
                0x0000000000001312                curr_log_level_mac
                0x0000000000001314                curr_log_level_nullnet
                0x0000000000001316                curr_log_level_6lowpan
                0x0000000000001318                curr_log_level_ipv6
                0x000000000000131a                curr_log_level_tcpip
                0x000000000000131c                curr_log_level_rpl
 .bss           0x000000000000131e        0x6 build/sky/contiki-ng-sky.a(etimer.o)
 .bss           0x0000000000001324        0x2 build/sky/contiki-ng-sky.a(node-id.o)
                0x0000000000001324                node_id
 .bss           0x0000000000001326        0x4 build/sky/contiki-ng-sky.a(ctimer.o)
 .bss           0x000000000000132a       0xc8 build/sky/contiki-ng-sky.a(process.o)
                0x000000000000132a                process_current
                0x000000000000132c                process_list
 .bss           0x00000000000013f2        0x2 build/sky/contiki-ng-sky.a(rtimer.o)
 .bss           0x00000000000013f4        0xe build/sky/contiki-ng-sky.a(stack-check.o)
 .bss           0x0000000000001402      0x10a build/sky/contiki-ng-sky.a(serial-line.o)
 .bss           0x000000000000150c      0x580 build/sky/contiki-ng-sky.a(queuebuf.o)
 .bss           0x0000000000001a8c       0x86 build/sky/contiki-ng-sky.a(packetbuf.o)
 .bss           0x0000000000001b12       0xe0 build/sky/contiki-ng-sky.a(mac-sequence.o)
 .bss           0x0000000000001bf2        0x2 build/sky/contiki-ng-sky.a(framer-802154.o)
 .bss           0x0000000000001bf4        0x2 build/sky/contiki-ng-sky.a(nullnet.o)
 .bss           0x0000000000001bf6        0x8 build/sky/contiki-ng-sky.a(button-sensor.o)
 .bss           0x0000000000001bfe        0x6 build/sky/contiki-ng-sky.a(sensors.o)
 .bss           0x0000000000001c04       0x9a build/sky/contiki-ng-sky.a(uart1.o)
 .bss           0x0000000000001c9e        0x1 /usr/lib/gcc/msp430/4.6.3/../../../../msp430/lib/mmpy-16/libc.a(malloc.o)
 *fill*         0x0000000000001c9f        0x1 00
 .bss           0x0000000000001ca0        0x4 /usr/lib/gcc/msp430/4.6.3/../../../../msp430/lib/mmpy-16/libc.a(sprintf.o)
 *(COMMON)
 COMMON         0x0000000000001ca4        0x2 build/sky/obj/../iotorii-csma.o
                0x0000000000001ca4                number_of_hlmac_addresses
                0x0000000000001ca5                number_of_neighbours
 COMMON         0x0000000000001ca6        0xc build/sky/contiki-ng-sky.a(cc2420.o)
                0x0000000000001ca6                cc2420_last_rssi
                0x0000000000001ca8                cc2420_sfd_start_time
                0x0000000000001caa                cc2420_last_correlation
                0x0000000000001cac                cc2420_authority_level_of_sender
                0x0000000000001cae                cc2420_sfd_counter
                0x0000000000001cb0                cc2420_sfd_end_time
 COMMON         0x0000000000001cb2        0x2 build/sky/contiki-ng-sky.a(msp430.o)
                0x0000000000001cb2                msp430_dco_required
 COMMON         0x0000000000001cb4        0x1 build/sky/contiki-ng-sky.a(serial-line.o)
                0x0000000000001cb4                serial_line_event_message
 *fill*         0x0000000000001cb5        0x1 00
 COMMON         0x0000000000001cb6       0x2a build/sky/contiki-ng-sky.a(packetbuf.o)
                0x0000000000001cb6                packetbuf_addrs
                0x0000000000001cc6                packetbuf_attrs
 COMMON         0x0000000000001ce0        0x8 build/sky/contiki-ng-sky.a(linkaddr.o)
                0x0000000000001ce0                linkaddr_node_addr
 COMMON         0x0000000000001ce8        0x4 build/sky/contiki-ng-sky.a(nullnet.o)
                0x0000000000001ce8                nullnet_buf
                0x0000000000001cea                nullnet_len
 COMMON         0x0000000000001cec        0x2 build/sky/contiki-ng-sky.a(contiki-sky-pla)
                0x0000000000001cec                sensors_flags
 COMMON         0x0000000000001cee        0x8 build/sky/contiki-ng-sky.a(ds2411.o)
                0x0000000000001cee                ds2411_id
 COMMON         0x0000000000001cf6        0x1 build/sky/contiki-ng-sky.a(sensors.o)
                0x0000000000001cf6                sensors_event
                0x0000000000001cf8                . = ALIGN (0x2)
 *fill*         0x0000000000001cf7        0x1 00
                0x0000000000001cf8                PROVIDE (__bss_end, .)
                0x0000000000000b2c                PROVIDE (__bss_size, SIZEOF (.bss))

.noinit         0x0000000000001cf8        0x2 load address 0x0000000000009176
                0x0000000000001cf8                PROVIDE (__noinit_start, .)
 *(.noinit .noinit.*)
 .noinit.crt0   0x0000000000001cf8        0x2 /usr/lib/gcc/msp430/4.6.3/mmpy-16/libcrt0.a(__watchdog_support.o)
                0x0000000000001cf8                __wdt_clear_value
                0x0000000000001cfa                . = ALIGN (0x2)
                0x0000000000001cfa                PROVIDE (__noinit_end, .)
                0x0000000000001cfa                . = ALIGN (0x2)
                0x0000000000001cfa                _end = .

.infomem        0x0000000000001000        0x0
 *(.infomem)
                0x0000000000001000                . = ALIGN (0x2)
 *(.infomem.*)

.infomemnobits  0x0000000000001000        0x0
 *(.infomemnobits)
                0x0000000000001000                . = ALIGN (0x2)
 *(.infomemnobits.*)

.infoa
 *(.infoa .infoa.*)

.infob
 *(.infob .infob.*)

.infoc
 *(.infoc .infoc.*)

.infod
 *(.infod .infod.*)

.vectors        0x000000000000ffe0       0x20
                0x000000000000ffe0                PROVIDE (__vectors_start, .)
 *(.vectors*)
 .vectors       0x000000000000ffe0       0x20 /usr/lib/gcc/msp430/4.6.3/mmpy-16/crt0ivtbl16.o
                0x000000000000ffe0                __ivtbl_16
                0x0000000000010000                _vectors_end = .

.fartext        0x0000000000000000        0x0
                0x0000000000000000                . = ALIGN (0x2)
 *(.fartext)
                0x0000000000000000                . = ALIGN (0x2)
 *(.fartext.*)
                0x0000000000000000                _efartext = .

.profiler
 *(.profiler)

.stab           0x0000000000000000    0x1773c
 *(.stab)
 .stab          0x0000000000000000      0x8d0 iotorii-root.o
 .stab          0x00000000000008d0     0x14dc build/sky/obj/../iotorii-csma.o
                                       0x1af4 (size before relaxing)
 .stab          0x0000000000001dac      0xa98 build/sky/obj/../hlmacaddr.o
                                        0xe88 (size before relaxing)
 .stab          0x0000000000002844      0x63c build/sky/obj/../hlmac-table.o
                                        0xbdc (size before relaxing)
 .stab          0x0000000000002e80      0x3d8 build/sky/obj/../csma-security.o
                                        0xd44 (size before relaxing)
 .stab          0x0000000000003258      0xc6c build/sky/obj/../csma-output.o
                                       0x15fc (size before relaxing)
 .stab          0x0000000000003ec4     0x1398 build/sky/obj/contiki-main.o
                                       0x19b0 (size before relaxing)
 .stab          0x000000000000525c     0x2b50 build/sky/contiki-ng-sky.a(cc2420.o)
                                       0x2fe8 (size before relaxing)
 .stab          0x0000000000007dac      0x444 build/sky/contiki-ng-sky.a(cc2420-arch.o)
                                       0x1200 (size before relaxing)
 .stab          0x00000000000081f0      0x228 build/sky/contiki-ng-sky.a(uart1-putchar.o)
                                        0x6fc (size before relaxing)
 .stab          0x0000000000008418      0xabc build/sky/contiki-ng-sky.a(platform.o)
                                       0x13bc (size before relaxing)
 .stab          0x0000000000008ed4      0x72c build/sky/contiki-ng-sky.a(msp430.o)
                                        0xa50 (size before relaxing)
 .stab          0x0000000000009600      0x918 build/sky/contiki-ng-sky.a(clock.o)
                                        0xc60 (size before relaxing)
 .stab          0x0000000000009f18      0x480 build/sky/contiki-ng-sky.a(leds.o)
                                        0x840 (size before relaxing)
 .stab          0x000000000000a398      0x3b4 build/sky/contiki-ng-sky.a(leds-arch.o)
                                        0x774 (size before relaxing)
 .stab          0x000000000000a74c      0x3e4 build/sky/contiki-ng-sky.a(watchdog.o)
                                        0x708 (size before relaxing)
 .stab          0x000000000000ab30      0x390 build/sky/contiki-ng-sky.a(rtimer-arch.o)
                                        0x6b4 (size before relaxing)
 .stab          0x000000000000aec0      0x2ac build/sky/contiki-ng-sky.a(autostart.o)
                                        0x5d0 (size before relaxing)
 .stab          0x000000000000b16c      0x720 build/sky/contiki-ng-sky.a(log.o)
                                        0xeb8 (size before relaxing)
 .stab          0x000000000000b88c      0x288 build/sky/contiki-ng-sky.a(energest.o)
                                        0x5d0 (size before relaxing)
 .stab          0x000000000000bb14      0xad4 build/sky/contiki-ng-sky.a(etimer.o)
                                        0xdf8 (size before relaxing)
 .stab          0x000000000000c5e8      0x270 build/sky/contiki-ng-sky.a(node-id.o)
                                        0x9cc (size before relaxing)
 .stab          0x000000000000c858      0x828 build/sky/contiki-ng-sky.a(ctimer.o)
                                        0xb64 (size before relaxing)
 .stab          0x000000000000d080      0xb94 build/sky/contiki-ng-sky.a(process.o)
                                       0x10a4 (size before relaxing)
 .stab          0x000000000000dc14      0x354 build/sky/contiki-ng-sky.a(rtimer.o)
                                        0x678 (size before relaxing)
 .stab          0x000000000000df68      0x3b4 build/sky/contiki-ng-sky.a(timer.o)
                                        0x6d8 (size before relaxing)
 .stab          0x000000000000e31c      0x5dc build/sky/contiki-ng-sky.a(stack-check.o)
                                        0xb10 (size before relaxing)
 .stab          0x000000000000e8f8      0x990 build/sky/contiki-ng-sky.a(list.o)
                                        0xe7c (size before relaxing)
 .stab          0x000000000000f288      0x5ac build/sky/contiki-ng-sky.a(memb.o)
                                        0xab0 (size before relaxing)
 .stab          0x000000000000f834      0x1e0 build/sky/contiki-ng-sky.a(random.o)
                                        0x528 (size before relaxing)
 .stab          0x000000000000fa14      0x528 build/sky/contiki-ng-sky.a(serial-line.o)
                                        0x9fc (size before relaxing)
 .stab          0x000000000000ff3c      0x990 build/sky/contiki-ng-sky.a(queuebuf.o)
                                       0x1794 (size before relaxing)
 .stab          0x00000000000108cc      0xc30 build/sky/contiki-ng-sky.a(packetbuf.o)
                                       0x1a40 (size before relaxing)
 .stab          0x00000000000114fc      0x444 build/sky/contiki-ng-sky.a(netstack.o)
                                        0x8d0 (size before relaxing)
 .stab          0x0000000000011940      0x324 build/sky/contiki-ng-sky.a(linkaddr.o)
                                        0x810 (size before relaxing)
 .stab          0x0000000000011c64      0x570 build/sky/contiki-ng-sky.a(mac-sequence.o)
                                       0x1380 (size before relaxing)
 .stab          0x00000000000121d4      0x294 build/sky/contiki-ng-sky.a(mac.o)
                                        0x864 (size before relaxing)
 .stab          0x0000000000012468      0x9c0 build/sky/contiki-ng-sky.a(framer-802154.o)
                                        0xffc (size before relaxing)
 .stab          0x0000000000012e28     0x11d0 build/sky/contiki-ng-sky.a(frame802154.o)
                                       0x1974 (size before relaxing)
 .stab          0x0000000000013ff8      0x528 build/sky/contiki-ng-sky.a(nullnet.o)
                                        0xdbc (size before relaxing)
 .stab          0x0000000000014520      0x8e8 build/sky/contiki-ng-sky.a(nullrouting.o)
                                       0x13b0 (size before relaxing)
 .stab          0x0000000000014e08      0x24c build/sky/contiki-ng-sky.a(contiki-sky-pla)
                                        0x570 (size before relaxing)
 .stab          0x0000000000015054      0x42c build/sky/contiki-ng-sky.a(button-sensor.o)
                                        0x768 (size before relaxing)
 .stab          0x0000000000015480      0x264 build/sky/contiki-ng-sky.a(spi-legacy.o)
                                        0x588 (size before relaxing)
 .stab          0x00000000000156e4      0x60c build/sky/contiki-ng-sky.a(ds2411.o)
                                        0xaf8 (size before relaxing)
 .stab          0x0000000000015cf0      0x9d8 build/sky/contiki-ng-sky.a(xmem.o)
                                        0xed0 (size before relaxing)
 .stab          0x00000000000166c8      0x63c build/sky/contiki-ng-sky.a(sensors.o)
                                        0xb28 (size before relaxing)
 .stab          0x0000000000016d04      0x5dc build/sky/contiki-ng-sky.a(uart1.o)
                                        0x918 (size before relaxing)
 .stab          0x00000000000172e0      0x45c build/sky/contiki-ng-sky.a(ringbuf.o)
                                        0x798 (size before relaxing)

.stabstr        0x0000000000000000    0x14908
 *(.stabstr)
 .stabstr       0x0000000000000000    0x14908 iotorii-root.o

.stab.excl
 *(.stab.excl)

.stab.exclstr
 *(.stab.exclstr)

.stab.index
 *(.stab.index)

.stab.indexstr
 *(.stab.indexstr)

.comment
 *(.comment)

.debug
 *(.debug)

.line
 *(.line)

.debug_srcinfo
 *(.debug_srcinfo)

.debug_sfnames
 *(.debug_sfnames)

.debug_aranges  0x0000000000000000      0x1a4
 *(.debug_aranges)
 .debug_aranges
                0x0000000000000000       0x14 /usr/lib/gcc/msp430/4.6.3/mmpy-16/libgcc.a(_udivmod16.o)
 .debug_aranges
                0x0000000000000014       0x14 /usr/lib/gcc/msp430/4.6.3/mmpy-16/libgcc.a(_udivmod32.o)
 .debug_aranges
                0x0000000000000028       0x14 /usr/lib/gcc/msp430/4.6.3/../../../../msp430/lib/mmpy-16/libc.a(strcmp.o)
 .debug_aranges
                0x000000000000003c       0x14 /usr/lib/gcc/msp430/4.6.3/../../../../msp430/lib/mmpy-16/libc.a(strncmp.o)
 .debug_aranges
                0x0000000000000050       0x14 /usr/lib/gcc/msp430/4.6.3/../../../../msp430/lib/mmpy-16/libc.a(memcmp.o)
 .debug_aranges
                0x0000000000000064       0x14 /usr/lib/gcc/msp430/4.6.3/../../../../msp430/lib/mmpy-16/libc.a(memcpy.o)
 .debug_aranges
                0x0000000000000078       0x14 /usr/lib/gcc/msp430/4.6.3/../../../../msp430/lib/mmpy-16/libc.a(memset.o)
 .debug_aranges
                0x000000000000008c       0x14 /usr/lib/gcc/msp430/4.6.3/../../../../msp430/lib/mmpy-16/libc.a(malloc.o)
 .debug_aranges
                0x00000000000000a0       0x14 /usr/lib/gcc/msp430/4.6.3/../../../../msp430/lib/mmpy-16/libc.a(printf.o)
 .debug_aranges
                0x00000000000000b4       0x14 /usr/lib/gcc/msp430/4.6.3/../../../../msp430/lib/mmpy-16/libc.a(sprintf.o)
 .debug_aranges
                0x00000000000000c8       0x14 /usr/lib/gcc/msp430/4.6.3/../../../../msp430/lib/mmpy-16/libc.a(vuprintf.o)
 .debug_aranges
                0x00000000000000dc       0x14 /usr/lib/gcc/msp430/4.6.3/../../../../msp430/lib/mmpy-16/libc.a(puts.o)
 .debug_aranges
                0x00000000000000f0       0x14 /usr/lib/gcc/msp430/4.6.3/../../../../msp430/lib/mmpy-16/libc.a(rand.o)
 .debug_aranges
                0x0000000000000104       0x14 /usr/lib/gcc/msp430/4.6.3/mmpy-16/libgcc.a(_mulsi3.o)
 .debug_aranges
                0x0000000000000118       0x14 /usr/lib/gcc/msp430/4.6.3/mmpy-16/libgcc.a(_udivmod64.o)
 .debug_aranges
                0x000000000000012c       0x14 /usr/lib/gcc/msp430/4.6.3/mmpy-16/libcrt0.a(__watchdog_support.o)
 .debug_aranges
                0x0000000000000140       0x14 /usr/lib/gcc/msp430/4.6.3/mmpy-16/libcrt0.a(__init_stack.o)
 .debug_aranges
                0x0000000000000154       0x14 /usr/lib/gcc/msp430/4.6.3/mmpy-16/libcrt0.a(_copy_data.o)
 .debug_aranges
                0x0000000000000168       0x14 /usr/lib/gcc/msp430/4.6.3/mmpy-16/libcrt0.a(_clear_bss.o)
 .debug_aranges
                0x000000000000017c       0x14 /usr/lib/gcc/msp430/4.6.3/mmpy-16/libcrt0.a(_endless_loop__.o)
 .debug_aranges
                0x0000000000000190       0x14 /usr/lib/gcc/msp430/4.6.3/mmpy-16/libcrt0.a(_unexpected_.o)

.debug_pubnames
 *(.debug_pubnames)

.debug_info     0x0000000000000000     0x18e3
 *(.debug_info)
 .debug_info    0x0000000000000000       0xec /usr/lib/gcc/msp430/4.6.3/mmpy-16/libgcc.a(_udivmod16.o)
 .debug_info    0x00000000000000ec       0xec /usr/lib/gcc/msp430/4.6.3/mmpy-16/libgcc.a(_udivmod32.o)
 .debug_info    0x00000000000001d8       0xa4 /usr/lib/gcc/msp430/4.6.3/../../../../msp430/lib/mmpy-16/libc.a(strcmp.o)
 .debug_info    0x000000000000027c       0xbb /usr/lib/gcc/msp430/4.6.3/../../../../msp430/lib/mmpy-16/libc.a(strncmp.o)
 .debug_info    0x0000000000000337       0xe8 /usr/lib/gcc/msp430/4.6.3/../../../../msp430/lib/mmpy-16/libc.a(memcmp.o)
 .debug_info    0x000000000000041f      0x113 /usr/lib/gcc/msp430/4.6.3/../../../../msp430/lib/mmpy-16/libc.a(memcpy.o)
 .debug_info    0x0000000000000532       0xfe /usr/lib/gcc/msp430/4.6.3/../../../../msp430/lib/mmpy-16/libc.a(memset.o)
 .debug_info    0x0000000000000630      0x151 /usr/lib/gcc/msp430/4.6.3/../../../../msp430/lib/mmpy-16/libc.a(malloc.o)
 .debug_info    0x0000000000000781      0x105 /usr/lib/gcc/msp430/4.6.3/../../../../msp430/lib/mmpy-16/libc.a(printf.o)
 .debug_info    0x0000000000000886      0x277 /usr/lib/gcc/msp430/4.6.3/../../../../msp430/lib/mmpy-16/libc.a(sprintf.o)
 .debug_info    0x0000000000000afd      0x565 /usr/lib/gcc/msp430/4.6.3/../../../../msp430/lib/mmpy-16/libc.a(vuprintf.o)
 .debug_info    0x0000000000001062       0x96 /usr/lib/gcc/msp430/4.6.3/../../../../msp430/lib/mmpy-16/libc.a(puts.o)
 .debug_info    0x00000000000010f8      0x13f /usr/lib/gcc/msp430/4.6.3/../../../../msp430/lib/mmpy-16/libc.a(rand.o)
 .debug_info    0x0000000000001237       0xec /usr/lib/gcc/msp430/4.6.3/mmpy-16/libgcc.a(_mulsi3.o)
 .debug_info    0x0000000000001323       0xec /usr/lib/gcc/msp430/4.6.3/mmpy-16/libgcc.a(_udivmod64.o)
 .debug_info    0x000000000000140f       0xce /usr/lib/gcc/msp430/4.6.3/mmpy-16/libcrt0.a(__watchdog_support.o)
 .debug_info    0x00000000000014dd       0xce /usr/lib/gcc/msp430/4.6.3/mmpy-16/libcrt0.a(__init_stack.o)
 .debug_info    0x00000000000015ab       0xce /usr/lib/gcc/msp430/4.6.3/mmpy-16/libcrt0.a(_copy_data.o)
 .debug_info    0x0000000000001679       0xce /usr/lib/gcc/msp430/4.6.3/mmpy-16/libcrt0.a(_clear_bss.o)
 .debug_info    0x0000000000001747       0xce /usr/lib/gcc/msp430/4.6.3/mmpy-16/libcrt0.a(_endless_loop__.o)
 .debug_info    0x0000000000001815       0xce /usr/lib/gcc/msp430/4.6.3/mmpy-16/libcrt0.a(_unexpected_.o)
 *(.gnu.linkonce.wi.*)

.debug_abbrev   0x0000000000000000      0x97e
 *(.debug_abbrev)
 .debug_abbrev  0x0000000000000000       0x14 /usr/lib/gcc/msp430/4.6.3/mmpy-16/libgcc.a(_udivmod16.o)
 .debug_abbrev  0x0000000000000014       0x14 /usr/lib/gcc/msp430/4.6.3/mmpy-16/libgcc.a(_udivmod32.o)
 .debug_abbrev  0x0000000000000028       0x60 /usr/lib/gcc/msp430/4.6.3/../../../../msp430/lib/mmpy-16/libc.a(strcmp.o)
 .debug_abbrev  0x0000000000000088       0x7c /usr/lib/gcc/msp430/4.6.3/../../../../msp430/lib/mmpy-16/libc.a(strncmp.o)
 .debug_abbrev  0x0000000000000104       0x9b /usr/lib/gcc/msp430/4.6.3/../../../../msp430/lib/mmpy-16/libc.a(memcmp.o)
 .debug_abbrev  0x000000000000019f       0x97 /usr/lib/gcc/msp430/4.6.3/../../../../msp430/lib/mmpy-16/libc.a(memcpy.o)
 .debug_abbrev  0x0000000000000236       0x9c /usr/lib/gcc/msp430/4.6.3/../../../../msp430/lib/mmpy-16/libc.a(memset.o)
 .debug_abbrev  0x00000000000002d2       0xf8 /usr/lib/gcc/msp430/4.6.3/../../../../msp430/lib/mmpy-16/libc.a(malloc.o)
 .debug_abbrev  0x00000000000003ca       0xd0 /usr/lib/gcc/msp430/4.6.3/../../../../msp430/lib/mmpy-16/libc.a(printf.o)
 .debug_abbrev  0x000000000000049a      0x105 /usr/lib/gcc/msp430/4.6.3/../../../../msp430/lib/mmpy-16/libc.a(sprintf.o)
 .debug_abbrev  0x000000000000059f      0x1ef /usr/lib/gcc/msp430/4.6.3/../../../../msp430/lib/mmpy-16/libc.a(vuprintf.o)
 .debug_abbrev  0x000000000000078e       0x60 /usr/lib/gcc/msp430/4.6.3/../../../../msp430/lib/mmpy-16/libc.a(puts.o)
 .debug_abbrev  0x00000000000007ee       0xf0 /usr/lib/gcc/msp430/4.6.3/../../../../msp430/lib/mmpy-16/libc.a(rand.o)
 .debug_abbrev  0x00000000000008de       0x14 /usr/lib/gcc/msp430/4.6.3/mmpy-16/libgcc.a(_mulsi3.o)
 .debug_abbrev  0x00000000000008f2       0x14 /usr/lib/gcc/msp430/4.6.3/mmpy-16/libgcc.a(_udivmod64.o)
 .debug_abbrev  0x0000000000000906       0x14 /usr/lib/gcc/msp430/4.6.3/mmpy-16/libcrt0.a(__watchdog_support.o)
 .debug_abbrev  0x000000000000091a       0x14 /usr/lib/gcc/msp430/4.6.3/mmpy-16/libcrt0.a(__init_stack.o)
 .debug_abbrev  0x000000000000092e       0x14 /usr/lib/gcc/msp430/4.6.3/mmpy-16/libcrt0.a(_copy_data.o)
 .debug_abbrev  0x0000000000000942       0x14 /usr/lib/gcc/msp430/4.6.3/mmpy-16/libcrt0.a(_clear_bss.o)
 .debug_abbrev  0x0000000000000956       0x14 /usr/lib/gcc/msp430/4.6.3/mmpy-16/libcrt0.a(_endless_loop__.o)
 .debug_abbrev  0x000000000000096a       0x14 /usr/lib/gcc/msp430/4.6.3/mmpy-16/libcrt0.a(_unexpected_.o)

.debug_line     0x0000000000000000      0xe80
 *(.debug_line)
 .debug_line    0x0000000000000000       0xa7 /usr/lib/gcc/msp430/4.6.3/mmpy-16/libgcc.a(_udivmod16.o)
 .debug_line    0x00000000000000a7       0xb6 /usr/lib/gcc/msp430/4.6.3/mmpy-16/libgcc.a(_udivmod32.o)
 .debug_line    0x000000000000015d       0x49 /usr/lib/gcc/msp430/4.6.3/../../../../msp430/lib/mmpy-16/libc.a(strcmp.o)
 .debug_line    0x00000000000001a6       0x75 /usr/lib/gcc/msp430/4.6.3/../../../../msp430/lib/mmpy-16/libc.a(strncmp.o)
 .debug_line    0x000000000000021b       0x73 /usr/lib/gcc/msp430/4.6.3/../../../../msp430/lib/mmpy-16/libc.a(memcmp.o)
 .debug_line    0x000000000000028e       0xe9 /usr/lib/gcc/msp430/4.6.3/../../../../msp430/lib/mmpy-16/libc.a(memcpy.o)
 .debug_line    0x0000000000000377       0xc8 /usr/lib/gcc/msp430/4.6.3/../../../../msp430/lib/mmpy-16/libc.a(memset.o)
 .debug_line    0x000000000000043f       0xbe /usr/lib/gcc/msp430/4.6.3/../../../../msp430/lib/mmpy-16/libc.a(malloc.o)
 .debug_line    0x00000000000004fd       0x72 /usr/lib/gcc/msp430/4.6.3/../../../../msp430/lib/mmpy-16/libc.a(printf.o)
 .debug_line    0x000000000000056f       0x9c /usr/lib/gcc/msp430/4.6.3/../../../../msp430/lib/mmpy-16/libc.a(sprintf.o)
 .debug_line    0x000000000000060b      0x2d2 /usr/lib/gcc/msp430/4.6.3/../../../../msp430/lib/mmpy-16/libc.a(vuprintf.o)
 .debug_line    0x00000000000008dd       0x4d /usr/lib/gcc/msp430/4.6.3/../../../../msp430/lib/mmpy-16/libc.a(puts.o)
 .debug_line    0x000000000000092a       0x4f /usr/lib/gcc/msp430/4.6.3/../../../../msp430/lib/mmpy-16/libc.a(rand.o)
 .debug_line    0x0000000000000979       0xae /usr/lib/gcc/msp430/4.6.3/mmpy-16/libgcc.a(_mulsi3.o)
 .debug_line    0x0000000000000a27       0xfc /usr/lib/gcc/msp430/4.6.3/mmpy-16/libgcc.a(_udivmod64.o)
 .debug_line    0x0000000000000b23       0x8f /usr/lib/gcc/msp430/4.6.3/mmpy-16/libcrt0.a(__watchdog_support.o)
 .debug_line    0x0000000000000bb2       0x8d /usr/lib/gcc/msp430/4.6.3/mmpy-16/libcrt0.a(__init_stack.o)
 .debug_line    0x0000000000000c3f       0x93 /usr/lib/gcc/msp430/4.6.3/mmpy-16/libcrt0.a(_copy_data.o)
 .debug_line    0x0000000000000cd2       0x93 /usr/lib/gcc/msp430/4.6.3/mmpy-16/libcrt0.a(_clear_bss.o)
 .debug_line    0x0000000000000d65       0x8e /usr/lib/gcc/msp430/4.6.3/mmpy-16/libcrt0.a(_endless_loop__.o)
 .debug_line    0x0000000000000df3       0x8d /usr/lib/gcc/msp430/4.6.3/mmpy-16/libcrt0.a(_unexpected_.o)

.debug_frame    0x0000000000000000      0x2c4
 *(.debug_frame)
 .debug_frame   0x0000000000000000       0x1e /usr/lib/gcc/msp430/4.6.3/../../../../msp430/lib/mmpy-16/libc.a(strcmp.o)
 .debug_frame   0x000000000000001e       0x24 /usr/lib/gcc/msp430/4.6.3/../../../../msp430/lib/mmpy-16/libc.a(strncmp.o)
 .debug_frame   0x0000000000000042       0x24 /usr/lib/gcc/msp430/4.6.3/../../../../msp430/lib/mmpy-16/libc.a(memcmp.o)
 .debug_frame   0x0000000000000066       0x38 /usr/lib/gcc/msp430/4.6.3/../../../../msp430/lib/mmpy-16/libc.a(memcpy.o)
 .debug_frame   0x000000000000009e       0x32 /usr/lib/gcc/msp430/4.6.3/../../../../msp430/lib/mmpy-16/libc.a(memset.o)
 .debug_frame   0x00000000000000d0       0x52 /usr/lib/gcc/msp430/4.6.3/../../../../msp430/lib/mmpy-16/libc.a(malloc.o)
 .debug_frame   0x0000000000000122       0x2a /usr/lib/gcc/msp430/4.6.3/../../../../msp430/lib/mmpy-16/libc.a(printf.o)
 .debug_frame   0x000000000000014c       0x68 /usr/lib/gcc/msp430/4.6.3/../../../../msp430/lib/mmpy-16/libc.a(sprintf.o)
 .debug_frame   0x00000000000001b4       0xb0 /usr/lib/gcc/msp430/4.6.3/../../../../msp430/lib/mmpy-16/libc.a(vuprintf.o)
 .debug_frame   0x0000000000000264       0x24 /usr/lib/gcc/msp430/4.6.3/../../../../msp430/lib/mmpy-16/libc.a(puts.o)
 .debug_frame   0x0000000000000288       0x3c /usr/lib/gcc/msp430/4.6.3/../../../../msp430/lib/mmpy-16/libc.a(rand.o)

.debug_str      0x0000000000000000      0x4ae
 *(.debug_str)
 .debug_str     0x0000000000000000       0xc7 /usr/lib/gcc/msp430/4.6.3/../../../../msp430/lib/mmpy-16/libc.a(strcmp.o)
                                        0x100 (size before relaxing)
 .debug_str     0x00000000000000c7       0x22 /usr/lib/gcc/msp430/4.6.3/../../../../msp430/lib/mmpy-16/libc.a(strncmp.o)
                                        0x109 (size before relaxing)
 .debug_str     0x00000000000000e9       0x19 /usr/lib/gcc/msp430/4.6.3/../../../../msp430/lib/mmpy-16/libc.a(memcmp.o)
                                        0x107 (size before relaxing)
 .debug_str     0x0000000000000102       0x34 /usr/lib/gcc/msp430/4.6.3/../../../../msp430/lib/mmpy-16/libc.a(memcpy.o)
                                        0x122 (size before relaxing)
 .debug_str     0x0000000000000136       0x26 /usr/lib/gcc/msp430/4.6.3/../../../../msp430/lib/mmpy-16/libc.a(memset.o)
                                        0x120 (size before relaxing)
 .debug_str     0x000000000000015c       0x5b /usr/lib/gcc/msp430/4.6.3/../../../../msp430/lib/mmpy-16/libc.a(malloc.o)
                                        0x14e (size before relaxing)
 .debug_str     0x00000000000001b7       0x40 /usr/lib/gcc/msp430/4.6.3/../../../../msp430/lib/mmpy-16/libc.a(printf.o)
                                        0x136 (size before relaxing)
 .debug_str     0x00000000000001f7       0x69 /usr/lib/gcc/msp430/4.6.3/../../../../msp430/lib/mmpy-16/libc.a(sprintf.o)
                                        0x19b (size before relaxing)
 .debug_str     0x0000000000000260      0x20f /usr/lib/gcc/msp430/4.6.3/../../../../msp430/lib/mmpy-16/libc.a(vuprintf.o)
                                        0x381 (size before relaxing)
 .debug_str     0x000000000000046f       0x15 /usr/lib/gcc/msp430/4.6.3/../../../../msp430/lib/mmpy-16/libc.a(puts.o)
                                         0xfc (size before relaxing)
 .debug_str     0x0000000000000484       0x2a /usr/lib/gcc/msp430/4.6.3/../../../../msp430/lib/mmpy-16/libc.a(rand.o)
                                        0x11b (size before relaxing)

.debug_loc      0x0000000000000000      0xd30
 *(.debug_loc)
 .debug_loc     0x0000000000000000       0x24 /usr/lib/gcc/msp430/4.6.3/../../../../msp430/lib/mmpy-16/libc.a(strcmp.o)
 .debug_loc     0x0000000000000024       0x38 /usr/lib/gcc/msp430/4.6.3/../../../../msp430/lib/mmpy-16/libc.a(strncmp.o)
 .debug_loc     0x000000000000005c       0x5e /usr/lib/gcc/msp430/4.6.3/../../../../msp430/lib/mmpy-16/libc.a(memcmp.o)
 .debug_loc     0x00000000000000ba      0x1f0 /usr/lib/gcc/msp430/4.6.3/../../../../msp430/lib/mmpy-16/libc.a(memcpy.o)
 .debug_loc     0x00000000000002aa       0xdb /usr/lib/gcc/msp430/4.6.3/../../../../msp430/lib/mmpy-16/libc.a(memset.o)
 .debug_loc     0x0000000000000385      0x12e /usr/lib/gcc/msp430/4.6.3/../../../../msp430/lib/mmpy-16/libc.a(malloc.o)
 .debug_loc     0x00000000000004b3       0x38 /usr/lib/gcc/msp430/4.6.3/../../../../msp430/lib/mmpy-16/libc.a(printf.o)
 .debug_loc     0x00000000000004eb       0xeb /usr/lib/gcc/msp430/4.6.3/../../../../msp430/lib/mmpy-16/libc.a(sprintf.o)
 .debug_loc     0x00000000000005d6      0x705 /usr/lib/gcc/msp430/4.6.3/../../../../msp430/lib/mmpy-16/libc.a(vuprintf.o)
 .debug_loc     0x0000000000000cdb       0x26 /usr/lib/gcc/msp430/4.6.3/../../../../msp430/lib/mmpy-16/libc.a(puts.o)
 .debug_loc     0x0000000000000d01       0x2f /usr/lib/gcc/msp430/4.6.3/../../../../msp430/lib/mmpy-16/libc.a(rand.o)

.debug_macinfo
 *(.debug_macinfo)

.debug_pubtypes
 *(.debug_pubtypes)

.debug_ranges   0x0000000000000000       0x18
 *(.debug_ranges)
 .debug_ranges  0x0000000000000000       0x18 /usr/lib/gcc/msp430/4.6.3/../../../../msp430/lib/mmpy-16/libc.a(vuprintf.o)
                0x0000000000003900                PROVIDE (__stack, (ORIGIN (ram) + 0x2800))
                0x00000000000090aa                PROVIDE (__data_start_rom, _etext)
                0x0000000000009176                PROVIDE (__data_end_rom, (_etext + SIZEOF (.data)))
OUTPUT(build/sky/iotorii-root.sky elf32-msp430)