Archive member included to satisfy reference by file (symbol)

build/cooja/mtype745.a(simEnvChange.o)
                              build/cooja/mtype745.o (simDontFallAsleep)
build/cooja/mtype745.a(cooja_mt.o)
                              build/cooja/mtype745.o (cooja_mt_start)
build/cooja/mtype745.a(cooja_mtarch.o)
                              build/cooja/mtype745.a(cooja_mt.o) (cooja_mtarch_start)
build/cooja/mtype745.a(rtimer-arch.o)
                              build/cooja/mtype745.o (rtimer_arch_check)
build/cooja/mtype745.a(beep.o)
                              build/cooja/mtype745.o (beep_interface)
build/cooja/mtype745.a(leds-arch.o)
                              build/cooja/mtype745.o (leds_interface)
build/cooja/mtype745.a(moteid.o)
                              build/cooja/mtype745.o (moteid_interface)
build/cooja/mtype745.a(pir-sensor.o)
                              build/cooja/mtype745.o (pir_interface)
build/cooja/mtype745.a(rs232.o)
                              build/cooja/mtype745.o (rs232_interface)
build/cooja/mtype745.a(vib-sensor.o)
                              build/cooja/mtype745.o (vib_interface)
build/cooja/mtype745.a(clock.o)
                              build/cooja/mtype745.o (clock_interface)
build/cooja/mtype745.a(cooja-log.o)
                              build/cooja/mtype745.o (simlog_interface)
build/cooja/mtype745.a(cfs-cooja.o)
                              build/cooja/mtype745.o (cfs_interface)
build/cooja/mtype745.a(cooja-radio.o)
                              build/cooja/mtype745.o (radio_interface)
build/cooja/mtype745.a(eeprom.o)
                              build/cooja/mtype745.o (eeprom_interface)
build/cooja/mtype745.a(random.o)
                              build/cooja/obj/../iotorii-csma.o (random_init)
build/cooja/mtype745.a(sensors.o)
                              build/cooja/mtype745.a(pir-sensor.o) (sensors_changed)
build/cooja/mtype745.a(leds.o)
                              build/cooja/mtype745.a(leds-arch.o) (leds_get)
build/cooja/mtype745.a(gpio-hal-arch.o)
                              build/cooja/mtype745.a(leds-arch.o) (gpio_hal_arch_register_pin_callback)
build/cooja/mtype745.a(buttons.o)
                              build/cooja/mtype745.o (button_interface)
build/cooja/mtype745.a(contiki-main.o)
                              build/cooja/mtype745.o (main)
build/cooja/mtype745.a(autostart.o)
                              build/cooja/mtype745.a(contiki-main.o) (autostart_start)
build/cooja/mtype745.a(log.o)
                              build/cooja/mtype745.a(contiki-main.o) (curr_log_level_main)
build/cooja/mtype745.a(energest.o)
                              build/cooja/mtype745.a(contiki-main.o) (energest_init)
build/cooja/mtype745.a(etimer.o)
                              build/cooja/mtype745.a(contiki-main.o) (etimer_process)
build/cooja/mtype745.a(node-id.o)
                              build/cooja/obj/../iotorii-csma.o (node_id)
build/cooja/mtype745.a(ctimer.o)
                              build/cooja/mtype745.a(contiki-main.o) (ctimer_init)
build/cooja/mtype745.a(process.o)
                              build/cooja/mtype745.a(etimer.o) (process_current)
build/cooja/mtype745.a(rtimer.o)
                              build/cooja/mtype745.a(contiki-main.o) (rtimer_init)
build/cooja/mtype745.a(timer.o)
                              build/cooja/mtype745.a(etimer.o) (timer_set)
build/cooja/mtype745.a(list.o)
                              build/cooja/obj/../csma-output.o (list_init)
build/cooja/mtype745.a(memb.o)
                              build/cooja/obj/../csma-output.o (memb_init)
build/cooja/mtype745.a(assert.o)
                              build/cooja/obj/../csma-output.o (_xassert)
build/cooja/mtype745.a(button-hal.o)
                              build/cooja/mtype745.o (button_hal_init)
build/cooja/mtype745.a(serial-line.o)
                              build/cooja/mtype745.a(rs232.o) (serial_line_input_byte)
build/cooja/mtype745.a(gpio-hal.o)
                              build/cooja/mtype745.a(button-hal.o) (gpio_hal_register_handler)
build/cooja/mtype745.a(queuebuf.o)
                              build/cooja/mtype745.a(contiki-main.o) (queuebuf_init)
build/cooja/mtype745.a(packetbuf.o)
                              build/cooja/obj/../iotorii-csma.o (packetbuf_clear)
build/cooja/mtype745.a(netstack.o)
                              build/cooja/mtype745.a(contiki-main.o) (netstack_init)
build/cooja/mtype745.a(linkaddr.o)
                              build/cooja/obj/../iotorii-csma.o (linkaddr_node_addr)
build/cooja/mtype745.a(mac-sequence.o)
                              build/cooja/obj/../iotorii-csma.o (mac_sequence_is_duplicate)
build/cooja/mtype745.a(mac.o)
                              build/cooja/obj/../csma-output.o (mac_call_sent_callback)
build/cooja/mtype745.a(framer-802154.o)
                              build/cooja/obj/../iotorii-csma.o (framer_802154)
build/cooja/mtype745.a(frame802154.o)
[...]
Memory Configuration

Name             Origin             Length             Attributes
*default*        0x0000000000000000 0xffffffffffffffff

Linker script and memory map

LOAD /usr/lib/gcc/x86_64-linux-gnu/9/../../../x86_64-linux-gnu/crti.o
LOAD /usr/lib/gcc/x86_64-linux-gnu/9/crtbeginS.o
LOAD iotorii-root.o
LOAD build/cooja/mtype745.o
LOAD build/cooja/obj/../iotorii-csma.o
LOAD build/cooja/obj/../hlmacaddr.o
LOAD build/cooja/obj/../hlmac-table.o
LOAD build/cooja/obj/../csma-security.o
LOAD build/cooja/obj/../csma-output.o
LOAD build/cooja/mtype745.a
LOAD /usr/lib/gcc/x86_64-linux-gnu/9/libgcc.a
LOAD /usr/lib/gcc/x86_64-linux-gnu/9/libgcc_s.so
START GROUP
LOAD /usr/lib/gcc/x86_64-linux-gnu/9/../../../x86_64-linux-gnu/libgcc_s.so.1
LOAD /usr/lib/gcc/x86_64-linux-gnu/9/libgcc.a
END GROUP
LOAD /usr/lib/gcc/x86_64-linux-gnu/9/../../../x86_64-linux-gnu/libc.so
START GROUP
LOAD /lib/x86_64-linux-gnu/libc.so.6
LOAD /usr/lib/x86_64-linux-gnu/libc_nonshared.a
LOAD /lib/x86_64-linux-gnu/ld-linux-x86-64.so.2
END GROUP
LOAD /usr/lib/gcc/x86_64-linux-gnu/9/libgcc.a
LOAD /usr/lib/gcc/x86_64-linux-gnu/9/libgcc_s.so
START GROUP
LOAD /usr/lib/gcc/x86_64-linux-gnu/9/../../../x86_64-linux-gnu/libgcc_s.so.1
LOAD /usr/lib/gcc/x86_64-linux-gnu/9/libgcc.a
END GROUP
LOAD /usr/lib/gcc/x86_64-linux-gnu/9/crtendS.o
LOAD /usr/lib/gcc/x86_64-linux-gnu/9/../../../x86_64-linux-gnu/crtn.o
                0x00000000000002a8                . = (SEGMENT_START ("text-segment", 0x0) + SIZEOF_HEADERS)

.note.gnu.property
                0x00000000000002a8       0x20
 .note.gnu.property
                0x00000000000002a8       0x20 /usr/lib/gcc/x86_64-linux-gnu/9/../../../x86_64-linux-gnu/crti.o

.note.gnu.build-id
                0x00000000000002c8       0x24
 *(.note.gnu.build-id)
 .note.gnu.build-id
                0x00000000000002c8       0x24 /usr/lib/gcc/x86_64-linux-gnu/9/../../../x86_64-linux-gnu/crti.o

.hash
 *(.hash)

.gnu.hash       0x00000000000002f0      0xc48
 *(.gnu.hash)
 .gnu.hash      0x00000000000002f0      0xc48 /usr/lib/gcc/x86_64-linux-gnu/9/../../../x86_64-linux-gnu/crti.o

.dynsym         0x0000000000000f38     0x2658
 *(.dynsym)
 .dynsym        0x0000000000000f38     0x2658 /usr/lib/gcc/x86_64-linux-gnu/9/../../../x86_64-linux-gnu/crti.o

.dynstr         0x0000000000003590     0x1c3c
 *(.dynstr)
 .dynstr        0x0000000000003590     0x1c3c /usr/lib/gcc/x86_64-linux-gnu/9/../../../x86_64-linux-gnu/crti.o

.gnu.version    0x00000000000051cc      0x332
 *(.gnu.version)
 .gnu.version   0x00000000000051cc      0x332 /usr/lib/gcc/x86_64-linux-gnu/9/../../../x86_64-linux-gnu/crti.o

.gnu.version_d  0x0000000000005500        0x0
 *(.gnu.version_d)
 .gnu.version_d
                0x0000000000005500        0x0 /usr/lib/gcc/x86_64-linux-gnu/9/../../../x86_64-linux-gnu/crti.o

.gnu.version_r  0x0000000000005500       0x40
 *(.gnu.version_r)
 .gnu.version_r
                0x0000000000005500       0x40 /usr/lib/gcc/x86_64-linux-gnu/9/../../../x86_64-linux-gnu/crti.o

.rela.dyn       0x0000000000005540     0x1848
 *(.rela.init)
 *(.rela.text .rela.text.* .rela.gnu.linkonce.t.*)
 .rela.text     0x0000000000005540        0x0 /usr/lib/gcc/x86_64-linux-gnu/9/../../../x86_64-linux-gnu/crti.o
 *(.rela.fini)
 *(.rela.rodata .rela.rodata.* .rela.gnu.linkonce.r.*)
 *(.rela.data .rela.data.* .rela.gnu.linkonce.d.*)
 .rela.data.rel.local
                0x0000000000005540      0x348 /usr/lib/gcc/x86_64-linux-gnu/9/../../../x86_64-linux-gnu/crti.o
 .rela.data.rel.ro
                0x0000000000005888       0x18 /usr/lib/gcc/x86_64-linux-gnu/9/../../../x86_64-linux-gnu/crti.o
 .rela.data.rel
                0x00000000000058a0      0x3a8 /usr/lib/gcc/x86_64-linux-gnu/9/../../../x86_64-linux-gnu/crti.o
 .rela.data.rel.ro.local
                0x0000000000005c48      0x7f8 /usr/lib/gcc/x86_64-linux-gnu/9/../../../x86_64-linux-gnu/crti.o
 *(.rela.tdata .rela.tdata.* .rela.gnu.linkonce.td.*)
 *(.rela.tbss .rela.tbss.* .rela.gnu.linkonce.tb.*)
 *(.rela.ctors)
 *(.rela.dtors)
 *(.rela.got)
 .rela.got      0x0000000000006440      0x918 /usr/lib/gcc/x86_64-linux-gnu/9/../../../x86_64-linux-gnu/crti.o
 *(.rela.bss .rela.bss.* .rela.gnu.linkonce.b.*)
 *(.rela.ldata .rela.ldata.* .rela.gnu.linkonce.l.*)
 *(.rela.lbss .rela.lbss.* .rela.gnu.linkonce.lb.*)
 *(.rela.lrodata .rela.lrodata.* .rela.gnu.linkonce.lr.*)
 *(.rela.ifunc)
 .rela.ifunc    0x0000000000006d58        0x0 /usr/lib/gcc/x86_64-linux-gnu/9/../../../x86_64-linux-gnu/crti.o
 .rela.fini_array
                0x0000000000006d58       0x18 /usr/lib/gcc/x86_64-linux-gnu/9/../../../x86_64-linux-gnu/crti.o
 .rela.init_array
                0x0000000000006d70       0x18 /usr/lib/gcc/x86_64-linux-gnu/9/../../../x86_64-linux-gnu/crti.o

.rela.plt       0x0000000000006d88     0x1158
 *(.rela.plt)
 .rela.plt      0x0000000000006d88     0x1158 /usr/lib/gcc/x86_64-linux-gnu/9/../../../x86_64-linux-gnu/crti.o
 *(.rela.iplt)
                0x0000000000008000                . = ALIGN (CONSTANT (MAXPAGESIZE))

.init           0x0000000000008000       0x1b
 *(SORT_NONE(.init))
 .init          0x0000000000008000       0x16 /usr/lib/gcc/x86_64-linux-gnu/9/../../../x86_64-linux-gnu/crti.o
                0x0000000000008000                _init
 .init          0x0000000000008016        0x5 /usr/lib/gcc/x86_64-linux-gnu/9/../../../x86_64-linux-gnu/crtn.o

.plt            0x0000000000008020      0xba0
 *(.plt)
 .plt           0x0000000000008020      0xba0 /usr/lib/gcc/x86_64-linux-gnu/9/../../../x86_64-linux-gnu/crti.o
 *(.iplt)

.plt.got        0x0000000000008bc0       0x20
 *(.plt.got)
 .plt.got       0x0000000000008bc0       0x20 /usr/lib/gcc/x86_64-linux-gnu/9/../../../x86_64-linux-gnu/crti.o

.plt.sec        0x0000000000008be0      0xb90
 *(.plt.sec)
 .plt.sec       0x0000000000008be0      0xb90 /usr/lib/gcc/x86_64-linux-gnu/9/../../../x86_64-linux-gnu/crti.o

.text           0x0000000000009770     0x9327
 *(.text.unlikely .text.*_unlikely .text.unlikely.*)
 *(.text.exit .text.exit.*)
 *(.text.startup .text.startup.*)
 *(.text.hot .text.hot.*)
 *(SORT_BY_NAME(.text.sorted.*))
 *(.text .stub .text.* .gnu.linkonce.t.*)
 .text          0x0000000000009770        0x0 /usr/lib/gcc/x86_64-linux-gnu/9/../../../x86_64-linux-gnu/crti.o
 .text          0x0000000000009770       0xb9 /usr/lib/gcc/x86_64-linux-gnu/9/crtbeginS.o
 .text          0x0000000000009829       0x4c iotorii-root.o
 .text          0x0000000000009875      0x35e build/cooja/mtype745.o
                0x0000000000009900                platform_init_stage_one
                0x0000000000009915                platform_init_stage_two
                0x000000000000992a                platform_init_stage_three
                0x000000000000993f                platform_main_loop
                0x00000000000099d9                Java_org_contikios_cooja_corecomm_Lib1_init
                0x0000000000009a20                Java_org_contikios_cooja_corecomm_Lib1_getMemory
                0x0000000000009a80                Java_org_contikios_cooja_corecomm_Lib1_setMemory
                0x0000000000009b19                Java_org_contikios_cooja_corecomm_Lib1_tick
                0x0000000000009ba1                Java_org_contikios_cooja_corecomm_Lib1_setReferenceAddress
 .text          0x0000000000009bd3      0xd6e build/cooja/obj/../iotorii-csma.o
                0x0000000000009ce8                iotorii_handle_send_sethlmac_timer
                0x0000000000009e31                iotorii_send_sethlmac
                0x000000000000a3f5                iotorii_handle_incoming_hello
                0x000000000000a4bc                iotorii_extract_address
                0x000000000000a6a5                iotorii_handle_incoming_sethlamc
                0x000000000000a808                iotorii_operation
 .text          0x000000000000a941      0x4f6 build/cooja/obj/../hlmacaddr.o
                0x000000000000a941                hlmac_is_unspecified_addr
                0x000000000000a979                hlmac_get_len
                0x000000000000a998                hlmac_get_address
                0x000000000000aa02                hlmac_create_root_addr
                0x000000000000aa43                hlmac_add_new_id
                0x000000000000ab05                hlmac_remove_Last_id
                0x000000000000abf5                hlmac_cmp
                0x000000000000ad38                get_addr_index_value
                0x000000000000ad97                hlmac_addr_to_str
 .text          0x000000000000ae37      0x2fa build/cooja/obj/../hlmac-table.o
                0x000000000000ae37                hlmac_table_init
                0x000000000000ae4c                hlmactable_add
                0x000000000000af32                hlmactable_has_loop
                0x000000000000afd0                hlmactable_get_longest_matchhed_prefix
                0x000000000000b0e4                hlmactable_calculate_sum_hop
 .text          0x000000000000b131       0x3d build/cooja/obj/../csma-security.o
                0x000000000000b131                csma_security_create_frame
                0x000000000000b157                csma_security_parse_frame
 .text          0x000000000000b16e      0xaba build/cooja/obj/../csma-output.o
                0x000000000000b942                csma_output_packet
                0x000000000000bbf9                csma_output_init
 .text          0x000000000000bc28       0x93 build/cooja/mtype745.a(simEnvChange.o)
                0x000000000000bc28                doActionsBeforeTick
                0x000000000000bc71                doActionsAfterTick
 .text          0x000000000000bcbb       0xab build/cooja/mtype745.a(cooja_mt.o)
                0x000000000000bcbb                cooja_mt_start
                0x000000000000bcfb                cooja_mt_exec
                0x000000000000bd3e                cooja_mt_yield
 .text          0x000000000000bd66      0x10e build/cooja/mtype745.a(cooja_mtarch.o)
                0x000000000000bd66                cooja_mtarch_start
                0x000000000000be09                cooja_sw
                0x000000000000be36                cooja_mtarch_exec
                0x000000000000be64                cooja_mtarch_yield
 .text          0x000000000000be74       0xcc build/cooja/mtype745.a(rtimer-arch.o)
                0x000000000000be74                rtimer_arch_init
                0x000000000000be9a                rtimer_arch_schedule
                0x000000000000bec4                rtimer_arch_next
                0x000000000000bed8                rtimer_arch_pending
                0x000000000000beeb                rtimer_arch_check
                0x000000000000bf2c                rtimer_arch_now
 .text          0x000000000000bf40       0xe6 build/cooja/mtype745.a(beep.o)
                0x000000000000bf40                beep_alarm
                0x000000000000bf5b                beep_beep
                0x000000000000bf73                beep
                0x000000000000bf88                beep_down
                0x000000000000bfa0                beep_on
                0x000000000000bfb5                beep_off
                0x000000000000bfca                beep_spinup
                0x000000000000bfdf                beep_quick
                0x000000000000bff7                beep_long
 .text          0x000000000000c026       0x77 build/cooja/mtype745.a(leds-arch.o)
                0x000000000000c03f                leds_arch_init
 .text          0x000000000000c09d       0x41 build/cooja/mtype745.a(moteid.o)
 .text          0x000000000000c0de       0xfa build/cooja/mtype745.a(pir-sensor.o)
 .text          0x000000000000c1d8      0x194 build/cooja/mtype745.a(rs232.o)
                0x000000000000c1d8                rs232_init
                0x000000000000c1e3                rs232_set_speed
                0x000000000000c1f3                rs232_set_input
                0x000000000000c20d                rs232_send
                0x000000000000c238                rs232_print
                0x000000000000c263                slip_arch_writeb
 .text          0x000000000000c36c       0xfa build/cooja/mtype745.a(vib-sensor.o)
 .text          0x000000000000c466       0x6f build/cooja/mtype745.a(clock.o)
                0x000000000000c466                clock_init
                0x000000000000c471                clock_time
                0x000000000000c485                clock_seconds
                0x000000000000c4b1                clock_delay
 .text          0x000000000000c4d5      0x32a build/cooja/mtype745.a(cooja-log.o)
                0x000000000000c4d5                simlog_char
                0x000000000000c52f                simlog
                0x000000000000c5ce                log_message
                0x000000000000c613                log_set_putchar_with_slip
                0x000000000000c62a                log_putchar
                0x000000000000c6ae                log_puts
                0x000000000000c6db                log_printf
 .text          0x000000000000c7ff      0x39f build/cooja/mtype745.a(cfs-cooja.o)
                0x000000000000c7ff                cfs_open
                0x000000000000c87c                cfs_close
                0x000000000000c891                cfs_read
                0x000000000000c959                cfs_write
                0x000000000000ca6c                cfs_seek
                0x000000000000cb1b                cfs_remove
                0x000000000000cb4b                cfs_opendir
                0x000000000000cb62                cfs_readdir
                0x000000000000cb79                cfs_closedir
 .text          0x000000000000cb9e      0x79f build/cooja/mtype745.a(cooja-radio.o)
                0x000000000000cbfd                radio_set_channel
                0x000000000000cc17                radio_set_txpower
                0x000000000000cc34                radio_signal_strength_last
                0x000000000000cc47                radio_signal_strength_current
                0x000000000000cc5a                radio_LQI
 .text          0x000000000000d33d      0x139 build/cooja/mtype745.a(eeprom.o)
                0x000000000000d33d                eeprom_init
                0x000000000000d348                eeprom_read
                0x000000000000d3d4                eeprom_write
 .text          0x000000000000d476       0x2f build/cooja/mtype745.a(random.o)
                0x000000000000d476                random_init
                0x000000000000d496                random_rand
 .text          0x000000000000d4a5      0x35f build/cooja/mtype745.a(sensors.o)
                0x000000000000d4ee                sensors_first
                0x000000000000d502                sensors_next
                0x000000000000d531                sensors_changed
                0x000000000000d57e                sensors_find
 .text          0x000000000000d804      0x3ad build/cooja/mtype745.a(leds.o)
                0x000000000000d804                leds_init
                0x000000000000d84f                leds_single_on
                0x000000000000d8bc                leds_single_off
                0x000000000000d929                leds_single_toggle
                0x000000000000d961                leds_on
                0x000000000000d9f2                leds_off
                0x000000000000da83                leds_toggle
                0x000000000000dadf                leds_set
                0x000000000000db08                leds_get
 .text          0x000000000000dbb1      0x412 build/cooja/mtype745.a(gpio-hal-arch.o)
                0x000000000000dbb1                gpio_hal_arch_register_pin_callback
                0x000000000000dc58                gpio_hal_arch_init
                0x000000000000dca5                gpio_hal_arch_no_port_interrupt_enable
                0x000000000000dcf2                gpio_hal_arch_no_port_interrupt_disable
                0x000000000000dd3f                gpio_hal_arch_no_port_pin_cfg_set
                0x000000000000dd75                gpio_hal_arch_no_port_pin_cfg_get
                0x000000000000dda9                gpio_hal_arch_no_port_pin_set_input
                0x000000000000ddbc                gpio_hal_arch_no_port_pin_set_output
                0x000000000000ddcf                gpio_hal_arch_no_port_set_pin
                0x000000000000ddf3                gpio_hal_arch_no_port_clear_pin
                0x000000000000de17                gpio_hal_arch_no_port_read_pin
                0x000000000000de44                gpio_hal_arch_no_port_write_pin
                0x000000000000de6e                gpio_hal_arch_no_port_set_pins
                0x000000000000debd                gpio_hal_arch_no_port_clear_pins
                0x000000000000df0c                gpio_hal_arch_no_port_read_pins
                0x000000000000df5a                gpio_hal_arch_no_port_write_pins
 .text          0x000000000000dfc3       0xa8 build/cooja/mtype745.a(buttons.o)
 .text          0x000000000000e06b      0x2e4 build/cooja/mtype745.a(contiki-main.o)
                0x000000000000e06b                main
 .text          0x000000000000e34f       0xbd build/cooja/mtype745.a(autostart.o)
                0x000000000000e34f                autostart_start
                0x000000000000e3b0                autostart_exit
 .text          0x000000000000e40c      0x386 build/cooja/mtype745.a(log.o)
                0x000000000000e40c                log_lladdr
                0x000000000000e48d                log_lladdr_compact
                0x000000000000e509                log_bytes
                0x000000000000e566                log_set_level
                0x000000000000e670                log_get_level
                0x000000000000e727                log_level_to_str
 .text          0x000000000000e792       0x25 build/cooja/mtype745.a(energest.o)
                0x000000000000e792                energest_init
                0x000000000000e79d                energest_flush
                0x000000000000e7a8                energest_get_total_time
 .text          0x000000000000e7b7      0x57c build/cooja/mtype745.a(etimer.o)
                0x000000000000ea5f                etimer_request_poll
                0x000000000000eb11                etimer_set
                0x000000000000eb47                etimer_reset_with_new_interval
                0x000000000000eb82                etimer_reset
                0x000000000000ebad                etimer_restart
                0x000000000000ebd8                etimer_adjust
                0x000000000000ec09                etimer_expired
                0x000000000000ec28                etimer_expiration_time
                0x000000000000ec48                etimer_start_time
                0x000000000000ec5d                etimer_pending
                0x000000000000ec77                etimer_next_expiration_time
                0x000000000000ec98                etimer_stop
 .text          0x000000000000ed33       0x36 build/cooja/mtype745.a(node-id.o)
                0x000000000000ed33                node_id_init
 .text          0x000000000000ed69      0x441 build/cooja/mtype745.a(ctimer.o)
                0x000000000000eecb                ctimer_init
                0x000000000000ef00                ctimer_set
                0x000000000000ef44                ctimer_set_with_process
                0x000000000000effe                ctimer_reset
                0x000000000000f06f                ctimer_restart
                0x000000000000f0e0                ctimer_stop
                0x000000000000f13e                ctimer_expired
 .text          0x000000000000f1aa      0x67a build/cooja/mtype745.a(process.o)
                0x000000000000f1aa                process_alloc_event
                0x000000000000f1c4                process_start
                0x000000000000f435                process_exit
                0x000000000000f461                process_init
                0x000000000000f65e                process_run
                0x000000000000f693                process_nevents
                0x000000000000f6b3                process_post
                0x000000000000f77b                process_post_synch
                0x000000000000f7c9                process_poll
                0x000000000000f806                process_is_running
 .text          0x000000000000f824      0x101 build/cooja/mtype745.a(rtimer.o)
                0x000000000000f824                rtimer_init
                0x000000000000f834                rtimer_set
                0x000000000000f8b5                rtimer_run_next
 .text          0x000000000000f925       0xfb build/cooja/mtype745.a(timer.o)
                0x000000000000f925                timer_set
                0x000000000000f954                timer_reset
                0x000000000000f990                timer_restart
                0x000000000000f9af                timer_expired
                0x000000000000f9ea                timer_remaining
 .text          0x000000000000fa20      0x39b build/cooja/mtype745.a(list.o)
                0x000000000000fa20                list_init
                0x000000000000fa3a                list_head
                0x000000000000fa4f                list_copy
                0x000000000000fa70                list_tail
                0x000000000000fab9                list_add
                0x000000000000fb1d                list_push
                0x000000000000fb60                list_chop
                0x000000000000fbed                list_pop
                0x000000000000fc27                list_remove
                0x000000000000fcb3                list_length
                0x000000000000fcee                list_insert
                0x000000000000fd51                list_item_next
                0x000000000000fd74                list_contains
 .text          0x000000000000fdbb      0x21a build/cooja/mtype745.a(memb.o)
                0x000000000000fdbb                memb_init
                0x000000000000fe1e                memb_alloc
                0x000000000000fe98                memb_free
                0x000000000000ff2b                memb_inmemb
                0x000000000000ff82                memb_numfree
 .text          0x000000000000ffd5       0x31 build/cooja/mtype745.a(assert.o)
                0x000000000000ffd5                _xassert
 .text          0x0000000000010006      0x56b build/cooja/mtype745.a(button-hal.o)
                0x00000000000101cb                button_hal_get_by_id
                0x0000000000010219                button_hal_get_by_index
                0x0000000000010250                button_hal_get_state
                0x00000000000102b3                button_hal_init
 .text          0x0000000000010571      0x229 build/cooja/mtype745.a(serial-line.o)
                0x0000000000010571                serial_line_input_byte
                0x0000000000010763                serial_line_init
 .text          0x000000000001079a      0x181 build/cooja/mtype745.a(gpio-hal.o)
                0x000000000001079a                gpio_hal_register_handler
                0x00000000000107c3                gpio_hal_event_handler
                0x000000000001082e                gpio_hal_init
                0x000000000001084d                gpio_hal_arch_port_toggle_pin
                0x0000000000010884                gpio_hal_arch_port_toggle_pins
                0x00000000000108b5                gpio_hal_arch_no_port_toggle_pin
                0x00000000000108ef                gpio_hal_arch_no_port_toggle_pins
 .text          0x000000000001091b      0x35d build/cooja/mtype745.a(queuebuf.o)
                0x0000000000010930                queuebuf_init
                0x0000000000010953                queuebuf_numfree
                0x0000000000010969                queuebuf_new_from_packetbuf
                0x0000000000010a0f                queuebuf_update_attr_from_packetbuf
                0x0000000000010a52                queuebuf_update_from_packetbuf
                0x0000000000010aae                queuebuf_free
                0x0000000000010b01                queuebuf_to_packetbuf
                0x0000000000010b77                queuebuf_dataptr
                0x0000000000010bbb                queuebuf_datalen
                0x0000000000010beb                queuebuf_addr
                0x0000000000010c32                queuebuf_attr
                0x0000000000010c6d                queuebuf_debug_print
 .text          0x0000000000010c78      0x4a9 build/cooja/mtype745.a(packetbuf.o)
                0x0000000000010c78                packetbuf_clear
                0x0000000000010ca6                packetbuf_copyfrom
                0x0000000000010d00                packetbuf_copyto
                0x0000000000010da7                packetbuf_hdralloc
                0x0000000000010e36                packetbuf_hdrreduce
                0x0000000000010e86                packetbuf_set_datalen
                0x0000000000010ea2                packetbuf_dataptr
                0x0000000000010ec8                packetbuf_hdrptr
                0x0000000000010ed9                packetbuf_datalen
                0x0000000000010eea                packetbuf_hdrlen
                0x0000000000010f06                packetbuf_totlen
                0x0000000000010f29                packetbuf_remaininglen
                0x0000000000010f41                packetbuf_attr_clear
                0x0000000000010fa6                packetbuf_attr_copyto
                0x0000000000010ff1                packetbuf_attr_copyfrom
                0x000000000001103c                packetbuf_set_attr
                0x000000000001106c                packetbuf_attr
                0x000000000001108d                packetbuf_set_addr
                0x00000000000110d3                packetbuf_addr
                0x00000000000110fd                packetbuf_holds_broadcast
 .text          0x0000000000011121      0x12b build/cooja/mtype745.a(netstack.o)
                0x0000000000011121                netstack_process_ip_callback
                0x00000000000111c2                netstack_ip_packet_processor_add
                0x00000000000111f2                uip_ds6_ip_packet_processor_rm
                0x000000000001121b                netstack_init
 .text          0x000000000001124c       0x80 build/cooja/mtype745.a(linkaddr.o)
                0x000000000001124c                linkaddr_copy
                0x000000000001126d                linkaddr_cmp
                0x00000000000112a3                linkaddr_set_node_addr
 .text          0x00000000000112cc      0x1e2 build/cooja/mtype745.a(mac-sequence.o)
                0x00000000000112cc                mac_sequence_is_duplicate
                0x00000000000113b1                mac_sequence_register_seqno
 .text          0x00000000000114ae       0x3a build/cooja/mtype745.a(mac.o)
                0x00000000000114ae                mac_call_sent_callback
 .text          0x00000000000114e8      0x452 build/cooja/mtype745.a(framer-802154.o)
                0x0000000000011683                framer_802154_setup_params
 .text          0x000000000001193a      0xcaa build/cooja/mtype745.a(frame802154.o)
                0x0000000000011968                frame802154_get_pan_id
                0x0000000000011979                frame802154_set_pan_id
                0x0000000000011995                frame802154_has_panid
                0x0000000000011b74                frame802154_check_dest_panid
                0x0000000000011c13                frame802154_is_broadcast_addr
                0x0000000000011c6a                frame802154_extract_linkaddr
                0x0000000000011f04                frame802154_hdrlen
                0x0000000000011f83                frame802154_create_fcf
                0x0000000000012055                frame802154_create
                0x00000000000121ff                frame802154_parse_fcf
                0x00000000000122f6                frame802154_parse
 .text          0x00000000000125e4      0x127 build/cooja/mtype745.a(nullnet.o)
                0x000000000001265b                nullnet_set_input_callback
 .text          0x000000000001270b      0x145 build/cooja/mtype745.a(nullrouting.o)
 .text          0x0000000000012850       0x49 build/cooja/mtype745.a(watchdog.o)
                0x0000000000012850                watchdog_init
                0x000000000001285b                watchdog_start
                0x0000000000012866                watchdog_periodic
                0x0000000000012883                watchdog_stop
                0x000000000001288e                watchdog_reboot
 .text          0x0000000000012899       0x61 build/cooja/mtype745.a(int-master.o)
                0x0000000000012899                int_master_enable
                0x00000000000128ae                int_master_read_and_disable
                0x00000000000128ce                int_master_status_set
                0x00000000000128e5                int_master_is_enabled
 .text          0x00000000000128fa      0x19d build/cooja/mtype745.a(ringbuf.o)
                0x00000000000128fa                ringbuf_init
                0x000000000001293b                ringbuf_put
                0x00000000000129ca                ringbuf_get
                0x0000000000012a48                ringbuf_size
                0x0000000000012a64                ringbuf_elements
 .text          0x0000000000012a97        0x0 /usr/lib/gcc/x86_64-linux-gnu/9/crtendS.o
 .text          0x0000000000012a97        0x0 /usr/lib/gcc/x86_64-linux-gnu/9/../../../x86_64-linux-gnu/crtn.o
 *(.gnu.warning)

.fini           0x0000000000012a98        0xd
 *(SORT_NONE(.fini))
 .fini          0x0000000000012a98        0x8 /usr/lib/gcc/x86_64-linux-gnu/9/../../../x86_64-linux-gnu/crti.o
                0x0000000000012a98                _fini
 .fini          0x0000000000012aa0        0x5 /usr/lib/gcc/x86_64-linux-gnu/9/../../../x86_64-linux-gnu/crtn.o
                [!provide]                        PROVIDE (__etext = .)
                [!provide]                        PROVIDE (_etext = .)
                [!provide]                        PROVIDE (etext = .)
                0x0000000000013000                . = ALIGN (CONSTANT (MAXPAGESIZE))
                0x0000000000013000                . = SEGMENT_START ("rodata-segment", (ALIGN (CONSTANT (MAXPAGESIZE)) + (. & (CONSTANT (MAXPAGESIZE) - 0x1))))

.rodata         0x0000000000013000      0x51c
 *(.rodata .rodata.* .gnu.linkonce.r.*)
 .rodata        0x0000000000013000       0x1e iotorii-root.o
 *fill*         0x000000000001301e        0x2 
 .rodata        0x0000000000013020      0x1b5 build/cooja/obj/../iotorii-csma.o
 *fill*         0x00000000000131d5        0xb 
 .rodata        0x00000000000131e0       0x17 build/cooja/obj/../hlmacaddr.o
                0x00000000000131e0                UNSPECIFIED_HLMAC_ADDRESS
 *fill*         0x00000000000131f7        0x1 
 .rodata        0x00000000000131f8       0x3e build/cooja/obj/../hlmac-table.o
 .rodata        0x0000000000013236       0x11 build/cooja/obj/../csma-output.o
 .rodata        0x0000000000013247        0x6 build/cooja/mtype745.a(leds-arch.o)
                0x0000000000013247                leds_arch_leds
 .rodata        0x000000000001324d        0x4 build/cooja/mtype745.a(pir-sensor.o)
 .rodata        0x0000000000013251        0x6 build/cooja/mtype745.a(rs232.o)
 .rodata        0x0000000000013257        0xa build/cooja/mtype745.a(vib-sensor.o)
 *fill*         0x0000000000013261        0x7 
 .rodata        0x0000000000013268       0x27 build/cooja/mtype745.a(cfs-cooja.o)
 *fill*         0x000000000001328f        0x1 
 .rodata        0x0000000000013290       0x68 build/cooja/mtype745.a(cooja-radio.o)
 .rodata        0x00000000000132f8        0x8 build/cooja/mtype745.a(sensors.o)
 .rodata        0x0000000000013300       0x14 build/cooja/mtype745.a(buttons.o)
                0x000000000001330c                button_hal_button_count
 *fill*         0x0000000000013314        0x4 
 .rodata        0x0000000000013318       0xdc build/cooja/mtype745.a(contiki-main.o)
 .rodata        0x00000000000133f4       0xa8 build/cooja/mtype745.a(log.o)
 .rodata        0x000000000001349c        0xc build/cooja/mtype745.a(etimer.o)
 .rodata        0x00000000000134a8        0xf build/cooja/mtype745.a(ctimer.o)
 *fill*         0x00000000000134b7        0x1 
 .rodata        0x00000000000134b8       0x25 build/cooja/mtype745.a(assert.o)
 .rodata        0x00000000000134dd       0x13 build/cooja/mtype745.a(button-hal.o)
 .rodata        0x00000000000134f0        0xe build/cooja/mtype745.a(serial-line.o)
 *fill*         0x00000000000134fe        0x2 
 .rodata        0x0000000000013500        0x8 build/cooja/mtype745.a(linkaddr.o)
                0x0000000000013500                linkaddr_null
 .rodata        0x0000000000013508        0x8 build/cooja/mtype745.a(nullnet.o)
 .rodata        0x0000000000013510        0xc build/cooja/mtype745.a(nullrouting.o)

.rodata1
 *(.rodata1)

.eh_frame_hdr   0x000000000001351c      0xcbc
 *(.eh_frame_hdr)
 .eh_frame_hdr  0x000000000001351c      0xcbc iotorii-root.o
                0x000000000001351c                __GNU_EH_FRAME_HDR
 *(.eh_frame_entry .eh_frame_entry.*)

.eh_frame       0x00000000000141d8     0x3324
 *(.eh_frame)
 .eh_frame      0x00000000000141d8       0x40 /usr/lib/gcc/x86_64-linux-gnu/9/../../../x86_64-linux-gnu/crti.o
 .eh_frame      0x0000000000014218       0x18 /usr/lib/gcc/x86_64-linux-gnu/9/../../../x86_64-linux-gnu/crti.o
                                         0x30 (size before relaxing)
 .eh_frame      0x0000000000014230       0x18 /usr/lib/gcc/x86_64-linux-gnu/9/../../../x86_64-linux-gnu/crti.o
                                         0x30 (size before relaxing)
 .eh_frame      0x0000000000014248       0x20 iotorii-root.o
                                         0x38 (size before relaxing)
 .eh_frame      0x0000000000014268      0x178 build/cooja/mtype745.o
                                        0x190 (size before relaxing)
 .eh_frame      0x00000000000143e0      0x210 build/cooja/obj/../iotorii-csma.o
                                        0x228 (size before relaxing)
 .eh_frame      0x00000000000145f0      0x128 build/cooja/obj/../hlmacaddr.o
                                        0x140 (size before relaxing)
 .eh_frame      0x0000000000014718       0xa0 build/cooja/obj/../hlmac-table.o
                                         0xb8 (size before relaxing)
 .eh_frame      0x00000000000147b8       0x40 build/cooja/obj/../csma-security.o
                                         0x58 (size before relaxing)
 .eh_frame      0x00000000000147f8      0x1c8 build/cooja/obj/../csma-output.o
                                        0x1e0 (size before relaxing)
 .eh_frame      0x00000000000149c0       0x40 build/cooja/mtype745.a(simEnvChange.o)
                                         0x58 (size before relaxing)
 .eh_frame      0x0000000000014a00       0x60 build/cooja/mtype745.a(cooja_mt.o)
                                         0x78 (size before relaxing)
 .eh_frame      0x0000000000014a60       0x80 build/cooja/mtype745.a(cooja_mtarch.o)
                                         0x98 (size before relaxing)
 .eh_frame      0x0000000000014ae0       0xc0 build/cooja/mtype745.a(rtimer-arch.o)
                                         0xd8 (size before relaxing)
 .eh_frame      0x0000000000014ba0      0x160 build/cooja/mtype745.a(beep.o)
                                        0x178 (size before relaxing)
 .eh_frame      0x0000000000014d00       0x80 build/cooja/mtype745.a(leds-arch.o)
                                         0x98 (size before relaxing)
 .eh_frame      0x0000000000014d80       0x40 build/cooja/mtype745.a(moteid.o)
                                         0x58 (size before relaxing)
 .eh_frame      0x0000000000014dc0       0xa0 build/cooja/mtype745.a(pir-sensor.o)
                                         0xb8 (size before relaxing)
 .eh_frame      0x0000000000014e60      0x100 build/cooja/mtype745.a(rs232.o)
                                        0x118 (size before relaxing)
 .eh_frame      0x0000000000014f60       0xa0 build/cooja/mtype745.a(vib-sensor.o)
                                         0xb8 (size before relaxing)
 .eh_frame      0x0000000000015000       0xc0 build/cooja/mtype745.a(clock.o)
                                         0xd8 (size before relaxing)
 .eh_frame      0x00000000000150c0      0x128 build/cooja/mtype745.a(cooja-log.o)
                                        0x140 (size before relaxing)
 .eh_frame      0x00000000000151e8      0x160 build/cooja/mtype745.a(cfs-cooja.o)
                                        0x178 (size before relaxing)
 .eh_frame      0x0000000000015348      0x360 build/cooja/mtype745.a(cooja-radio.o)
                                        0x378 (size before relaxing)
 .eh_frame      0x00000000000156a8       0xa0 build/cooja/mtype745.a(eeprom.o)
                                         0xb8 (size before relaxing)
 .eh_frame      0x0000000000015748       0x40 build/cooja/mtype745.a(random.o)
                                         0x58 (size before relaxing)
 .eh_frame      0x0000000000015788       0xc0 build/cooja/mtype745.a(sensors.o)
                                         0xd8 (size before relaxing)
 .eh_frame      0x0000000000015848      0x120 build/cooja/mtype745.a(leds.o)
                                        0x138 (size before relaxing)
 .eh_frame      0x0000000000015968      0x220 build/cooja/mtype745.a(gpio-hal-arch.o)
                                        0x238 (size before relaxing)
 .eh_frame      0x0000000000015b88       0xa0 build/cooja/mtype745.a(buttons.o)
                                         0xb8 (size before relaxing)
 .eh_frame      0x0000000000015c28       0x20 build/cooja/mtype745.a(contiki-main.o)
                                         0x38 (size before relaxing)
 .eh_frame      0x0000000000015c48       0x40 build/cooja/mtype745.a(autostart.o)
                                         0x58 (size before relaxing)
 .eh_frame      0x0000000000015c88       0xc0 build/cooja/mtype745.a(log.o)
                                         0xd8 (size before relaxing)
 .eh_frame      0x0000000000015d48       0x60 build/cooja/mtype745.a(energest.o)
                                         0x78 (size before relaxing)
 .eh_frame      0x0000000000015da8      0x1e0 build/cooja/mtype745.a(etimer.o)
                                        0x1f8 (size before relaxing)
 .eh_frame      0x0000000000015f88       0x20 build/cooja/mtype745.a(node-id.o)
                                         0x38 (size before relaxing)
 .eh_frame      0x0000000000015fa8      0x100 build/cooja/mtype745.a(ctimer.o)
                                        0x118 (size before relaxing)
 .eh_frame      0x00000000000160a8      0x1c8 build/cooja/mtype745.a(process.o)
                                        0x1e0 (size before relaxing)
 .eh_frame      0x0000000000016270       0x60 build/cooja/mtype745.a(rtimer.o)
                                         0x78 (size before relaxing)
 .eh_frame      0x00000000000162d0       0xa0 build/cooja/mtype745.a(timer.o)
                                         0xb8 (size before relaxing)
 .eh_frame      0x0000000000016370      0x1a0 build/cooja/mtype745.a(list.o)
                                        0x1b8 (size before relaxing)
 .eh_frame      0x0000000000016510       0xa0 build/cooja/mtype745.a(memb.o)
                                         0xb8 (size before relaxing)
 .eh_frame      0x00000000000165b0       0x20 build/cooja/mtype745.a(assert.o)
                                         0x38 (size before relaxing)
 .eh_frame      0x00000000000165d0      0x160 build/cooja/mtype745.a(button-hal.o)
                                        0x178 (size before relaxing)
 .eh_frame      0x0000000000016730       0x60 build/cooja/mtype745.a(serial-line.o)
                                         0x78 (size before relaxing)
 .eh_frame      0x0000000000016790       0xe0 build/cooja/mtype745.a(gpio-hal.o)
                                         0xf8 (size before relaxing)
 .eh_frame      0x0000000000016870      0x1a0 build/cooja/mtype745.a(queuebuf.o)
                                        0x1b8 (size before relaxing)
 .eh_frame      0x0000000000016a10      0x288 build/cooja/mtype745.a(packetbuf.o)
                                        0x2a0 (size before relaxing)
 .eh_frame      0x0000000000016c98       0x80 build/cooja/mtype745.a(netstack.o)
                                         0x98 (size before relaxing)
 .eh_frame      0x0000000000016d18       0x60 build/cooja/mtype745.a(linkaddr.o)
                                         0x78 (size before relaxing)
 .eh_frame      0x0000000000016d78       0x48 build/cooja/mtype745.a(mac-sequence.o)
                                         0x60 (size before relaxing)
 .eh_frame      0x0000000000016dc0       0x20 build/cooja/mtype745.a(mac.o)
                                         0x38 (size before relaxing)
 .eh_frame      0x0000000000016de0       0xa8 build/cooja/mtype745.a(framer-802154.o)
                                         0xc0 (size before relaxing)
 .eh_frame      0x0000000000016e88      0x1a8 build/cooja/mtype745.a(frame802154.o)
                                        0x1c0 (size before relaxing)
 .eh_frame      0x0000000000017030       0x88 build/cooja/mtype745.a(nullnet.o)
                                         0xa0 (size before relaxing)
 .eh_frame      0x00000000000170b8      0x280 build/cooja/mtype745.a(nullrouting.o)
                                        0x298 (size before relaxing)
 .eh_frame      0x0000000000017338       0xa0 build/cooja/mtype745.a(watchdog.o)
                                         0xb8 (size before relaxing)
 .eh_frame      0x00000000000173d8       0x80 build/cooja/mtype745.a(int-master.o)
                                         0x98 (size before relaxing)
 .eh_frame      0x0000000000017458       0xa0 build/cooja/mtype745.a(ringbuf.o)
                                         0xb8 (size before relaxing)
 .eh_frame      0x00000000000174f8        0x4 /usr/lib/gcc/x86_64-linux-gnu/9/crtendS.o
 *(.eh_frame.*)

.gcc_except_table
 *(.gcc_except_table .gcc_except_table.*)

.gnu_extab
 *(.gnu_extab*)

.exception_ranges
 *(.exception_ranges*)
                0x00000000000187d0                . = DATA_SEGMENT_ALIGN (CONSTANT (MAXPAGESIZE), CONSTANT (COMMONPAGESIZE))

.eh_frame
 *(.eh_frame)
 *(.eh_frame.*)

.gnu_extab
 *(.gnu_extab)

.gcc_except_table
 *(.gcc_except_table .gcc_except_table.*)

.exception_ranges
 *(.exception_ranges*)

.tdata
 *(.tdata .tdata.* .gnu.linkonce.td.*)

.tbss
 *(.tbss .tbss.* .gnu.linkonce.tb.*)
 *(.tcommon)

.preinit_array
 *(.preinit_array)

.init_array     0x00000000000187d0        0x8
 *(SORT_BY_INIT_PRIORITY(.init_array.*) SORT_BY_INIT_PRIORITY(.ctors.*))
 *(.init_array EXCLUDE_FILE(*crtend?.o *crtend.o *crtbegin?.o *crtbegin.o) .ctors)
 .init_array    0x00000000000187d0        0x8 /usr/lib/gcc/x86_64-linux-gnu/9/crtbeginS.o

.fini_array     0x00000000000187d8        0x8
 *(SORT_BY_INIT_PRIORITY(.fini_array.*) SORT_BY_INIT_PRIORITY(.dtors.*))
 *(.fini_array EXCLUDE_FILE(*crtend?.o *crtend.o *crtbegin?.o *crtbegin.o) .dtors)
 .fini_array    0x00000000000187d8        0x8 /usr/lib/gcc/x86_64-linux-gnu/9/crtbeginS.o

.ctors
 *crtbegin.o(.ctors)
 *crtbegin?.o(.ctors)
 *(EXCLUDE_FILE(*crtend?.o *crtend.o) .ctors)
 *(SORT_BY_NAME(.ctors.*))
 *(.ctors)

.dtors
 *crtbegin.o(.dtors)
 *crtbegin?.o(.dtors)
 *(EXCLUDE_FILE(*crtend?.o *crtend.o) .dtors)
 *(SORT_BY_NAME(.dtors.*))
 *(.dtors)

.jcr
 *(.jcr)

.data.rel.ro    0x00000000000187e0      0x340
 *(.data.rel.ro.local* .gnu.linkonce.d.rel.ro.local.*)
 .data.rel.ro.local
                0x00000000000187e0       0x38 build/cooja/obj/../iotorii-csma.o
                0x00000000000187e0                iotorii_csma_driver
 *fill*         0x0000000000018818        0x8 
 .data.rel.ro.local
                0x0000000000018820       0x10 build/cooja/mtype745.a(beep.o)
                0x0000000000018820                beep_interface
 .data.rel.ro.local
                0x0000000000018830       0x10 build/cooja/mtype745.a(leds-arch.o)
                0x0000000000018830                leds_interface
 .data.rel.ro.local
                0x0000000000018840       0x10 build/cooja/mtype745.a(moteid.o)
                0x0000000000018840                moteid_interface
 *fill*         0x0000000000018850       0x10 
 .data.rel.ro.local
                0x0000000000018860       0x40 build/cooja/mtype745.a(pir-sensor.o)
                0x0000000000018860                pir_interface
                0x0000000000018880                pir_sensor
 .data.rel.ro.local
                0x00000000000188a0       0x10 build/cooja/mtype745.a(rs232.o)
                0x00000000000188a0                rs232_interface
 *fill*         0x00000000000188b0       0x10 
 .data.rel.ro.local
                0x00000000000188c0       0x40 build/cooja/mtype745.a(vib-sensor.o)
                0x00000000000188c0                vib_interface
                0x00000000000188e0                vib_sensor
 .data.rel.ro.local
                0x0000000000018900       0x10 build/cooja/mtype745.a(clock.o)
                0x0000000000018900                clock_interface
 .data.rel.ro.local
                0x0000000000018910       0x10 build/cooja/mtype745.a(cooja-log.o)
                0x0000000000018910                simlog_interface
 .data.rel.ro.local
                0x0000000000018920       0x10 build/cooja/mtype745.a(cfs-cooja.o)
                0x0000000000018920                cfs_interface
 *fill*         0x0000000000018930       0x10 
 .data.rel.ro.local
                0x0000000000018940       0x90 build/cooja/mtype745.a(cooja-radio.o)
                0x0000000000018940                radio_interface
                0x0000000000018960                cooja_radio_driver
 .data.rel.ro.local
                0x00000000000189d0       0x10 build/cooja/mtype745.a(eeprom.o)
                0x00000000000189d0                eeprom_interface
 .data.rel.ro.local
                0x00000000000189e0       0x40 build/cooja/mtype745.a(buttons.o)
                0x00000000000189e0                button_interface
                0x0000000000018a00                button_sensor
 .data.rel.ro.local
                0x0000000000018a20       0x18 build/cooja/mtype745.a(framer-802154.o)
                0x0000000000018a20                framer_802154
 *fill*         0x0000000000018a38        0x8 
 .data.rel.ro.local
                0x0000000000018a40       0x20 build/cooja/mtype745.a(nullnet.o)
                0x0000000000018a40                nullnet_driver
 .data.rel.ro.local
                0x0000000000018a60       0xa8 build/cooja/mtype745.a(nullrouting.o)
                0x0000000000018a60                nullrouting_driver
 *(.data.rel.ro .data.rel.ro.* .gnu.linkonce.d.rel.ro.*)
 .data.rel.ro   0x0000000000018b08        0x0 /usr/lib/gcc/x86_64-linux-gnu/9/../../../x86_64-linux-gnu/crti.o
 *fill*         0x0000000000018b08        0x8 
 .data.rel.ro   0x0000000000018b10       0x10 iotorii-root.o
                0x0000000000018b10                autostart_processes

.dynamic        0x0000000000018b20      0x1c0
 *(.dynamic)
 .dynamic       0x0000000000018b20      0x1c0 /usr/lib/gcc/x86_64-linux-gnu/9/../../../x86_64-linux-gnu/crti.o
                0x0000000000018b20                _DYNAMIC

.got            0x0000000000018ce0      0x308
 *(.got)
 .got           0x0000000000018ce0      0x308 /usr/lib/gcc/x86_64-linux-gnu/9/../../../x86_64-linux-gnu/crti.o
 *(.igot)
                0x0000000000018fe8                . = DATA_SEGMENT_RELRO_END (., (SIZEOF (.got.plt) >= 0x18)?0x18:0x0)

.got.plt        0x0000000000019000      0x5e0
 *(.got.plt)
 .got.plt       0x0000000000019000      0x5e0 /usr/lib/gcc/x86_64-linux-gnu/9/../../../x86_64-linux-gnu/crti.o
                0x0000000000019000                _GLOBAL_OFFSET_TABLE_
 *(.igot.plt)

.data           0x00000000000195e0      0x4da
 *(.data .data.* .gnu.linkonce.d.*)
 .data          0x00000000000195e0        0x0 /usr/lib/gcc/x86_64-linux-gnu/9/../../../x86_64-linux-gnu/crti.o
 .data          0x00000000000195e0        0x0 /usr/lib/gcc/x86_64-linux-gnu/9/crtbeginS.o
 .data.rel.local
                0x00000000000195e0        0x8 /usr/lib/gcc/x86_64-linux-gnu/9/crtbeginS.o
                0x00000000000195e0                __dso_handle
 .data          0x00000000000195e8        0x0 iotorii-root.o
 *fill*         0x00000000000195e8       0x18 
 .data.rel.local
                0x0000000000019600       0x20 iotorii-root.o
                0x0000000000019600                start_iotorii_root
 .data          0x0000000000019620        0x0 build/cooja/mtype745.o
 .data.rel      0x0000000000019620       0xa0 build/cooja/mtype745.o
                0x0000000000019620                simInterfaces
                0x00000000000196a0                sensors
 .data          0x00000000000196c0        0x0 build/cooja/obj/../iotorii-csma.o
 .data.rel.local
                0x00000000000196c0       0x10 build/cooja/obj/../iotorii-csma.o
 .data          0x00000000000196d0        0x0 build/cooja/obj/../hlmacaddr.o
 .data          0x00000000000196d0        0x0 build/cooja/obj/../hlmac-table.o
 .data.rel.local
                0x00000000000196d0        0x8 build/cooja/obj/../hlmac-table.o
 .data          0x00000000000196d8        0x0 build/cooja/obj/../csma-security.o
 .data          0x00000000000196d8        0x0 build/cooja/obj/../csma-output.o
 *fill*         0x00000000000196d8        0x8 
 .data.rel.local
                0x00000000000196e0       0x60 build/cooja/obj/../csma-output.o
 .data          0x0000000000019740        0x0 build/cooja/mtype745.a(simEnvChange.o)
 .data          0x0000000000019740        0x0 build/cooja/mtype745.a(cooja_mt.o)
 .data          0x0000000000019740        0x0 build/cooja/mtype745.a(cooja_mtarch.o)
 .data          0x0000000000019740        0x0 build/cooja/mtype745.a(rtimer-arch.o)
 .data          0x0000000000019740        0x0 build/cooja/mtype745.a(beep.o)
 .data          0x0000000000019740        0x0 build/cooja/mtype745.a(leds-arch.o)
 .data          0x0000000000019740        0x0 build/cooja/mtype745.a(moteid.o)
 .data          0x0000000000019740        0x0 build/cooja/mtype745.a(pir-sensor.o)
 .data          0x0000000000019740        0x0 build/cooja/mtype745.a(rs232.o)
 .data          0x0000000000019740        0x0 build/cooja/mtype745.a(vib-sensor.o)
 .data          0x0000000000019740        0x0 build/cooja/mtype745.a(clock.o)
 .data          0x0000000000019740        0x0 build/cooja/mtype745.a(cooja-log.o)
 .data          0x0000000000019740        0x0 build/cooja/mtype745.a(cfs-cooja.o)
 .data          0x0000000000019740       0x20 build/cooja/mtype745.a(cooja-radio.o)
                0x0000000000019740                simRadioHWOn
                0x0000000000019744                simSignalStrength
                0x0000000000019748                simLastSignalStrength
                0x000000000001974c                simPower
                0x0000000000019750                simRadioChannel
                0x0000000000019754                simLQI
                0x0000000000019758                simLastLQI
 .data.rel.local
                0x0000000000019760       0x20 build/cooja/mtype745.a(cooja-radio.o)
                0x0000000000019760                cooja_radio_process
 .data          0x0000000000019780        0x0 build/cooja/mtype745.a(eeprom.o)
 .data          0x0000000000019780        0x0 build/cooja/mtype745.a(random.o)
 .data          0x0000000000019780        0x0 build/cooja/mtype745.a(sensors.o)
 .data.rel.local
                0x0000000000019780       0x20 build/cooja/mtype745.a(sensors.o)
                0x0000000000019780                sensors_process
 .data          0x00000000000197a0        0x0 build/cooja/mtype745.a(leds.o)
 .data          0x00000000000197a0        0x0 build/cooja/mtype745.a(gpio-hal-arch.o)
 .data          0x00000000000197a0        0x1 build/cooja/mtype745.a(buttons.o)
                0x00000000000197a0                simButtonIsActive
 *fill*         0x00000000000197a1       0x1f 
 .data.rel.local
                0x00000000000197c0       0xb0 build/cooja/mtype745.a(buttons.o)
                0x0000000000019860                button_hal_buttons
 .data          0x0000000000019870        0x0 build/cooja/mtype745.a(contiki-main.o)
 .data          0x0000000000019870        0x0 build/cooja/mtype745.a(autostart.o)
 .data          0x0000000000019870        0x4 build/cooja/mtype745.a(log.o)
                0x0000000000019870                curr_log_level_main
 *fill*         0x0000000000019874        0xc 
 .data.rel      0x0000000000019880      0x138 build/cooja/mtype745.a(log.o)
                0x0000000000019880                all_modules
 .data          0x00000000000199b8        0x0 build/cooja/mtype745.a(energest.o)
 .data          0x00000000000199b8        0x0 build/cooja/mtype745.a(etimer.o)
 *fill*         0x00000000000199b8        0x8 
 .data.rel.local
                0x00000000000199c0       0x20 build/cooja/mtype745.a(etimer.o)
                0x00000000000199c0                etimer_process
 .data          0x00000000000199e0        0x0 build/cooja/mtype745.a(node-id.o)
 .data          0x00000000000199e0        0x0 build/cooja/mtype745.a(ctimer.o)
 .data.rel.local
                0x00000000000199e0       0x40 build/cooja/mtype745.a(ctimer.o)
                0x0000000000019a00                ctimer_process
 .data          0x0000000000019a20        0x0 build/cooja/mtype745.a(process.o)
 .data          0x0000000000019a20        0x0 build/cooja/mtype745.a(rtimer.o)
 .data          0x0000000000019a20        0x0 build/cooja/mtype745.a(timer.o)
 .data          0x0000000000019a20        0x0 build/cooja/mtype745.a(list.o)
 .data          0x0000000000019a20        0x0 build/cooja/mtype745.a(memb.o)
 .data          0x0000000000019a20        0x0 build/cooja/mtype745.a(assert.o)
 .data          0x0000000000019a20        0x0 build/cooja/mtype745.a(button-hal.o)
 .data.rel.local
                0x0000000000019a20       0x20 build/cooja/mtype745.a(button-hal.o)
                0x0000000000019a20                button_hal_process
 .data          0x0000000000019a40        0x0 build/cooja/mtype745.a(serial-line.o)
 .data.rel.local
                0x0000000000019a40       0x20 build/cooja/mtype745.a(serial-line.o)
                0x0000000000019a40                serial_line_process
 .data          0x0000000000019a60        0x0 build/cooja/mtype745.a(gpio-hal.o)
 .data.rel.local
                0x0000000000019a60        0x8 build/cooja/mtype745.a(gpio-hal.o)
 .data          0x0000000000019a68        0x0 build/cooja/mtype745.a(queuebuf.o)
 *fill*         0x0000000000019a68        0x8 
 .data.rel.local
                0x0000000000019a70       0x38 build/cooja/mtype745.a(queuebuf.o)
 .data          0x0000000000019aa8        0x0 build/cooja/mtype745.a(packetbuf.o)
 .data.rel.local
                0x0000000000019aa8        0x8 build/cooja/mtype745.a(packetbuf.o)
 .data          0x0000000000019ab0        0x0 build/cooja/mtype745.a(netstack.o)
 .data.rel.local
                0x0000000000019ab0        0x8 build/cooja/mtype745.a(netstack.o)
 .data          0x0000000000019ab8        0x0 build/cooja/mtype745.a(linkaddr.o)
 .data          0x0000000000019ab8        0x0 build/cooja/mtype745.a(mac-sequence.o)
 .data          0x0000000000019ab8        0x0 build/cooja/mtype745.a(mac.o)
 .data          0x0000000000019ab8        0x0 build/cooja/mtype745.a(framer-802154.o)
 .data          0x0000000000019ab8        0x2 build/cooja/mtype745.a(frame802154.o)
 .data          0x0000000000019aba        0x0 build/cooja/mtype745.a(nullnet.o)
 .data          0x0000000000019aba        0x0 build/cooja/mtype745.a(nullrouting.o)
 .data          0x0000000000019aba        0x0 build/cooja/mtype745.a(watchdog.o)
 .data          0x0000000000019aba        0x0 build/cooja/mtype745.a(int-master.o)
 .data          0x0000000000019aba        0x0 build/cooja/mtype745.a(ringbuf.o)
 .data          0x0000000000019aba        0x0 /usr/lib/gcc/x86_64-linux-gnu/9/crtendS.o
 .data          0x0000000000019aba        0x0 /usr/lib/gcc/x86_64-linux-gnu/9/../../../x86_64-linux-gnu/crtn.o

.tm_clone_table
                0x0000000000019ac0        0x0
 .tm_clone_table
                0x0000000000019ac0        0x0 /usr/lib/gcc/x86_64-linux-gnu/9/crtbeginS.o
 .tm_clone_table
                0x0000000000019ac0        0x0 /usr/lib/gcc/x86_64-linux-gnu/9/crtendS.o

.data1
 *(.data1)
                [!provide]                        PROVIDE (_edata = .)
                [!provide]                        PROVIDE (edata = .)
                0x0000000000019ac0                . = .
                [!provide]                        PROVIDE (__bss_start = .)

.bss            0x0000000000019ac0     0xb0b8
 *(.dynbss)
 .dynbss        0x0000000000019ac0        0x0 /usr/lib/gcc/x86_64-linux-gnu/9/../../../x86_64-linux-gnu/crti.o
 *(.bss .bss.* .gnu.linkonce.b.*)
 .bss           0x0000000000019ac0        0x0 /usr/lib/gcc/x86_64-linux-gnu/9/../../../x86_64-linux-gnu/crti.o
 .bss           0x0000000000019ac0        0x1 /usr/lib/gcc/x86_64-linux-gnu/9/crtbeginS.o
 .bss           0x0000000000019ac1        0x0 iotorii-root.o
 *fill*         0x0000000000019ac1       0x1f 
 .bss           0x0000000000019ae0     0x4070 build/cooja/mtype745.o
 *fill*         0x000000000001db50       0x10 
 .bss           0x000000000001db60      0x130 build/cooja/obj/../iotorii-csma.o
                0x000000000001db60                number_of_hello_messages
                0x000000000001db64                number_of_sethlmac_messages
 .bss           0x000000000001dc90        0x0 build/cooja/obj/../hlmacaddr.o
 .bss           0x000000000001dc90        0x8 build/cooja/obj/../hlmac-table.o
 .bss           0x000000000001dc98        0x0 build/cooja/obj/../csma-security.o
 *fill*         0x000000000001dc98        0x8 
 .bss           0x000000000001dca0      0x2aa build/cooja/obj/../csma-output.o
 .bss           0x000000000001df4a        0x1 build/cooja/mtype745.a(simEnvChange.o)
                0x000000000001df4a                simDontFallAsleep
 *fill*         0x000000000001df4b        0x5 
 .bss           0x000000000001df50        0x8 build/cooja/mtype745.a(cooja_mt.o)
 .bss           0x000000000001df58        0x8 build/cooja/mtype745.a(cooja_mtarch.o)
 .bss           0x000000000001df60        0x0 build/cooja/mtype745.a(rtimer-arch.o)
 .bss           0x000000000001df60        0x0 build/cooja/mtype745.a(beep.o)
 .bss           0x000000000001df60        0x1 build/cooja/mtype745.a(leds-arch.o)
                0x000000000001df60                simLedsValue
 .bss           0x000000000001df61        0x0 build/cooja/mtype745.a(moteid.o)
 .bss           0x000000000001df61        0x1 build/cooja/mtype745.a(pir-sensor.o)
                0x000000000001df61                simPirValue
 *fill*         0x000000000001df62        0x6 
 .bss           0x000000000001df68        0x8 build/cooja/mtype745.a(rs232.o)
 .bss           0x000000000001df70        0x1 build/cooja/mtype745.a(vib-sensor.o)
                0x000000000001df70                simVibValue
 .bss           0x000000000001df71        0x0 build/cooja/mtype745.a(clock.o)
 *fill*         0x000000000001df71        0xf 
 .bss           0x000000000001df80     0x2020 build/cooja/mtype745.a(cooja-log.o)
 .bss           0x000000000001ffa0      0xfc0 build/cooja/mtype745.a(cfs-cooja.o)
                0x000000000001ffa0                simCFSData
                0x0000000000020f40                simCFSSize
                0x0000000000020f44                simCFSChanged
                0x0000000000020f48                simCFSRead
                0x0000000000020f4c                simCFSWritten
 .bss           0x0000000000020f60       0x2c build/cooja/mtype745.a(cooja-radio.o)
                0x0000000000020f60                simReceiving
                0x0000000000020f64                simInSize
                0x0000000000020f68                simLastPacketTimestamp
                0x0000000000020f70                simOutSize
 .bss           0x0000000000020f8c        0xc build/cooja/mtype745.a(eeprom.o)
                0x0000000000020f8c                simEEPROMChanged
                0x0000000000020f90                simEEPROMRead
                0x0000000000020f94                simEEPROMWritten
 .bss           0x0000000000020f98        0x0 build/cooja/mtype745.a(random.o)
 .bss           0x0000000000020f98        0xc build/cooja/mtype745.a(sensors.o)
 .bss           0x0000000000020fa4        0x0 build/cooja/mtype745.a(leds.o)
 *fill*         0x0000000000020fa4       0x1c 
 .bss           0x0000000000020fc0       0x40 build/cooja/mtype745.a(gpio-hal-arch.o)
 .bss           0x0000000000021000        0x0 build/cooja/mtype745.a(buttons.o)
 .bss           0x0000000000021000        0x0 build/cooja/mtype745.a(contiki-main.o)
 .bss           0x0000000000021000        0x0 build/cooja/mtype745.a(autostart.o)
 .bss           0x0000000000021000       0x2c build/cooja/mtype745.a(log.o)
                0x0000000000021000                curr_log_level_rpl
                0x0000000000021004                curr_log_level_tcpip
                0x0000000000021008                curr_log_level_ipv6
                0x000000000002100c                curr_log_level_6lowpan
                0x0000000000021010                curr_log_level_nullnet
                0x0000000000021014                curr_log_level_mac
                0x0000000000021018                curr_log_level_framer
                0x000000000002101c                curr_log_level_6top
                0x0000000000021020                curr_log_level_coap
                0x0000000000021024                curr_log_level_snmp
                0x0000000000021028                curr_log_level_lwm2m
 .bss           0x000000000002102c        0x0 build/cooja/mtype745.a(energest.o)
 *fill*         0x000000000002102c        0x4 
 .bss           0x0000000000021030       0x10 build/cooja/mtype745.a(etimer.o)
 .bss           0x0000000000021040        0x2 build/cooja/mtype745.a(node-id.o)
                0x0000000000021040                node_id
 *fill*         0x0000000000021042        0x6 
 .bss           0x0000000000021048        0x9 build/cooja/mtype745.a(ctimer.o)
 *fill*         0x0000000000021051        0xf 
 .bss           0x0000000000021060      0x321 build/cooja/mtype745.a(process.o)
                0x0000000000021060                process_list
                0x0000000000021068                process_current
 *fill*         0x0000000000021381        0x7 
 .bss           0x0000000000021388        0x8 build/cooja/mtype745.a(rtimer.o)
 .bss           0x0000000000021390        0x0 build/cooja/mtype745.a(timer.o)
 .bss           0x0000000000021390        0x0 build/cooja/mtype745.a(list.o)
 .bss           0x0000000000021390        0x0 build/cooja/mtype745.a(memb.o)
 .bss           0x0000000000021390        0x0 build/cooja/mtype745.a(assert.o)
 .bss           0x0000000000021390       0x28 build/cooja/mtype745.a(button-hal.o)
 *fill*         0x00000000000213b8        0x8 
 .bss           0x00000000000213c0      0x140 build/cooja/mtype745.a(serial-line.o)
 .bss           0x0000000000021500        0x8 build/cooja/mtype745.a(gpio-hal.o)
 *fill*         0x0000000000021508       0x18 
 .bss           0x0000000000021520      0x5e0 build/cooja/mtype745.a(queuebuf.o)
 .bss           0x0000000000021b00       0xa0 build/cooja/mtype745.a(packetbuf.o)
 .bss           0x0000000000021ba0        0x8 build/cooja/mtype745.a(netstack.o)
 .bss           0x0000000000021ba8        0x0 build/cooja/mtype745.a(linkaddr.o)
 *fill*         0x0000000000021ba8       0x18 
 .bss           0x0000000000021bc0      0x180 build/cooja/mtype745.a(mac-sequence.o)
 .bss           0x0000000000021d40        0x0 build/cooja/mtype745.a(mac.o)
 .bss           0x0000000000021d40        0x2 build/cooja/mtype745.a(framer-802154.o)
 .bss           0x0000000000021d42        0x0 build/cooja/mtype745.a(frame802154.o)
 *fill*         0x0000000000021d42        0x6 
 .bss           0x0000000000021d48        0x8 build/cooja/mtype745.a(nullnet.o)
 .bss           0x0000000000021d50        0x0 build/cooja/mtype745.a(nullrouting.o)
 .bss           0x0000000000021d50        0x0 build/cooja/mtype745.a(watchdog.o)
 .bss           0x0000000000021d50        0x4 build/cooja/mtype745.a(int-master.o)
 .bss           0x0000000000021d54        0x0 build/cooja/mtype745.a(ringbuf.o)
 .bss           0x0000000000021d54        0x0 /usr/lib/gcc/x86_64-linux-gnu/9/crtendS.o
 .bss           0x0000000000021d54        0x0 /usr/lib/gcc/x86_64-linux-gnu/9/../../../x86_64-linux-gnu/crtn.o
 *(COMMON)
 *fill*         0x0000000000021d54        0x4 
 COMMON         0x0000000000021d58        0xc build/cooja/mtype745.o
                0x0000000000021d58                referenceVar
                0x0000000000021d60                sensors_flags
 COMMON         0x0000000000021d64        0x2 build/cooja/obj/../iotorii-csma.o
                0x0000000000021d64                number_of_neighbours
                0x0000000000021d65                number_of_hlmac_addresses
 *fill*         0x0000000000021d66        0x2 
 COMMON         0x0000000000021d68       0x10 build/cooja/mtype745.a(simEnvChange.o)
                0x0000000000021d68                simEtimerPending
                0x0000000000021d6c                simProcessRunValue
                0x0000000000021d70                simEtimerNextExpirationTime
 COMMON         0x0000000000021d78       0x18 build/cooja/mtype745.a(rtimer-arch.o)
                0x0000000000021d78                simRtimerPending
                0x0000000000021d80                simRtimerCurrentTicks
                0x0000000000021d88                simRtimerNextExpirationTime
 COMMON         0x0000000000021d90        0x1 build/cooja/mtype745.a(beep.o)
                0x0000000000021d90                simBeeped
 *fill*         0x0000000000021d91        0x3 
 COMMON         0x0000000000021d94        0xc build/cooja/mtype745.a(moteid.o)
                0x0000000000021d94                simRandomSeed
                0x0000000000021d98                simMoteIDChanged
                0x0000000000021d9c                simMoteID
 COMMON         0x0000000000021da0        0x2 build/cooja/mtype745.a(pir-sensor.o)
                0x0000000000021da0                simPirIsActive
                0x0000000000021da1                simPirChanged
 *fill*         0x0000000000021da2       0x1e 
 COMMON         0x0000000000021dc0      0x820 build/cooja/mtype745.a(rs232.o)
                0x0000000000021dc0                simSerialReceivingFlag
                0x0000000000021dc4                simSerialReceivingLength
                0x0000000000021de0                simSerialReceivingData
 COMMON         0x00000000000225e0        0x2 build/cooja/mtype745.a(vib-sensor.o)
                0x00000000000225e0                simVibChanged
                0x00000000000225e1                simVibIsActive
 *fill*         0x00000000000225e2        0x6 
 COMMON         0x00000000000225e8        0x8 build/cooja/mtype745.a(clock.o)
                0x00000000000225e8                simCurrentTime
 *fill*         0x00000000000225f0       0x10 
 COMMON         0x0000000000022600     0x2020 build/cooja/mtype745.a(cooja-log.o)
                0x0000000000022600                simLoggedLength
                0x0000000000022604                simLoggedFlag
                0x0000000000022620                simLoggedData
 COMMON         0x0000000000024620       0xfd build/cooja/mtype745.a(cooja-radio.o)
                0x0000000000024620                simOutDataBuffer
                0x00000000000246a0                simInDataBuffer
 *fill*         0x000000000002471d        0x3 
 COMMON         0x0000000000024720      0x400 build/cooja/mtype745.a(eeprom.o)
                0x0000000000024720                simEEPROMData
 COMMON         0x0000000000024b20        0x1 build/cooja/mtype745.a(sensors.o)
                0x0000000000024b20                sensors_event
 COMMON         0x0000000000024b21        0x2 build/cooja/mtype745.a(buttons.o)
                0x0000000000024b21                simButtonIsDown
                0x0000000000024b22                simButtonChanged
 COMMON         0x0000000000024b23        0x3 build/cooja/mtype745.a(button-hal.o)
                0x0000000000024b23                button_hal_periodic_event
                0x0000000000024b24                button_hal_press_event
                0x0000000000024b25                button_hal_release_event
 COMMON         0x0000000000024b26        0x1 build/cooja/mtype745.a(serial-line.o)
                0x0000000000024b26                serial_line_event_message
 *fill*         0x0000000000024b27        0x9 
 COMMON         0x0000000000024b30       0x30 build/cooja/mtype745.a(packetbuf.o)
                0x0000000000024b30                packetbuf_attrs
                0x0000000000024b50                packetbuf_addrs
 COMMON         0x0000000000024b60        0x8 build/cooja/mtype745.a(linkaddr.o)
                0x0000000000024b60                linkaddr_node_addr
 COMMON         0x0000000000024b68       0x10 build/cooja/mtype745.a(nullnet.o)
                0x0000000000024b68                nullnet_len
                0x0000000000024b70                nullnet_buf
                0x0000000000024b78                . = ALIGN ((. != 0x0)?0x8:0x1)

.lbss
 *(.dynlbss)
 *(.lbss .lbss.* .gnu.linkonce.lb.*)
 *(LARGE_COMMON)
                0x0000000000024b78                . = ALIGN (0x8)
                0x0000000000024b78                . = SEGMENT_START ("ldata-segment", .)

.lrodata
 *(.lrodata .lrodata.* .gnu.linkonce.lr.*)

.ldata          0x0000000000026b78        0x0
 *(.ldata .ldata.* .gnu.linkonce.l.*)
                0x0000000000026b78                . = ALIGN ((. != 0x0)?0x8:0x1)
                0x0000000000026b78                . = ALIGN (0x8)
                [!provide]                        PROVIDE (_end = .)
                [!provide]                        PROVIDE (end = .)
                0x0000000000026b78                . = DATA_SEGMENT_END (.)

.stab
 *(.stab)

.stabstr
 *(.stabstr)

.stab.excl
 *(.stab.excl)

.stab.exclstr
 *(.stab.exclstr)

.stab.index
 *(.stab.index)

.stab.indexstr
 *(.stab.indexstr)

.comment        0x0000000000000000       0x2a
 *(.comment)
 .comment       0x0000000000000000       0x2a /usr/lib/gcc/x86_64-linux-gnu/9/crtbeginS.o
                                         0x2b (size before relaxing)
 .comment       0x000000000000002a       0x2b iotorii-root.o
 .comment       0x000000000000002a       0x2b build/cooja/mtype745.o
 .comment       0x000000000000002a       0x2b build/cooja/obj/../iotorii-csma.o
 .comment       0x000000000000002a       0x2b build/cooja/obj/../hlmacaddr.o
 .comment       0x000000000000002a       0x2b build/cooja/obj/../hlmac-table.o
 .comment       0x000000000000002a       0x2b build/cooja/obj/../csma-security.o
 .comment       0x000000000000002a       0x2b build/cooja/obj/../csma-output.o
 .comment       0x000000000000002a       0x2b build/cooja/mtype745.a(simEnvChange.o)
 .comment       0x000000000000002a       0x2b build/cooja/mtype745.a(cooja_mt.o)
 .comment       0x000000000000002a       0x2b build/cooja/mtype745.a(cooja_mtarch.o)
 .comment       0x000000000000002a       0x2b build/cooja/mtype745.a(rtimer-arch.o)
 .comment       0x000000000000002a       0x2b build/cooja/mtype745.a(beep.o)
 .comment       0x000000000000002a       0x2b build/cooja/mtype745.a(leds-arch.o)
 .comment       0x000000000000002a       0x2b build/cooja/mtype745.a(moteid.o)
 .comment       0x000000000000002a       0x2b build/cooja/mtype745.a(pir-sensor.o)
 .comment       0x000000000000002a       0x2b build/cooja/mtype745.a(rs232.o)
 .comment       0x000000000000002a       0x2b build/cooja/mtype745.a(vib-sensor.o)
 .comment       0x000000000000002a       0x2b build/cooja/mtype745.a(clock.o)
 .comment       0x000000000000002a       0x2b build/cooja/mtype745.a(cooja-log.o)
 .comment       0x000000000000002a       0x2b build/cooja/mtype745.a(cfs-cooja.o)
 .comment       0x000000000000002a       0x2b build/cooja/mtype745.a(cooja-radio.o)
 .comment       0x000000000000002a       0x2b build/cooja/mtype745.a(eeprom.o)
 .comment       0x000000000000002a       0x2b build/cooja/mtype745.a(random.o)
 .comment       0x000000000000002a       0x2b build/cooja/mtype745.a(sensors.o)
 .comment       0x000000000000002a       0x2b build/cooja/mtype745.a(leds.o)
 .comment       0x000000000000002a       0x2b build/cooja/mtype745.a(gpio-hal-arch.o)
 .comment       0x000000000000002a       0x2b build/cooja/mtype745.a(buttons.o)
 .comment       0x000000000000002a       0x2b build/cooja/mtype745.a(contiki-main.o)
 .comment       0x000000000000002a       0x2b build/cooja/mtype745.a(autostart.o)
 .comment       0x000000000000002a       0x2b build/cooja/mtype745.a(log.o)
 .comment       0x000000000000002a       0x2b build/cooja/mtype745.a(energest.o)
 .comment       0x000000000000002a       0x2b build/cooja/mtype745.a(etimer.o)
 .comment       0x000000000000002a       0x2b build/cooja/mtype745.a(node-id.o)
 .comment       0x000000000000002a       0x2b build/cooja/mtype745.a(ctimer.o)
 .comment       0x000000000000002a       0x2b build/cooja/mtype745.a(process.o)
 .comment       0x000000000000002a       0x2b build/cooja/mtype745.a(rtimer.o)
 .comment       0x000000000000002a       0x2b build/cooja/mtype745.a(timer.o)
 .comment       0x000000000000002a       0x2b build/cooja/mtype745.a(list.o)
 .comment       0x000000000000002a       0x2b build/cooja/mtype745.a(memb.o)
 .comment       0x000000000000002a       0x2b build/cooja/mtype745.a(assert.o)
 .comment       0x000000000000002a       0x2b build/cooja/mtype745.a(button-hal.o)
 .comment       0x000000000000002a       0x2b build/cooja/mtype745.a(serial-line.o)
 .comment       0x000000000000002a       0x2b build/cooja/mtype745.a(gpio-hal.o)
 .comment       0x000000000000002a       0x2b build/cooja/mtype745.a(queuebuf.o)
 .comment       0x000000000000002a       0x2b build/cooja/mtype745.a(packetbuf.o)
 .comment       0x000000000000002a       0x2b build/cooja/mtype745.a(netstack.o)
 .comment       0x000000000000002a       0x2b build/cooja/mtype745.a(linkaddr.o)
 .comment       0x000000000000002a       0x2b build/cooja/mtype745.a(mac-sequence.o)
 .comment       0x000000000000002a       0x2b build/cooja/mtype745.a(mac.o)
 .comment       0x000000000000002a       0x2b build/cooja/mtype745.a(framer-802154.o)
 .comment       0x000000000000002a       0x2b build/cooja/mtype745.a(frame802154.o)
 .comment       0x000000000000002a       0x2b build/cooja/mtype745.a(nullnet.o)
 .comment       0x000000000000002a       0x2b build/cooja/mtype745.a(nullrouting.o)
 .comment       0x000000000000002a       0x2b build/cooja/mtype745.a(watchdog.o)
 .comment       0x000000000000002a       0x2b build/cooja/mtype745.a(int-master.o)
 .comment       0x000000000000002a       0x2b build/cooja/mtype745.a(ringbuf.o)
 .comment       0x000000000000002a       0x2b /usr/lib/gcc/x86_64-linux-gnu/9/crtendS.o

.gnu.build.attributes
 *(.gnu.build.attributes .gnu.build.attributes.*)

.debug
 *(.debug)

.line
 *(.line)

.debug_srcinfo
 *(.debug_srcinfo)

.debug_sfnames
 *(.debug_sfnames)

.debug_aranges  0x0000000000000000      0xa80
 *(.debug_aranges)
 .debug_aranges
                0x0000000000000000       0x30 iotorii-root.o
 .debug_aranges
                0x0000000000000030       0x30 build/cooja/mtype745.o
 .debug_aranges
                0x0000000000000060       0x30 build/cooja/obj/../iotorii-csma.o
 .debug_aranges
                0x0000000000000090       0x30 build/cooja/obj/../hlmacaddr.o
 .debug_aranges
                0x00000000000000c0       0x30 build/cooja/obj/../hlmac-table.o
 .debug_aranges
                0x00000000000000f0       0x30 build/cooja/obj/../csma-security.o
 .debug_aranges
                0x0000000000000120       0x30 build/cooja/obj/../csma-output.o
 .debug_aranges
                0x0000000000000150       0x30 build/cooja/mtype745.a(simEnvChange.o)
 .debug_aranges
                0x0000000000000180       0x30 build/cooja/mtype745.a(cooja_mt.o)
 .debug_aranges
                0x00000000000001b0       0x30 build/cooja/mtype745.a(cooja_mtarch.o)
 .debug_aranges
                0x00000000000001e0       0x30 build/cooja/mtype745.a(rtimer-arch.o)
 .debug_aranges
                0x0000000000000210       0x30 build/cooja/mtype745.a(beep.o)
 .debug_aranges
                0x0000000000000240       0x30 build/cooja/mtype745.a(leds-arch.o)
 .debug_aranges
                0x0000000000000270       0x30 build/cooja/mtype745.a(moteid.o)
 .debug_aranges
                0x00000000000002a0       0x30 build/cooja/mtype745.a(pir-sensor.o)
 .debug_aranges
                0x00000000000002d0       0x30 build/cooja/mtype745.a(rs232.o)
 .debug_aranges
                0x0000000000000300       0x30 build/cooja/mtype745.a(vib-sensor.o)
 .debug_aranges
                0x0000000000000330       0x30 build/cooja/mtype745.a(clock.o)
 .debug_aranges
                0x0000000000000360       0x30 build/cooja/mtype745.a(cooja-log.o)
 .debug_aranges
                0x0000000000000390       0x30 build/cooja/mtype745.a(cfs-cooja.o)
 .debug_aranges
                0x00000000000003c0       0x30 build/cooja/mtype745.a(cooja-radio.o)
 .debug_aranges
                0x00000000000003f0       0x30 build/cooja/mtype745.a(eeprom.o)
 .debug_aranges
                0x0000000000000420       0x30 build/cooja/mtype745.a(random.o)
 .debug_aranges
                0x0000000000000450       0x30 build/cooja/mtype745.a(sensors.o)
 .debug_aranges
                0x0000000000000480       0x30 build/cooja/mtype745.a(leds.o)
 .debug_aranges
                0x00000000000004b0       0x30 build/cooja/mtype745.a(gpio-hal-arch.o)
 .debug_aranges
                0x00000000000004e0       0x30 build/cooja/mtype745.a(buttons.o)
 .debug_aranges
                0x0000000000000510       0x30 build/cooja/mtype745.a(contiki-main.o)
 .debug_aranges
                0x0000000000000540       0x30 build/cooja/mtype745.a(autostart.o)
 .debug_aranges
                0x0000000000000570       0x30 build/cooja/mtype745.a(log.o)
 .debug_aranges
                0x00000000000005a0       0x30 build/cooja/mtype745.a(energest.o)
 .debug_aranges
                0x00000000000005d0       0x30 build/cooja/mtype745.a(etimer.o)
 .debug_aranges
                0x0000000000000600       0x30 build/cooja/mtype745.a(node-id.o)
 .debug_aranges
                0x0000000000000630       0x30 build/cooja/mtype745.a(ctimer.o)
 .debug_aranges
                0x0000000000000660       0x30 build/cooja/mtype745.a(process.o)
 .debug_aranges
                0x0000000000000690       0x30 build/cooja/mtype745.a(rtimer.o)
 .debug_aranges
                0x00000000000006c0       0x30 build/cooja/mtype745.a(timer.o)
 .debug_aranges
                0x00000000000006f0       0x30 build/cooja/mtype745.a(list.o)
 .debug_aranges
                0x0000000000000720       0x30 build/cooja/mtype745.a(memb.o)
 .debug_aranges
                0x0000000000000750       0x30 build/cooja/mtype745.a(assert.o)
 .debug_aranges
                0x0000000000000780       0x30 build/cooja/mtype745.a(button-hal.o)
 .debug_aranges
                0x00000000000007b0       0x30 build/cooja/mtype745.a(serial-line.o)
 .debug_aranges
                0x00000000000007e0       0x30 build/cooja/mtype745.a(gpio-hal.o)
 .debug_aranges
                0x0000000000000810       0x30 build/cooja/mtype745.a(queuebuf.o)
 .debug_aranges
                0x0000000000000840       0x30 build/cooja/mtype745.a(packetbuf.o)
 .debug_aranges
                0x0000000000000870       0x30 build/cooja/mtype745.a(netstack.o)
 .debug_aranges
                0x00000000000008a0       0x30 build/cooja/mtype745.a(linkaddr.o)
 .debug_aranges
                0x00000000000008d0       0x30 build/cooja/mtype745.a(mac-sequence.o)
 .debug_aranges
                0x0000000000000900       0x30 build/cooja/mtype745.a(mac.o)
 .debug_aranges
                0x0000000000000930       0x30 build/cooja/mtype745.a(framer-802154.o)
 .debug_aranges
                0x0000000000000960       0x30 build/cooja/mtype745.a(frame802154.o)
 .debug_aranges
                0x0000000000000990       0x30 build/cooja/mtype745.a(nullnet.o)
 .debug_aranges
                0x00000000000009c0       0x30 build/cooja/mtype745.a(nullrouting.o)
 .debug_aranges
                0x00000000000009f0       0x30 build/cooja/mtype745.a(watchdog.o)
 .debug_aranges
                0x0000000000000a20       0x30 build/cooja/mtype745.a(int-master.o)
 .debug_aranges
                0x0000000000000a50       0x30 build/cooja/mtype745.a(ringbuf.o)

.debug_pubnames
 *(.debug_pubnames)

.debug_info     0x0000000000000000    0x20d80
 *(.debug_info .gnu.linkonce.wi.*)
 .debug_info    0x0000000000000000      0x906 iotorii-root.o
 .debug_info    0x0000000000000906     0x441a build/cooja/mtype745.o
 .debug_info    0x0000000000004d20     0x15bb build/cooja/obj/../iotorii-csma.o
 .debug_info    0x00000000000062db      0x8d1 build/cooja/obj/../hlmacaddr.o
 .debug_info    0x0000000000006bac      0x802 build/cooja/obj/../hlmac-table.o
 .debug_info    0x00000000000073ae      0xef0 build/cooja/obj/../csma-security.o
 .debug_info    0x000000000000829e     0x1765 build/cooja/obj/../csma-output.o
 .debug_info    0x0000000000009a03      0x529 build/cooja/mtype745.a(simEnvChange.o)
 .debug_info    0x0000000000009f2c      0x31b build/cooja/mtype745.a(cooja_mt.o)
 .debug_info    0x000000000000a247      0x618 build/cooja/mtype745.a(cooja_mtarch.o)
 .debug_info    0x000000000000a85f      0x340 build/cooja/mtype745.a(rtimer-arch.o)
 .debug_info    0x000000000000ab9f      0x3ba build/cooja/mtype745.a(beep.o)
 .debug_info    0x000000000000af59      0x336 build/cooja/mtype745.a(leds-arch.o)
 .debug_info    0x000000000000b28f      0x29b build/cooja/mtype745.a(moteid.o)
 .debug_info    0x000000000000b52a      0x3e4 build/cooja/mtype745.a(pir-sensor.o)
 .debug_info    0x000000000000b90e      0x674 build/cooja/mtype745.a(rs232.o)
 .debug_info    0x000000000000bf82      0x3e4 build/cooja/mtype745.a(vib-sensor.o)
 .debug_info    0x000000000000c366      0x2e7 build/cooja/mtype745.a(clock.o)
 .debug_info    0x000000000000c64d      0x742 build/cooja/mtype745.a(cooja-log.o)
 .debug_info    0x000000000000cd8f      0x826 build/cooja/mtype745.a(cfs-cooja.o)
 .debug_info    0x000000000000d5b5     0x1510 build/cooja/mtype745.a(cooja-radio.o)
 .debug_info    0x000000000000eac5      0x37e build/cooja/mtype745.a(eeprom.o)
 .debug_info    0x000000000000ee43       0xc3 build/cooja/mtype745.a(random.o)
 .debug_info    0x000000000000ef06      0x46f build/cooja/mtype745.a(sensors.o)
 .debug_info    0x000000000000f375      0x453 build/cooja/mtype745.a(leds.o)
 .debug_info    0x000000000000f7c8      0xa10 build/cooja/mtype745.a(gpio-hal-arch.o)
 .debug_info    0x00000000000101d8      0x9f7 build/cooja/mtype745.a(buttons.o)
 .debug_info    0x0000000000010bcf     0x1bef build/cooja/mtype745.a(contiki-main.o)
 .debug_info    0x00000000000127be      0x24b build/cooja/mtype745.a(autostart.o)
 .debug_info    0x0000000000012a09      0xc25 build/cooja/mtype745.a(log.o)
 .debug_info    0x000000000001362e      0x23d build/cooja/mtype745.a(energest.o)
 .debug_info    0x000000000001386b      0x5d1 build/cooja/mtype745.a(etimer.o)
 .debug_info    0x0000000000013e3c      0x658 build/cooja/mtype745.a(node-id.o)
 .debug_info    0x0000000000014494      0x591 build/cooja/mtype745.a(ctimer.o)
 .debug_info    0x0000000000014a25      0x85b build/cooja/mtype745.a(process.o)
 .debug_info    0x0000000000015280      0x355 build/cooja/mtype745.a(rtimer.o)
 .debug_info    0x00000000000155d5      0x2ff build/cooja/mtype745.a(timer.o)
 .debug_info    0x00000000000158d4      0x574 build/cooja/mtype745.a(list.o)
 .debug_info    0x0000000000015e48      0x379 build/cooja/mtype745.a(memb.o)
 .debug_info    0x00000000000161c1      0x475 build/cooja/mtype745.a(assert.o)
 .debug_info    0x0000000000016636      0x7e8 build/cooja/mtype745.a(button-hal.o)
 .debug_info    0x0000000000016e1e      0x3d1 build/cooja/mtype745.a(serial-line.o)
 .debug_info    0x00000000000171ef      0x7f3 build/cooja/mtype745.a(gpio-hal.o)
 .debug_info    0x00000000000179e2     0x166d build/cooja/mtype745.a(queuebuf.o)
 .debug_info    0x000000000001904f     0x165a build/cooja/mtype745.a(packetbuf.o)
 .debug_info    0x000000000001a6a9      0x7bd build/cooja/mtype745.a(netstack.o)
 .debug_info    0x000000000001ae66      0x32b build/cooja/mtype745.a(linkaddr.o)
 .debug_info    0x000000000001b191     0x125e build/cooja/mtype745.a(mac-sequence.o)
 .debug_info    0x000000000001c3ef      0x62c build/cooja/mtype745.a(mac.o)
 .debug_info    0x000000000001ca1b      0xdeb build/cooja/mtype745.a(framer-802154.o)
 .debug_info    0x000000000001d806      0xd1b build/cooja/mtype745.a(frame802154.o)
 .debug_info    0x000000000001e521      0xea0 build/cooja/mtype745.a(nullnet.o)
 .debug_info    0x000000000001f3c1     0x1166 build/cooja/mtype745.a(nullrouting.o)
 .debug_info    0x0000000000020527      0x255 build/cooja/mtype745.a(watchdog.o)
 .debug_info    0x000000000002077c      0x2ab build/cooja/mtype745.a(int-master.o)
 .debug_info    0x0000000000020a27      0x359 build/cooja/mtype745.a(ringbuf.o)

.debug_abbrev   0x0000000000000000     0x7163
 *(.debug_abbrev)
 .debug_abbrev  0x0000000000000000      0x20d iotorii-root.o
 .debug_abbrev  0x000000000000020d      0x375 build/cooja/mtype745.o
 .debug_abbrev  0x0000000000000582      0x3d7 build/cooja/obj/../iotorii-csma.o
 .debug_abbrev  0x0000000000000959      0x229 build/cooja/obj/../hlmacaddr.o
 .debug_abbrev  0x0000000000000b82      0x1e0 build/cooja/obj/../hlmac-table.o
 .debug_abbrev  0x0000000000000d62      0x21e build/cooja/obj/../csma-security.o
 .debug_abbrev  0x0000000000000f80      0x345 build/cooja/obj/../csma-output.o
 .debug_abbrev  0x00000000000012c5      0x185 build/cooja/mtype745.a(simEnvChange.o)
 .debug_abbrev  0x000000000000144a      0x1a8 build/cooja/mtype745.a(cooja_mt.o)
 .debug_abbrev  0x00000000000015f2      0x1e6 build/cooja/mtype745.a(cooja_mtarch.o)
 .debug_abbrev  0x00000000000017d8      0x186 build/cooja/mtype745.a(rtimer-arch.o)
 .debug_abbrev  0x000000000000195e      0x1b1 build/cooja/mtype745.a(beep.o)
 .debug_abbrev  0x0000000000001b0f      0x178 build/cooja/mtype745.a(leds-arch.o)
 .debug_abbrev  0x0000000000001c87      0x166 build/cooja/mtype745.a(moteid.o)
 .debug_abbrev  0x0000000000001ded      0x1be build/cooja/mtype745.a(pir-sensor.o)
 .debug_abbrev  0x0000000000001fab      0x217 build/cooja/mtype745.a(rs232.o)
 .debug_abbrev  0x00000000000021c2      0x1be build/cooja/mtype745.a(vib-sensor.o)
 .debug_abbrev  0x0000000000002380      0x1b1 build/cooja/mtype745.a(clock.o)
 .debug_abbrev  0x0000000000002531      0x247 build/cooja/mtype745.a(cooja-log.o)
 .debug_abbrev  0x0000000000002778      0x213 build/cooja/mtype745.a(cfs-cooja.o)
 .debug_abbrev  0x000000000000298b      0x3ed build/cooja/mtype745.a(cooja-radio.o)
 .debug_abbrev  0x0000000000002d78      0x1a0 build/cooja/mtype745.a(eeprom.o)
 .debug_abbrev  0x0000000000002f18       0x71 build/cooja/mtype745.a(random.o)
 .debug_abbrev  0x0000000000002f89      0x202 build/cooja/mtype745.a(sensors.o)
 .debug_abbrev  0x000000000000318b      0x1a5 build/cooja/mtype745.a(leds.o)
 .debug_abbrev  0x0000000000003330      0x239 build/cooja/mtype745.a(gpio-hal-arch.o)
 .debug_abbrev  0x0000000000003569      0x1fb build/cooja/mtype745.a(buttons.o)
 .debug_abbrev  0x0000000000003764      0x231 build/cooja/mtype745.a(contiki-main.o)
 .debug_abbrev  0x0000000000003995      0x143 build/cooja/mtype745.a(autostart.o)
 .debug_abbrev  0x0000000000003ad8      0x253 build/cooja/mtype745.a(log.o)
 .debug_abbrev  0x0000000000003d2b      0x121 build/cooja/mtype745.a(energest.o)
 .debug_abbrev  0x0000000000003e4c      0x257 build/cooja/mtype745.a(etimer.o)
 .debug_abbrev  0x00000000000040a3      0x1a4 build/cooja/mtype745.a(node-id.o)
 .debug_abbrev  0x0000000000004247      0x1e4 build/cooja/mtype745.a(ctimer.o)
 .debug_abbrev  0x000000000000442b      0x2b3 build/cooja/mtype745.a(process.o)
 .debug_abbrev  0x00000000000046de      0x1ca build/cooja/mtype745.a(rtimer.o)
 .debug_abbrev  0x00000000000048a8      0x194 build/cooja/mtype745.a(timer.o)
 .debug_abbrev  0x0000000000004a3c      0x20c build/cooja/mtype745.a(list.o)
 .debug_abbrev  0x0000000000004c48      0x178 build/cooja/mtype745.a(memb.o)
 .debug_abbrev  0x0000000000004dc0      0x157 build/cooja/mtype745.a(assert.o)
 .debug_abbrev  0x0000000000004f17      0x28a build/cooja/mtype745.a(button-hal.o)
 .debug_abbrev  0x00000000000051a1      0x1d1 build/cooja/mtype745.a(serial-line.o)
 .debug_abbrev  0x0000000000005372      0x1d6 build/cooja/mtype745.a(gpio-hal.o)
 .debug_abbrev  0x0000000000005548      0x2f3 build/cooja/mtype745.a(queuebuf.o)
 .debug_abbrev  0x000000000000583b      0x30e build/cooja/mtype745.a(packetbuf.o)
 .debug_abbrev  0x0000000000005b49      0x233 build/cooja/mtype745.a(netstack.o)
 .debug_abbrev  0x0000000000005d7c      0x197 build/cooja/mtype745.a(linkaddr.o)
 .debug_abbrev  0x0000000000005f13      0x24b build/cooja/mtype745.a(mac-sequence.o)
 .debug_abbrev  0x000000000000615e      0x18f build/cooja/mtype745.a(mac.o)
 .debug_abbrev  0x00000000000062ed      0x262 build/cooja/mtype745.a(framer-802154.o)
 .debug_abbrev  0x000000000000654f      0x310 build/cooja/mtype745.a(frame802154.o)
 .debug_abbrev  0x000000000000685f      0x279 build/cooja/mtype745.a(nullnet.o)
 .debug_abbrev  0x0000000000006ad8      0x266 build/cooja/mtype745.a(nullrouting.o)
 .debug_abbrev  0x0000000000006d3e      0x11f build/cooja/mtype745.a(watchdog.o)
 .debug_abbrev  0x0000000000006e5d      0x18e build/cooja/mtype745.a(int-master.o)
 .debug_abbrev  0x0000000000006feb      0x178 build/cooja/mtype745.a(ringbuf.o)

.debug_line     0x0000000000000000     0xb40d
 *(.debug_line .debug_line.* .debug_line_end)
 .debug_line    0x0000000000000000      0x2ec iotorii-root.o
 .debug_line    0x00000000000002ec      0x6a4 build/cooja/mtype745.o
 .debug_line    0x0000000000000990      0x81c build/cooja/obj/../iotorii-csma.o
 .debug_line    0x00000000000011ac      0x4e2 build/cooja/obj/../hlmacaddr.o
 .debug_line    0x000000000000168e      0x3b8 build/cooja/obj/../hlmac-table.o
 .debug_line    0x0000000000001a46      0x3b9 build/cooja/obj/../csma-security.o
 .debug_line    0x0000000000001dff      0x6f9 build/cooja/obj/../csma-output.o
 .debug_line    0x00000000000024f8      0x29a build/cooja/mtype745.a(simEnvChange.o)
 .debug_line    0x0000000000002792      0x1dc build/cooja/mtype745.a(cooja_mt.o)
 .debug_line    0x000000000000296e      0x2db build/cooja/mtype745.a(cooja_mtarch.o)
 .debug_line    0x0000000000002c49      0x1cf build/cooja/mtype745.a(rtimer-arch.o)
 .debug_line    0x0000000000002e18      0x198 build/cooja/mtype745.a(beep.o)
 .debug_line    0x0000000000002fb0      0x1f2 build/cooja/mtype745.a(leds-arch.o)
 .debug_line    0x00000000000031a2      0x1aa build/cooja/mtype745.a(moteid.o)
 .debug_line    0x000000000000334c      0x216 build/cooja/mtype745.a(pir-sensor.o)
 .debug_line    0x0000000000003562      0x338 build/cooja/mtype745.a(rs232.o)
 .debug_line    0x000000000000389a      0x216 build/cooja/mtype745.a(vib-sensor.o)
 .debug_line    0x0000000000003ab0      0x16e build/cooja/mtype745.a(clock.o)
 .debug_line    0x0000000000003c1e      0x301 build/cooja/mtype745.a(cooja-log.o)
 .debug_line    0x0000000000003f1f      0x3bb build/cooja/mtype745.a(cfs-cooja.o)
 .debug_line    0x00000000000042da      0x606 build/cooja/mtype745.a(cooja-radio.o)
 .debug_line    0x00000000000048e0      0x1e4 build/cooja/mtype745.a(eeprom.o)
 .debug_line    0x0000000000004ac4       0x6d build/cooja/mtype745.a(random.o)
 .debug_line    0x0000000000004b31      0x29f build/cooja/mtype745.a(sensors.o)
 .debug_line    0x0000000000004dd0      0x2d5 build/cooja/mtype745.a(leds.o)
 .debug_line    0x00000000000050a5      0x43e build/cooja/mtype745.a(gpio-hal-arch.o)
 .debug_line    0x00000000000054e3      0x340 build/cooja/mtype745.a(buttons.o)
 .debug_line    0x0000000000005823      0x664 build/cooja/mtype745.a(contiki-main.o)
 .debug_line    0x0000000000005e87      0x186 build/cooja/mtype745.a(autostart.o)
 .debug_line    0x000000000000600d      0x384 build/cooja/mtype745.a(log.o)
 .debug_line    0x0000000000006391      0x173 build/cooja/mtype745.a(energest.o)
 .debug_line    0x0000000000006504      0x34e build/cooja/mtype745.a(etimer.o)
 .debug_line    0x0000000000006852      0x1ef build/cooja/mtype745.a(node-id.o)
 .debug_line    0x0000000000006a41      0x279 build/cooja/mtype745.a(ctimer.o)
 .debug_line    0x0000000000006cba      0x44f build/cooja/mtype745.a(process.o)
 .debug_line    0x0000000000007109      0x1c8 build/cooja/mtype745.a(rtimer.o)
 .debug_line    0x00000000000072d1      0x18d build/cooja/mtype745.a(timer.o)
 .debug_line    0x000000000000745e      0x2f2 build/cooja/mtype745.a(list.o)
 .debug_line    0x0000000000007750      0x279 build/cooja/mtype745.a(memb.o)
 .debug_line    0x00000000000079c9      0x21e build/cooja/mtype745.a(assert.o)
 .debug_line    0x0000000000007be7      0x3c9 build/cooja/mtype745.a(button-hal.o)
 .debug_line    0x0000000000007fb0      0x287 build/cooja/mtype745.a(serial-line.o)
 .debug_line    0x0000000000008237      0x306 build/cooja/mtype745.a(gpio-hal.o)
 .debug_line    0x000000000000853d      0x4af build/cooja/mtype745.a(queuebuf.o)
 .debug_line    0x00000000000089ec      0x534 build/cooja/mtype745.a(packetbuf.o)
 .debug_line    0x0000000000008f20      0x302 build/cooja/mtype745.a(netstack.o)
 .debug_line    0x0000000000009222      0x1b2 build/cooja/mtype745.a(linkaddr.o)
 .debug_line    0x00000000000093d4      0x473 build/cooja/mtype745.a(mac-sequence.o)
 .debug_line    0x0000000000009847      0x273 build/cooja/mtype745.a(mac.o)
 .debug_line    0x0000000000009aba      0x487 build/cooja/mtype745.a(framer-802154.o)
 .debug_line    0x0000000000009f41      0x80d build/cooja/mtype745.a(frame802154.o)
 .debug_line    0x000000000000a74e      0x3a1 build/cooja/mtype745.a(nullnet.o)
 .debug_line    0x000000000000aaef      0x3e1 build/cooja/mtype745.a(nullrouting.o)
 .debug_line    0x000000000000aed0      0x16b build/cooja/mtype745.a(watchdog.o)
 .debug_line    0x000000000000b03b      0x19b build/cooja/mtype745.a(int-master.o)