Archive member included to satisfy reference by file (symbol)

build/native/contiki-ng-native.a(clock.o)
                              build/native/obj/../csma-output.o (clock_time)
build/native/contiki-ng-native.a(contiki-main.o)
                              /usr/lib/gcc/x86_64-linux-gnu/9/../../../x86_64-linux-gnu/Scrt1.o (main)
build/native/contiki-ng-native.a(autostart.o)
                              build/native/contiki-ng-native.a(contiki-main.o) (autostart_start)
build/native/contiki-ng-native.a(log.o)
                              build/native/contiki-ng-native.a(contiki-main.o) (log_lladdr)
build/native/contiki-ng-native.a(energest.o)
                              build/native/contiki-ng-native.a(contiki-main.o) (energest_init)
build/native/contiki-ng-native.a(etimer.o)
                              build/native/contiki-ng-native.a(contiki-main.o) (etimer_process)
build/native/contiki-ng-native.a(node-id.o)
                              build/native/contiki-ng-native.a(contiki-main.o) (node_id_init)
build/native/contiki-ng-native.a(ctimer.o)
                              build/native/contiki-ng-native.a(contiki-main.o) (ctimer_init)
build/native/contiki-ng-native.a(process.o)
                              build/native/contiki-ng-native.a(etimer.o) (process_current)
build/native/contiki-ng-native.a(rtimer.o)
                              build/native/contiki-ng-native.a(contiki-main.o) (rtimer_init)
build/native/contiki-ng-native.a(timer.o)
                              build/native/contiki-ng-native.a(etimer.o) (timer_set)
build/native/contiki-ng-native.a(list.o)
                              build/native/obj/../csma-output.o (list_init)
build/native/contiki-ng-native.a(memb.o)
                              build/native/obj/../csma-output.o (memb_init)
build/native/contiki-ng-native.a(random.o)
                              build/native/obj/../iotorii-csma.o (random_init)
build/native/contiki-ng-native.a(nullradio.o)
                              iotorii-root.o (nullradio_driver)
build/native/contiki-ng-native.a(queuebuf.o)
                              build/native/contiki-ng-native.a(contiki-main.o) (queuebuf_init)
build/native/contiki-ng-native.a(packetbuf.o)
                              build/native/contiki-ng-native.a(queuebuf.o) (packetbuf_copyto)
build/native/contiki-ng-native.a(netstack.o)
                              build/native/contiki-ng-native.a(contiki-main.o) (netstack_init)
build/native/contiki-ng-native.a(linkaddr.o)
                              build/native/obj/../csma-output.o (linkaddr_copy)
build/native/contiki-ng-native.a(mac-sequence.o)
                              build/native/obj/../iotorii-csma.o (mac_sequence_is_duplicate)
build/native/contiki-ng-native.a(mac.o)
                              build/native/obj/../csma-output.o (mac_call_sent_callback)
build/native/contiki-ng-native.a(framer-802154.o)
                              build/native/obj/../iotorii-csma.o (framer_802154)
build/native/contiki-ng-native.a(frame802154.o)
                              build/native/contiki-ng-native.a(framer-802154.o) (frame802154_get_pan_id)
build/native/contiki-ng-native.a(nullnet.o)
                              build/native/contiki-ng-native.a(contiki-main.o) (nullnet_driver)
build/native/contiki-ng-native.a(nullrouting.o)
                              build/native/contiki-ng-native.a(contiki-main.o) (nullrouting_driver)
build/native/contiki-ng-native.a(platform.o)
                              build/native/contiki-ng-native.a(contiki-main.o) (platform_process_args)
build/native/contiki-ng-native.a(rtimer-arch.o)
                              build/native/contiki-ng-native.a(rtimer.o) (rtimer_arch_init)
build/native/contiki-ng-native.a(watchdog.o)
                              build/native/contiki-ng-native.a(contiki-main.o) (watchdog_init)
build/native/contiki-ng-native.a(button-hal.o)
                              build/native/contiki-ng-native.a(platform.o) (button_hal_init)
build/native/contiki-ng-native.a(serial-line.o)
                              build/native/contiki-ng-native.a(platform.o) (serial_line_input_byte)
build/native/contiki-ng-native.a(leds.o)
                              build/native/contiki-ng-native.a(platform.o) (leds_init)
build/native/contiki-ng-native.a(gpio-hal.o)
                              build/native/contiki-ng-native.a(button-hal.o) (gpio_hal_register_handler)
build/native/contiki-ng-native.a(buttons.o)
                              build/native/contiki-ng-native.a(button-hal.o) (button_hal_button_count)
build/native/contiki-ng-native.a(int-master.o)
                              build/native/contiki-ng-native.a(button-hal.o) (int_master_read_and_disable)
build/native/contiki-ng-native.a(gpio-hal-arch.o)
                              build/native/contiki-ng-native.a(gpio-hal.o) (gpio_hal_arch_init)
build/native/contiki-ng-native.a(ringbuf.o)
                              build/native/contiki-ng-native.a(serial-line.o) (ringbuf_init)
[...]
Memory Configuration

Name             Origin             Length             Attributes
*default*        0x0000000000000000 0xffffffffffffffff

Linker script and memory map

LOAD /usr/lib/gcc/x86_64-linux-gnu/9/../../../x86_64-linux-gnu/Scrt1.o
LOAD /usr/lib/gcc/x86_64-linux-gnu/9/../../../x86_64-linux-gnu/crti.o
LOAD /usr/lib/gcc/x86_64-linux-gnu/9/crtbeginS.o
LOAD iotorii-root.o
LOAD build/native/obj/../iotorii-csma.o
LOAD build/native/obj/../hlmacaddr.o
LOAD build/native/obj/../hlmac-table.o
LOAD build/native/obj/../csma-security.o
LOAD build/native/obj/../csma-output.o
LOAD build/native/contiki-ng-native.a
LOAD /usr/lib/gcc/x86_64-linux-gnu/9/../../../x86_64-linux-gnu/librt.so
LOAD /usr/lib/gcc/x86_64-linux-gnu/9/libgcc.a
LOAD /usr/lib/gcc/x86_64-linux-gnu/9/libgcc_s.so
START GROUP
LOAD /usr/lib/gcc/x86_64-linux-gnu/9/../../../x86_64-linux-gnu/libgcc_s.so.1
LOAD /usr/lib/gcc/x86_64-linux-gnu/9/libgcc.a
END GROUP
LOAD /usr/lib/gcc/x86_64-linux-gnu/9/../../../x86_64-linux-gnu/libc.so
START GROUP
LOAD /lib/x86_64-linux-gnu/libc.so.6
LOAD /usr/lib/x86_64-linux-gnu/libc_nonshared.a
LOAD /lib/x86_64-linux-gnu/ld-linux-x86-64.so.2
END GROUP
LOAD /usr/lib/gcc/x86_64-linux-gnu/9/libgcc.a
LOAD /usr/lib/gcc/x86_64-linux-gnu/9/libgcc_s.so
START GROUP
LOAD /usr/lib/gcc/x86_64-linux-gnu/9/../../../x86_64-linux-gnu/libgcc_s.so.1
LOAD /usr/lib/gcc/x86_64-linux-gnu/9/libgcc.a
END GROUP
LOAD /usr/lib/gcc/x86_64-linux-gnu/9/crtendS.o
LOAD /usr/lib/gcc/x86_64-linux-gnu/9/../../../x86_64-linux-gnu/crtn.o
                [!provide]                        PROVIDE (__executable_start = SEGMENT_START ("text-segment", 0x0))
                0x0000000000000318                . = (SEGMENT_START ("text-segment", 0x0) + SIZEOF_HEADERS)

.interp         0x0000000000000318       0x1c
 *(.interp)
 .interp        0x0000000000000318       0x1c /usr/lib/gcc/x86_64-linux-gnu/9/../../../x86_64-linux-gnu/Scrt1.o

.note.gnu.property
                0x0000000000000338       0x20
 .note.gnu.property
                0x0000000000000338       0x20 /usr/lib/gcc/x86_64-linux-gnu/9/../../../x86_64-linux-gnu/Scrt1.o

.note.gnu.build-id
                0x0000000000000358       0x24
 *(.note.gnu.build-id)
 .note.gnu.build-id
                0x0000000000000358       0x24 /usr/lib/gcc/x86_64-linux-gnu/9/../../../x86_64-linux-gnu/Scrt1.o

.note.ABI-tag   0x000000000000037c       0x20
 .note.ABI-tag  0x000000000000037c       0x20 /usr/lib/gcc/x86_64-linux-gnu/9/../../../x86_64-linux-gnu/Scrt1.o

.hash
 *(.hash)

.gnu.hash       0x00000000000003a0      0x970
 *(.gnu.hash)
 .gnu.hash      0x00000000000003a0      0x970 /usr/lib/gcc/x86_64-linux-gnu/9/../../../x86_64-linux-gnu/Scrt1.o

.dynsym         0x0000000000000d10     0x1c38
 *(.dynsym)
 .dynsym        0x0000000000000d10     0x1c38 /usr/lib/gcc/x86_64-linux-gnu/9/../../../x86_64-linux-gnu/Scrt1.o

.dynstr         0x0000000000002948     0x150a
 *(.dynstr)
 .dynstr        0x0000000000002948     0x150a /usr/lib/gcc/x86_64-linux-gnu/9/../../../x86_64-linux-gnu/Scrt1.o

.gnu.version    0x0000000000003e52      0x25a
 *(.gnu.version)
 .gnu.version   0x0000000000003e52      0x25a /usr/lib/gcc/x86_64-linux-gnu/9/../../../x86_64-linux-gnu/Scrt1.o

.gnu.version_d  0x00000000000040b0        0x0
 *(.gnu.version_d)
 .gnu.version_d
                0x00000000000040b0        0x0 /usr/lib/gcc/x86_64-linux-gnu/9/../../../x86_64-linux-gnu/Scrt1.o

.gnu.version_r  0x00000000000040b0       0x60
 *(.gnu.version_r)
 .gnu.version_r
                0x00000000000040b0       0x60 /usr/lib/gcc/x86_64-linux-gnu/9/../../../x86_64-linux-gnu/Scrt1.o

.rela.dyn       0x0000000000004110      0x9f0
 *(.rela.init)
 *(.rela.text .rela.text.* .rela.gnu.linkonce.t.*)
 .rela.text     0x0000000000004110        0x0 /usr/lib/gcc/x86_64-linux-gnu/9/../../../x86_64-linux-gnu/Scrt1.o
 .rela.text.startup
                0x0000000000004110        0x0 /usr/lib/gcc/x86_64-linux-gnu/9/../../../x86_64-linux-gnu/Scrt1.o
 *(.rela.fini)
 *(.rela.rodata .rela.rodata.* .rela.gnu.linkonce.r.*)
 *(.rela.data .rela.data.* .rela.gnu.linkonce.d.*)
 .rela.data.rel.ro
                0x0000000000004110        0x0 /usr/lib/gcc/x86_64-linux-gnu/9/../../../x86_64-linux-gnu/Scrt1.o
 .rela.data.rel.local
                0x0000000000004110      0x438 /usr/lib/gcc/x86_64-linux-gnu/9/../../../x86_64-linux-gnu/Scrt1.o
 .rela.data.rel.ro.local
                0x0000000000004548      0x4e0 /usr/lib/gcc/x86_64-linux-gnu/9/../../../x86_64-linux-gnu/Scrt1.o
 *(.rela.tdata .rela.tdata.* .rela.gnu.linkonce.td.*)
 *(.rela.tbss .rela.tbss.* .rela.gnu.linkonce.tb.*)
 *(.rela.ctors)
 *(.rela.dtors)
 *(.rela.got)
 .rela.got      0x0000000000004a28       0x78 /usr/lib/gcc/x86_64-linux-gnu/9/../../../x86_64-linux-gnu/Scrt1.o
 *(.rela.bss .rela.bss.* .rela.gnu.linkonce.b.*)
 .rela.bss      0x0000000000004aa0       0x30 /usr/lib/gcc/x86_64-linux-gnu/9/../../../x86_64-linux-gnu/Scrt1.o
 *(.rela.ldata .rela.ldata.* .rela.gnu.linkonce.l.*)
 *(.rela.lbss .rela.lbss.* .rela.gnu.linkonce.lb.*)
 *(.rela.lrodata .rela.lrodata.* .rela.gnu.linkonce.lr.*)
 *(.rela.ifunc)
 .rela.ifunc    0x0000000000004ad0        0x0 /usr/lib/gcc/x86_64-linux-gnu/9/../../../x86_64-linux-gnu/Scrt1.o
 .rela.fini_array
                0x0000000000004ad0       0x18 /usr/lib/gcc/x86_64-linux-gnu/9/../../../x86_64-linux-gnu/Scrt1.o
 .rela.init_array
                0x0000000000004ae8       0x18 /usr/lib/gcc/x86_64-linux-gnu/9/../../../x86_64-linux-gnu/Scrt1.o

.rela.plt       0x0000000000004b00      0x228
 *(.rela.plt)
 .rela.plt      0x0000000000004b00      0x228 /usr/lib/gcc/x86_64-linux-gnu/9/../../../x86_64-linux-gnu/Scrt1.o
 *(.rela.iplt)
                0x0000000000005000                . = ALIGN (CONSTANT (MAXPAGESIZE))

.init           0x0000000000005000       0x1b
 *(SORT_NONE(.init))
 .init          0x0000000000005000       0x16 /usr/lib/gcc/x86_64-linux-gnu/9/../../../x86_64-linux-gnu/crti.o
                0x0000000000005000                _init
 .init          0x0000000000005016        0x5 /usr/lib/gcc/x86_64-linux-gnu/9/../../../x86_64-linux-gnu/crtn.o

.plt            0x0000000000005020      0x180
 *(.plt)
 .plt           0x0000000000005020      0x180 /usr/lib/gcc/x86_64-linux-gnu/9/../../../x86_64-linux-gnu/Scrt1.o
 *(.iplt)

.plt.got        0x00000000000051a0       0x10
 *(.plt.got)
 .plt.got       0x00000000000051a0       0x10 /usr/lib/gcc/x86_64-linux-gnu/9/../../../x86_64-linux-gnu/Scrt1.o
                0x00000000000051a0                __cxa_finalize@@GLIBC_2.2.5

.plt.sec        0x00000000000051b0      0x170
 *(.plt.sec)
 .plt.sec       0x00000000000051b0      0x170 /usr/lib/gcc/x86_64-linux-gnu/9/../../../x86_64-linux-gnu/Scrt1.o
                0x00000000000051b0                free@@GLIBC_2.2.5
                0x00000000000051c0                putchar@@GLIBC_2.2.5
                0x00000000000051d0                __errno_location@@GLIBC_2.2.5
                0x00000000000051e0                puts@@GLIBC_2.2.5
                0x00000000000051f0                clock_gettime@@GLIBC_2.17
                0x0000000000005200                __stack_chk_fail@@GLIBC_2.4
                0x0000000000005210                memset@@GLIBC_2.2.5
                0x0000000000005220                read@@GLIBC_2.2.5
                0x0000000000005230                srand@@GLIBC_2.2.5
                0x0000000000005240                strcmp@@GLIBC_2.2.5
                0x0000000000005250                signal@@GLIBC_2.2.5
                0x0000000000005260                __memcpy_chk@@GLIBC_2.3.4
                0x0000000000005270                memcpy@@GLIBC_2.14
                0x0000000000005280                select@@GLIBC_2.2.5
                0x0000000000005290                malloc@@GLIBC_2.2.5
                0x00000000000052a0                setitimer@@GLIBC_2.2.5
                0x00000000000052b0                __printf_chk@@GLIBC_2.3.4
                0x00000000000052c0                setvbuf@@GLIBC_2.2.5
                0x00000000000052d0                perror@@GLIBC_2.2.5
                0x00000000000052e0                exit@@GLIBC_2.2.5
                0x00000000000052f0                __fprintf_chk@@GLIBC_2.3.4
                0x0000000000005300                rand@@GLIBC_2.2.5
                0x0000000000005310                __sprintf_chk@@GLIBC_2.3.4

.text           0x0000000000005320     0x5b55
 *(.text.unlikely .text.*_unlikely .text.unlikely.*)
 *(.text.exit .text.exit.*)
 *(.text.startup .text.startup.*)
 .text.startup  0x0000000000005320      0x2c8 build/native/contiki-ng-native.a(contiki-main.o)
                0x0000000000005320                main
 *(.text.hot .text.hot.*)
 *(SORT_BY_NAME(.text.sorted.*))
 *(.text .stub .text.* .gnu.linkonce.t.*)
 *fill*         0x00000000000055e8        0x8 
 .text          0x00000000000055f0       0x2f /usr/lib/gcc/x86_64-linux-gnu/9/../../../x86_64-linux-gnu/Scrt1.o
                0x00000000000055f0                _start
 .text          0x000000000000561f        0x0 /usr/lib/gcc/x86_64-linux-gnu/9/../../../x86_64-linux-gnu/crti.o
 *fill*         0x000000000000561f        0x1 
 .text          0x0000000000005620       0xb9 /usr/lib/gcc/x86_64-linux-gnu/9/crtbeginS.o
 *fill*         0x00000000000056d9        0x7 
 .text          0x00000000000056e0       0x20 iotorii-root.o
 .text          0x0000000000005700      0xaa9 build/native/obj/../iotorii-csma.o
                0x0000000000005760                iotorii_handle_send_sethlmac_timer
                0x00000000000059e0                iotorii_send_sethlmac
                0x0000000000005d40                iotorii_handle_incoming_hello
                0x0000000000005df0                iotorii_extract_address
                0x0000000000005fd0                iotorii_handle_incoming_sethlamc
                0x0000000000006180                iotorii_operation
 *fill*         0x00000000000061a9        0x7 
 .text          0x00000000000061b0      0x3a8 build/native/obj/../hlmacaddr.o
                0x00000000000061b0                hlmac_is_unspecified_addr
                0x00000000000061d0                hlmac_get_len
                0x00000000000061e0                hlmac_get_address
                0x0000000000006220                hlmac_create_root_addr
                0x0000000000006250                hlmac_add_new_id
                0x00000000000062e0                hlmac_remove_Last_id
                0x0000000000006380                hlmac_cmp
                0x0000000000006470                hlmac_addr_to_str
                0x0000000000006530                get_addr_index_value
 *fill*         0x0000000000006558        0x8 
 .text          0x0000000000006560      0x1e7 build/native/obj/../hlmac-table.o
                0x0000000000006560                hlmac_table_init
                0x0000000000006570                hlmactable_add
                0x00000000000065f0                hlmactable_get_longest_matchhed_prefix
                0x00000000000066c0                hlmactable_has_loop
                0x0000000000006710                hlmactable_calculate_sum_hop
 *fill*         0x0000000000006747        0x9 
 .text          0x0000000000006750       0x3a build/native/obj/../csma-security.o
                0x0000000000006750                csma_security_create_frame
                0x0000000000006780                csma_security_parse_frame
 *fill*         0x000000000000678a        0x6 
 .text          0x0000000000006790      0x650 build/native/obj/../csma-output.o
                0x0000000000006b70                csma_output_packet
                0x0000000000006db0                csma_output_init
 .text          0x0000000000006de0       0xd5 build/native/contiki-ng-native.a(clock.o)
                0x0000000000006de0                clock_time
                0x0000000000006e50                clock_seconds
                0x0000000000006ea0                clock_delay
                0x0000000000006eb0                clock_init
 .text          0x0000000000006eb5        0x0 build/native/contiki-ng-native.a(contiki-main.o)
 *fill*         0x0000000000006eb5        0xb 
 .text          0x0000000000006ec0       0x71 build/native/contiki-ng-native.a(autostart.o)
                0x0000000000006ec0                autostart_start
                0x0000000000006f00                autostart_exit
 *fill*         0x0000000000006f31        0xf 
 .text          0x0000000000006f40      0x2e0 build/native/contiki-ng-native.a(log.o)
                0x0000000000006f40                log_lladdr
                0x0000000000006ff0                log_lladdr_compact
                0x0000000000007050                log_bytes
                0x00000000000070a0                log_set_level
                0x0000000000007130                log_get_level
                0x00000000000071b0                log_level_to_str
 .text          0x0000000000007220       0x27 build/native/contiki-ng-native.a(energest.o)
                0x0000000000007220                energest_init
                0x0000000000007230                energest_flush
                0x0000000000007240                energest_get_total_time
 *fill*         0x0000000000007247        0x9 
 .text          0x0000000000007250      0x44d build/native/contiki-ng-native.a(etimer.o)
                0x00000000000074e0                etimer_request_poll
                0x00000000000074f0                etimer_set
                0x0000000000007510                etimer_reset_with_new_interval
                0x0000000000007540                etimer_reset
                0x0000000000007560                etimer_restart
                0x0000000000007580                etimer_adjust
                0x00000000000075b0                etimer_expired
                0x00000000000075c0                etimer_expiration_time
                0x00000000000075d0                etimer_start_time
                0x00000000000075e0                etimer_pending
                0x0000000000007600                etimer_next_expiration_time
                0x0000000000007620                etimer_stop
 *fill*         0x000000000000769d        0x3 
 .text          0x00000000000076a0       0x1f build/native/contiki-ng-native.a(node-id.o)
                0x00000000000076a0                node_id_init
 *fill*         0x00000000000076bf        0x1 
 .text          0x00000000000076c0      0x32c build/native/contiki-ng-native.a(ctimer.o)
                0x00000000000077c0                ctimer_init
                0x00000000000077f0                ctimer_set_with_process
                0x0000000000007860                ctimer_set
                0x0000000000007870                ctimer_reset
                0x00000000000078d0                ctimer_restart
                0x0000000000007930                ctimer_stop
                0x0000000000007990                ctimer_expired
 *fill*         0x00000000000079ec        0x4 
 .text          0x00000000000079f0      0x47e build/native/contiki-ng-native.a(process.o)
                0x0000000000007bd0                process_alloc_event
                0x0000000000007bf0                process_start
                0x0000000000007c60                process_exit
                0x0000000000007c70                process_init
                0x0000000000007ca0                process_run
                0x0000000000007d90                process_nevents
                0x0000000000007db0                process_post
                0x0000000000007e00                process_post_synch
                0x0000000000007e30                process_poll
                0x0000000000007e60                process_is_running
 *fill*         0x0000000000007e6e        0x2 
 .text          0x0000000000007e70       0xa9 build/native/contiki-ng-native.a(rtimer.o)
                0x0000000000007e70                rtimer_init
                0x0000000000007e80                rtimer_set
                0x0000000000007ed0                rtimer_run_next
 *fill*         0x0000000000007f19        0x7 
 .text          0x0000000000007f20       0xa9 build/native/contiki-ng-native.a(timer.o)
                0x0000000000007f20                timer_set
                0x0000000000007f40                timer_reset
                0x0000000000007f70                timer_restart
                0x0000000000007f90                timer_expired
                0x0000000000007fb0                timer_remaining
 *fill*         0x0000000000007fc9        0x7 
 .text          0x0000000000007fd0      0x349 build/native/contiki-ng-native.a(list.o)
                0x0000000000007fd0                list_init
                0x0000000000007fe0                list_head
                0x0000000000007ff0                list_copy
                0x0000000000008000                list_tail
                0x0000000000008030                list_add
                0x00000000000080b0                list_push
                0x0000000000008110                list_chop
                0x0000000000008170                list_pop
                0x0000000000008190                list_remove
                0x00000000000081e0                list_length
                0x0000000000008200                list_insert
                0x00000000000082c0                list_item_next
                0x00000000000082e0                list_contains
 *fill*         0x0000000000008319        0x7 
 .text          0x0000000000008320      0x147 build/native/contiki-ng-native.a(memb.o)
                0x0000000000008320                memb_init
                0x0000000000008350                memb_alloc
                0x00000000000083a0                memb_free
                0x00000000000083f0                memb_inmemb
                0x0000000000008420                memb_numfree
 *fill*         0x0000000000008467        0x9 
 .text          0x0000000000008470       0x22 build/native/contiki-ng-native.a(random.o)
                0x0000000000008470                random_init
                0x0000000000008480                random_rand
 *fill*         0x0000000000008492        0xe 
 .text          0x00000000000084a0       0xf7 build/native/contiki-ng-native.a(nullradio.o)
 *fill*         0x0000000000008597        0x9 
 .text          0x00000000000085a0      0x225 build/native/contiki-ng-native.a(queuebuf.o)
                0x00000000000085a0                queuebuf_init
                0x00000000000085d0                queuebuf_numfree
                0x00000000000085e0                queuebuf_new_from_packetbuf
                0x0000000000008660                queuebuf_update_attr_from_packetbuf
                0x0000000000008680                queuebuf_update_from_packetbuf
                0x00000000000086b0                queuebuf_free
                0x00000000000086f0                queuebuf_to_packetbuf
                0x0000000000008740                queuebuf_dataptr
                0x0000000000008770                queuebuf_datalen
                0x0000000000008780                queuebuf_addr
                0x00000000000087a0                queuebuf_attr
                0x00000000000087c0                queuebuf_debug_print
 *fill*         0x00000000000087c5        0xb 
 .text          0x00000000000087d0      0x477 build/native/contiki-ng-native.a(packetbuf.o)
                0x00000000000087d0                packetbuf_copyto
                0x00000000000088c0                packetbuf_hdralloc
                0x0000000000008940                packetbuf_hdrreduce
                0x0000000000008970                packetbuf_set_datalen
                0x0000000000008980                packetbuf_dataptr
                0x00000000000089a0                packetbuf_hdrptr
                0x00000000000089b0                packetbuf_datalen
                0x00000000000089c0                packetbuf_hdrlen
                0x00000000000089e0                packetbuf_totlen
                0x0000000000008a00                packetbuf_remaininglen
                0x0000000000008a30                packetbuf_attr_clear
                0x0000000000008a90                packetbuf_clear
                0x0000000000008ab0                packetbuf_copyfrom
                0x0000000000008b20                packetbuf_attr_copyto
                0x0000000000008b60                packetbuf_attr_copyfrom
                0x0000000000008ba0                packetbuf_set_attr
                0x0000000000008bc0                packetbuf_attr
                0x0000000000008be0                packetbuf_set_addr
                0x0000000000008c10                packetbuf_addr
                0x0000000000008c30                packetbuf_holds_broadcast
 *fill*         0x0000000000008c47        0x9 
 .text          0x0000000000008c50       0xee build/native/contiki-ng-native.a(netstack.o)
                0x0000000000008c50                netstack_process_ip_callback
                0x0000000000008cd0                netstack_ip_packet_processor_add
                0x0000000000008d00                uip_ds6_ip_packet_processor_rm
                0x0000000000008d20                netstack_init
 *fill*         0x0000000000008d3e        0x2 
 .text          0x0000000000008d40       0x3f build/native/contiki-ng-native.a(linkaddr.o)
                0x0000000000008d40                linkaddr_copy
                0x0000000000008d50                linkaddr_cmp
                0x0000000000008d70                linkaddr_set_node_addr
 *fill*         0x0000000000008d7f        0x1 
 .text          0x0000000000008d80      0x172 build/native/contiki-ng-native.a(mac-sequence.o)
                0x0000000000008d80                mac_sequence_is_duplicate
                0x0000000000008e20                mac_sequence_register_seqno
 *fill*         0x0000000000008ef2        0xe 
 .text          0x0000000000008f00       0x19 build/native/contiki-ng-native.a(mac.o)
                0x0000000000008f00                mac_call_sent_callback
 *fill*         0x0000000000008f19        0x7 
 .text          0x0000000000008f20      0x3e1 build/native/contiki-ng-native.a(framer-802154.o)
                0x00000000000092e0                framer_802154_setup_params
 *fill*         0x0000000000009301        0xf 
 .text          0x0000000000009310      0x98e build/native/contiki-ng-native.a(frame802154.o)
                0x0000000000009310                frame802154_get_pan_id
                0x0000000000009320                frame802154_set_pan_id
                0x0000000000009330                frame802154_has_panid
                0x0000000000009590                frame802154_check_dest_panid
                0x0000000000009610                frame802154_is_broadcast_addr
                0x0000000000009660                frame802154_extract_linkaddr
                0x00000000000097a0                frame802154_hdrlen
                0x0000000000009810                frame802154_create_fcf
                0x0000000000009890                frame802154_create
                0x00000000000099c0                frame802154_parse_fcf
                0x0000000000009a30                frame802154_parse
 *fill*         0x0000000000009c9e        0x2 
 .text          0x0000000000009ca0       0xfc build/native/contiki-ng-native.a(nullnet.o)
                0x0000000000009d90                nullnet_set_input_callback
 *fill*         0x0000000000009d9c        0x4 
 .text          0x0000000000009da0      0x135 build/native/contiki-ng-native.a(nullrouting.o)
 *fill*         0x0000000000009ed5        0xb 
 .text          0x0000000000009ee0      0x3c1 build/native/contiki-ng-native.a(platform.o)
                0x0000000000009f50                select_set_callback
                0x0000000000009ff0                native_uart_set_input
                0x000000000000a000                platform_process_args
                0x000000000000a020                platform_init_stage_one
                0x000000000000a040                platform_init_stage_two
                0x000000000000a0b0                platform_init_stage_three
                0x000000000000a0d0                platform_main_loop
                0x000000000000a250                log_message
                0x000000000000a280                uip_log
 *fill*         0x000000000000a2a1        0xf 
 .text          0x000000000000a2b0       0xc4 build/native/contiki-ng-native.a(rtimer-arch.o)
                0x000000000000a2d0                rtimer_arch_init
                0x000000000000a2f0                rtimer_arch_schedule
 *fill*         0x000000000000a374        0xc 
 .text          0x000000000000a380       0x54 build/native/contiki-ng-native.a(watchdog.o)
                0x000000000000a380                watchdog_init
                0x000000000000a390                watchdog_start
                0x000000000000a3a0                watchdog_periodic
                0x000000000000a3b0                watchdog_stop
                0x000000000000a3c0                watchdog_reboot
 *fill*         0x000000000000a3d4        0xc 
 .text          0x000000000000a3e0      0x378 build/native/contiki-ng-native.a(button-hal.o)
                0x000000000000a530                button_hal_get_by_id
                0x000000000000a570                button_hal_get_by_index
                0x000000000000a5a0                button_hal_get_state
                0x000000000000a680                button_hal_init
 *fill*         0x000000000000a758        0x8 
 .text          0x000000000000a760      0x1e2 build/native/contiki-ng-native.a(serial-line.o)
                0x000000000000a890                serial_line_input_byte
                0x000000000000a910                serial_line_init
 *fill*         0x000000000000a942        0xe 
 .text          0x000000000000a950       0x87 build/native/contiki-ng-native.a(leds.o)
                0x000000000000a950                leds_init
                0x000000000000a960                leds_single_on
                0x000000000000a970                leds_single_off
                0x000000000000a980                leds_single_toggle
                0x000000000000a990                leds_on
                0x000000000000a9a0                leds_off
                0x000000000000a9b0                leds_toggle
                0x000000000000a9c0                leds_set
                0x000000000000a9d0                leds_get
 *fill*         0x000000000000a9d7        0x9 
 .text          0x000000000000a9e0      0x118 build/native/contiki-ng-native.a(gpio-hal.o)
                0x000000000000a9e0                gpio_hal_register_handler
                0x000000000000aa00                gpio_hal_event_handler
                0x000000000000aa50                gpio_hal_init
                0x000000000000aa70                gpio_hal_arch_port_toggle_pin
                0x000000000000aa90                gpio_hal_arch_port_toggle_pins
                0x000000000000aab0                gpio_hal_arch_no_port_toggle_pin
                0x000000000000aae0                gpio_hal_arch_no_port_toggle_pins
 .text          0x000000000000aaf8        0x0 build/native/contiki-ng-native.a(buttons.o)
 *fill*         0x000000000000aaf8        0x8 
 .text          0x000000000000ab00       0x50 build/native/contiki-ng-native.a(int-master.o)
                0x000000000000ab00                int_master_enable
                0x000000000000ab10                int_master_read_and_disable
                0x000000000000ab30                int_master_status_set
                0x000000000000ab40                int_master_is_enabled
 .text          0x000000000000ab50      0x1d2 build/native/contiki-ng-native.a(gpio-hal-arch.o)
                0x000000000000ab50                gpio_hal_arch_init
                0x000000000000ab60                gpio_hal_arch_no_port_interrupt_enable
                0x000000000000ab70                gpio_hal_arch_no_port_interrupt_disable
                0x000000000000ab80                gpio_hal_arch_no_port_pin_cfg_set
                0x000000000000aba0                gpio_hal_arch_no_port_pin_cfg_get
                0x000000000000abc0                gpio_hal_arch_no_port_pin_set_input
                0x000000000000abd0                gpio_hal_arch_no_port_pin_set_output
                0x000000000000abe0                gpio_hal_arch_no_port_set_pin
                0x000000000000ac00                gpio_hal_arch_no_port_clear_pin
                0x000000000000ac20                gpio_hal_arch_no_port_read_pin
                0x000000000000ac40                gpio_hal_arch_no_port_write_pin
                0x000000000000ac60                gpio_hal_arch_no_port_set_pins
                0x000000000000ac90                gpio_hal_arch_no_port_clear_pins
                0x000000000000acc0                gpio_hal_arch_no_port_read_pins
                0x000000000000acf0                gpio_hal_arch_no_port_write_pins
 *fill*         0x000000000000ad22        0xe 
 .text          0x000000000000ad30       0xc5 build/native/contiki-ng-native.a(ringbuf.o)
                0x000000000000ad30                ringbuf_init
                0x000000000000ad50                ringbuf_put
                0x000000000000ad90                ringbuf_get
                0x000000000000add0                ringbuf_size
                0x000000000000ade0                ringbuf_elements
 *fill*         0x000000000000adf5        0xb 
 .text          0x000000000000ae00       0x75 /usr/lib/x86_64-linux-gnu/libc_nonshared.a(elf-init.oS)
                0x000000000000ae00                __libc_csu_init
                0x000000000000ae70                __libc_csu_fini
 .text          0x000000000000ae75        0x0 /usr/lib/gcc/x86_64-linux-gnu/9/crtendS.o
 .text          0x000000000000ae75        0x0 /usr/lib/gcc/x86_64-linux-gnu/9/../../../x86_64-linux-gnu/crtn.o
 *(.gnu.warning)

.fini           0x000000000000ae78        0xd
 *(SORT_NONE(.fini))
 .fini          0x000000000000ae78        0x8 /usr/lib/gcc/x86_64-linux-gnu/9/../../../x86_64-linux-gnu/crti.o
                0x000000000000ae78                _fini
 .fini          0x000000000000ae80        0x5 /usr/lib/gcc/x86_64-linux-gnu/9/../../../x86_64-linux-gnu/crtn.o
                [!provide]                        PROVIDE (__etext = .)
                [!provide]                        PROVIDE (_etext = .)
                [!provide]                        PROVIDE (etext = .)
                0x000000000000b000                . = ALIGN (CONSTANT (MAXPAGESIZE))
                0x000000000000b000                . = SEGMENT_START ("rodata-segment", (ALIGN (CONSTANT (MAXPAGESIZE)) + (. & (CONSTANT (MAXPAGESIZE) - 0x1))))

.rodata         0x000000000000b000      0x413
 *(.rodata .rodata.* .gnu.linkonce.r.*)
 .rodata.cst4   0x000000000000b000        0x4 /usr/lib/gcc/x86_64-linux-gnu/9/../../../x86_64-linux-gnu/Scrt1.o
                0x000000000000b000                _IO_stdin_used
 .rodata.str1.1
                0x000000000000b004       0x1e iotorii-root.o
 *fill*         0x000000000000b022        0x6 
 .rodata.str1.8
                0x000000000000b028      0x188 build/native/obj/../iotorii-csma.o
 .rodata.str1.1
                0x000000000000b1b0       0x2b build/native/obj/../iotorii-csma.o
 .rodata.str1.1
                0x000000000000b1db        0x7 build/native/obj/../hlmacaddr.o
 *fill*         0x000000000000b1e2        0xe 
 .rodata        0x000000000000b1f0       0x10 build/native/obj/../hlmacaddr.o
                0x000000000000b1f0                UNSPECIFIED_HLMAC_ADDRESS
 .rodata.str1.8
                0x000000000000b200       0x3e build/native/obj/../hlmac-table.o
 .rodata.str1.1
                0x000000000000b23e       0x7a build/native/contiki-ng-native.a(contiki-main.o)
 .rodata.str1.8
                0x000000000000b2b8       0x58 build/native/contiki-ng-native.a(contiki-main.o)
 .rodata.str1.1
                0x000000000000b310       0x90 build/native/contiki-ng-native.a(log.o)
 .rodata        0x000000000000b3a0       0x14 build/native/contiki-ng-native.a(log.o)
 .rodata.str1.1
                0x000000000000b3b4        0xc build/native/contiki-ng-native.a(etimer.o)
 .rodata.str1.1
                0x000000000000b3c0        0xf build/native/contiki-ng-native.a(ctimer.o)
 *fill*         0x000000000000b3cf        0x1 
 .rodata        0x000000000000b3d0        0x8 build/native/contiki-ng-native.a(linkaddr.o)
                0x000000000000b3d0                linkaddr_null
 .rodata.str1.1
                0x000000000000b3d8        0x8 build/native/contiki-ng-native.a(nullnet.o)
 .rodata.str1.1
                0x000000000000b3d8        0xc build/native/contiki-ng-native.a(nullrouting.o)
 .rodata.str1.1
                0x000000000000b3e4        0xd build/native/contiki-ng-native.a(platform.o)
                                         0x11 (size before relaxing)
 .rodata.str1.1
                0x000000000000b3f1       0x13 build/native/contiki-ng-native.a(button-hal.o)
 .rodata.str1.1
                0x000000000000b404        0xe build/native/contiki-ng-native.a(serial-line.o)
 .rodata        0x000000000000b412        0x1 build/native/contiki-ng-native.a(buttons.o)
                0x000000000000b412                button_hal_button_count

.rodata1
 *(.rodata1)

.eh_frame_hdr   0x000000000000b414      0x934
 *(.eh_frame_hdr)
 .eh_frame_hdr  0x000000000000b414      0x934 /usr/lib/gcc/x86_64-linux-gnu/9/../../../x86_64-linux-gnu/Scrt1.o
                0x000000000000b414                __GNU_EH_FRAME_HDR
 *(.eh_frame_entry .eh_frame_entry.*)

.eh_frame       0x000000000000bd48     0x2120
 *(.eh_frame)
 .eh_frame      0x000000000000bd48       0x30 /usr/lib/gcc/x86_64-linux-gnu/9/../../../x86_64-linux-gnu/Scrt1.o
                                         0x2c (size before relaxing)
 *fill*         0x000000000000bd78        0x0 
 .eh_frame      0x000000000000bd78       0x28 /usr/lib/gcc/x86_64-linux-gnu/9/../../../x86_64-linux-gnu/Scrt1.o
                                         0x40 (size before relaxing)
 .eh_frame      0x000000000000bda0       0x18 /usr/lib/gcc/x86_64-linux-gnu/9/../../../x86_64-linux-gnu/Scrt1.o
                                         0x30 (size before relaxing)
 .eh_frame      0x000000000000bdb8       0x18 /usr/lib/gcc/x86_64-linux-gnu/9/../../../x86_64-linux-gnu/Scrt1.o
                                         0x30 (size before relaxing)
 .eh_frame      0x000000000000bdd0       0x20 iotorii-root.o
                                         0x38 (size before relaxing)
 .eh_frame      0x000000000000bdf0      0x290 build/native/obj/../iotorii-csma.o
                                        0x2a8 (size before relaxing)
 .eh_frame      0x000000000000c080      0x180 build/native/obj/../hlmacaddr.o
                                        0x198 (size before relaxing)
 .eh_frame      0x000000000000c200       0xb0 build/native/obj/../hlmac-table.o
                                         0xc8 (size before relaxing)
 .eh_frame      0x000000000000c2b0       0x30 build/native/obj/../csma-security.o
                                         0x48 (size before relaxing)
 .eh_frame      0x000000000000c2e0      0x138 build/native/obj/../csma-output.o
                                        0x150 (size before relaxing)
 .eh_frame      0x000000000000c418       0x60 build/native/contiki-ng-native.a(clock.o)
                                         0x78 (size before relaxing)
 .eh_frame      0x000000000000c478       0x20 build/native/contiki-ng-native.a(contiki-main.o)
                                         0x38 (size before relaxing)
 .eh_frame      0x000000000000c498       0x38 build/native/contiki-ng-native.a(autostart.o)
                                         0x50 (size before relaxing)
 .eh_frame      0x000000000000c4d0      0x120 build/native/contiki-ng-native.a(log.o)
                                        0x138 (size before relaxing)
 .eh_frame      0x000000000000c5f0       0x40 build/native/contiki-ng-native.a(energest.o)
                                         0x58 (size before relaxing)
 .eh_frame      0x000000000000c630      0x1b0 build/native/contiki-ng-native.a(etimer.o)
                                        0x1c8 (size before relaxing)
 .eh_frame      0x000000000000c7e0       0x18 build/native/contiki-ng-native.a(node-id.o)
                                         0x30 (size before relaxing)
 .eh_frame      0x000000000000c7f8      0x130 build/native/contiki-ng-native.a(ctimer.o)
                                        0x148 (size before relaxing)
 .eh_frame      0x000000000000c928      0x198 build/native/contiki-ng-native.a(process.o)
                                        0x1b0 (size before relaxing)
 .eh_frame      0x000000000000cac0       0x50 build/native/contiki-ng-native.a(rtimer.o)
                                         0x68 (size before relaxing)
 .eh_frame      0x000000000000cb10       0x90 build/native/contiki-ng-native.a(timer.o)
                                         0xa8 (size before relaxing)
 .eh_frame      0x000000000000cba0      0x108 build/native/contiki-ng-native.a(list.o)
                                        0x120 (size before relaxing)
 .eh_frame      0x000000000000cca8       0x70 build/native/contiki-ng-native.a(memb.o)
                                         0x88 (size before relaxing)
 .eh_frame      0x000000000000cd18       0x30 build/native/contiki-ng-native.a(random.o)
                                         0x48 (size before relaxing)
 .eh_frame      0x000000000000cd48      0x118 build/native/contiki-ng-native.a(nullradio.o)
                                        0x130 (size before relaxing)
 .eh_frame      0x000000000000ce60      0x138 build/native/contiki-ng-native.a(queuebuf.o)
                                        0x150 (size before relaxing)
 .eh_frame      0x000000000000cf98      0x1c0 build/native/contiki-ng-native.a(packetbuf.o)
                                        0x1d8 (size before relaxing)
 .eh_frame      0x000000000000d158       0x78 build/native/contiki-ng-native.a(netstack.o)
                                         0x90 (size before relaxing)
 .eh_frame      0x000000000000d1d0       0x40 build/native/contiki-ng-native.a(linkaddr.o)
                                         0x58 (size before relaxing)
 .eh_frame      0x000000000000d210       0x80 build/native/contiki-ng-native.a(mac-sequence.o)
                                         0x98 (size before relaxing)
 .eh_frame      0x000000000000d290       0x18 build/native/contiki-ng-native.a(mac.o)
                                         0x30 (size before relaxing)
 .eh_frame      0x000000000000d2a8       0xd8 build/native/contiki-ng-native.a(framer-802154.o)
                                         0xf0 (size before relaxing)
 .eh_frame      0x000000000000d380      0x170 build/native/contiki-ng-native.a(frame802154.o)
                                        0x188 (size before relaxing)
 .eh_frame      0x000000000000d4f0       0x98 build/native/contiki-ng-native.a(nullnet.o)
                                         0xb0 (size before relaxing)
 .eh_frame      0x000000000000d588      0x190 build/native/contiki-ng-native.a(nullrouting.o)
                                        0x1a8 (size before relaxing)
 .eh_frame      0x000000000000d718      0x110 build/native/contiki-ng-native.a(platform.o)
                                        0x128 (size before relaxing)
 .eh_frame      0x000000000000d828       0x50 build/native/contiki-ng-native.a(rtimer-arch.o)
                                         0x68 (size before relaxing)
 .eh_frame      0x000000000000d878       0x70 build/native/contiki-ng-native.a(watchdog.o)
                                         0x88 (size before relaxing)
 .eh_frame      0x000000000000d8e8      0x138 build/native/contiki-ng-native.a(button-hal.o)
                                        0x150 (size before relaxing)
 .eh_frame      0x000000000000da20       0x80 build/native/contiki-ng-native.a(serial-line.o)
                                         0x98 (size before relaxing)
 .eh_frame      0x000000000000daa0       0xb8 build/native/contiki-ng-native.a(leds.o)
                                         0xd0 (size before relaxing)
 .eh_frame      0x000000000000db58       0xc8 build/native/contiki-ng-native.a(gpio-hal.o)
                                         0xe0 (size before relaxing)
 .eh_frame      0x000000000000dc20       0x50 build/native/contiki-ng-native.a(int-master.o)
                                         0x68 (size before relaxing)
 .eh_frame      0x000000000000dc70      0x130 build/native/contiki-ng-native.a(gpio-hal-arch.o)
                                        0x148 (size before relaxing)
 .eh_frame      0x000000000000dda0       0x68 build/native/contiki-ng-native.a(ringbuf.o)
                                         0x80 (size before relaxing)
 .eh_frame      0x000000000000de08       0x5c /usr/lib/x86_64-linux-gnu/libc_nonshared.a(elf-init.oS)
                                         0x78 (size before relaxing)
 .eh_frame      0x000000000000de64        0x4 /usr/lib/gcc/x86_64-linux-gnu/9/crtendS.o
 *(.eh_frame.*)

.gcc_except_table
 *(.gcc_except_table .gcc_except_table.*)

.gnu_extab
 *(.gnu_extab*)

.exception_ranges
 *(.exception_ranges*)
                0x000000000000fb10                . = DATA_SEGMENT_ALIGN (CONSTANT (MAXPAGESIZE), CONSTANT (COMMONPAGESIZE))

.eh_frame
 *(.eh_frame)
 *(.eh_frame.*)

.gnu_extab
 *(.gnu_extab)

.gcc_except_table
 *(.gcc_except_table .gcc_except_table.*)

.exception_ranges
 *(.exception_ranges*)

.tdata          0x000000000000fb10        0x0
                [!provide]                        PROVIDE (__tdata_start = .)
 *(.tdata .tdata.* .gnu.linkonce.td.*)

.tbss
 *(.tbss .tbss.* .gnu.linkonce.tb.*)
 *(.tcommon)

.preinit_array  0x000000000000fb10        0x0
                [!provide]                        PROVIDE (__preinit_array_start = .)
 *(.preinit_array)
                [!provide]                        PROVIDE (__preinit_array_end = .)

.init_array     0x000000000000fb10        0x8
                0x000000000000fb10                PROVIDE (__init_array_start = .)
 *(SORT_BY_INIT_PRIORITY(.init_array.*) SORT_BY_INIT_PRIORITY(.ctors.*))
 *(.init_array EXCLUDE_FILE(*crtend?.o *crtend.o *crtbegin?.o *crtbegin.o) .ctors)
 .init_array    0x000000000000fb10        0x8 /usr/lib/gcc/x86_64-linux-gnu/9/crtbeginS.o
                0x000000000000fb18                PROVIDE (__init_array_end = .)

.fini_array     0x000000000000fb18        0x8
                [!provide]                        PROVIDE (__fini_array_start = .)
 *(SORT_BY_INIT_PRIORITY(.fini_array.*) SORT_BY_INIT_PRIORITY(.dtors.*))
 *(.fini_array EXCLUDE_FILE(*crtend?.o *crtend.o *crtbegin?.o *crtbegin.o) .dtors)
 .fini_array    0x000000000000fb18        0x8 /usr/lib/gcc/x86_64-linux-gnu/9/crtbeginS.o
                [!provide]                        PROVIDE (__fini_array_end = .)

.ctors
 *crtbegin.o(.ctors)
 *crtbegin?.o(.ctors)
 *(EXCLUDE_FILE(*crtend?.o *crtend.o) .ctors)
 *(SORT_BY_NAME(.ctors.*))
 *(.ctors)

.dtors
 *crtbegin.o(.dtors)
 *crtbegin?.o(.dtors)
 *(EXCLUDE_FILE(*crtend?.o *crtend.o) .dtors)
 *(SORT_BY_NAME(.dtors.*))
 *(.dtors)

.jcr
 *(.jcr)

.data.rel.ro    0x000000000000fb20      0x1e0
 *(.data.rel.ro.local* .gnu.linkonce.d.rel.ro.local.*)
 .data.rel.ro.local
                0x000000000000fb20       0x10 iotorii-root.o
                0x000000000000fb20                autostart_processes
 *fill*         0x000000000000fb30       0x10 
 .data.rel.ro.local
                0x000000000000fb40       0x38 build/native/obj/../iotorii-csma.o
                0x000000000000fb40                iotorii_csma_driver
 *fill*         0x000000000000fb78        0x8 
 .data.rel.ro.local
                0x000000000000fb80       0x70 build/native/contiki-ng-native.a(nullradio.o)
                0x000000000000fb80                nullradio_driver
 .data.rel.ro.local
                0x000000000000fbf0       0x18 build/native/contiki-ng-native.a(framer-802154.o)
                0x000000000000fbf0                framer_802154
 *fill*         0x000000000000fc08       0x18 
 .data.rel.ro.local
                0x000000000000fc20       0x20 build/native/contiki-ng-native.a(nullnet.o)
                0x000000000000fc20                nullnet_driver
 .data.rel.ro.local
                0x000000000000fc40       0xa8 build/native/contiki-ng-native.a(nullrouting.o)
                0x000000000000fc40                nullrouting_driver
 *fill*         0x000000000000fce8        0x8 
 .data.rel.ro.local
                0x000000000000fcf0       0x10 build/native/contiki-ng-native.a(platform.o)
 *(.data.rel.ro .data.rel.ro.* .gnu.linkonce.d.rel.ro.*)
 .data.rel.ro   0x000000000000fd00        0x0 /usr/lib/gcc/x86_64-linux-gnu/9/../../../x86_64-linux-gnu/Scrt1.o

.dynamic        0x000000000000fd00      0x1f0
 *(.dynamic)
 .dynamic       0x000000000000fd00      0x1f0 /usr/lib/gcc/x86_64-linux-gnu/9/../../../x86_64-linux-gnu/Scrt1.o
                0x000000000000fd00                _DYNAMIC

.got            0x000000000000fef0       0xf8
 *(.got.plt)
 .got.plt       0x000000000000fef0       0xd0 /usr/lib/gcc/x86_64-linux-gnu/9/../../../x86_64-linux-gnu/Scrt1.o
                0x000000000000fef0                _GLOBAL_OFFSET_TABLE_
 *(.igot.plt)
 *(.got)
 .got           0x000000000000ffc0       0x28 /usr/lib/gcc/x86_64-linux-gnu/9/../../../x86_64-linux-gnu/Scrt1.o
 *(.igot)
                0x0000000000010000                . = DATA_SEGMENT_RELRO_END (., 0x0)

.data           0x0000000000010000      0x2a0
 *(.data .data.* .gnu.linkonce.d.*)
 .data          0x0000000000010000        0x4 /usr/lib/gcc/x86_64-linux-gnu/9/../../../x86_64-linux-gnu/Scrt1.o
                0x0000000000010000                data_start
                0x0000000000010000                __data_start
 .data          0x0000000000010004        0x0 /usr/lib/gcc/x86_64-linux-gnu/9/../../../x86_64-linux-gnu/crti.o
 .data          0x0000000000010004        0x0 /usr/lib/gcc/x86_64-linux-gnu/9/crtbeginS.o
 *fill*         0x0000000000010004        0x4 
 .data.rel.local
                0x0000000000010008        0x8 /usr/lib/gcc/x86_64-linux-gnu/9/crtbeginS.o
                0x0000000000010008                __dso_handle
 .data          0x0000000000010010        0x0 iotorii-root.o
 *fill*         0x0000000000010010       0x10 
 .data.rel.local
                0x0000000000010020       0x20 iotorii-root.o
                0x0000000000010020                start_iotorii_root
 .data          0x0000000000010040        0x0 build/native/obj/../iotorii-csma.o
 .data          0x0000000000010040        0x0 build/native/obj/../hlmacaddr.o
 .data          0x0000000000010040        0x0 build/native/obj/../hlmac-table.o
 .data          0x0000000000010040        0x0 build/native/obj/../csma-security.o
 .data          0x0000000000010040        0x0 build/native/obj/../csma-output.o
 .data.rel.local
                0x0000000000010040       0x58 build/native/obj/../csma-output.o
 .data          0x0000000000010098        0x0 build/native/contiki-ng-native.a(clock.o)
 .data          0x0000000000010098        0x0 build/native/contiki-ng-native.a(contiki-main.o)
 .data          0x0000000000010098        0x0 build/native/contiki-ng-native.a(autostart.o)
 .data          0x0000000000010098        0x4 build/native/contiki-ng-native.a(log.o)
                0x0000000000010098                curr_log_level_main
 *fill*         0x000000000001009c        0x4 
 .data.rel.local
                0x00000000000100a0      0x138 build/native/contiki-ng-native.a(log.o)
                0x00000000000100a0                all_modules
 .data          0x00000000000101d8        0x0 build/native/contiki-ng-native.a(energest.o)
 .data          0x00000000000101d8        0x0 build/native/contiki-ng-native.a(etimer.o)
 *fill*         0x00000000000101d8        0x8 
 .data.rel.local
                0x00000000000101e0       0x20 build/native/contiki-ng-native.a(etimer.o)
                0x00000000000101e0                etimer_process
 .data          0x0000000000010200        0x0 build/native/contiki-ng-native.a(node-id.o)
 .data          0x0000000000010200        0x0 build/native/contiki-ng-native.a(ctimer.o)
 .data.rel.local
                0x0000000000010200       0x20 build/native/contiki-ng-native.a(ctimer.o)
                0x0000000000010200                ctimer_process
 .data          0x0000000000010220        0x0 build/native/contiki-ng-native.a(process.o)
 .data          0x0000000000010220        0x0 build/native/contiki-ng-native.a(rtimer.o)
 .data          0x0000000000010220        0x0 build/native/contiki-ng-native.a(timer.o)
 .data          0x0000000000010220        0x0 build/native/contiki-ng-native.a(list.o)
 .data          0x0000000000010220        0x0 build/native/contiki-ng-native.a(memb.o)
 .data          0x0000000000010220        0x0 build/native/contiki-ng-native.a(random.o)
 .data          0x0000000000010220        0x0 build/native/contiki-ng-native.a(nullradio.o)
 .data          0x0000000000010220        0x0 build/native/contiki-ng-native.a(queuebuf.o)
 .data.rel.local
                0x0000000000010220       0x38 build/native/contiki-ng-native.a(queuebuf.o)
 .data          0x0000000000010258        0x0 build/native/contiki-ng-native.a(packetbuf.o)
 .data          0x0000000000010258        0x0 build/native/contiki-ng-native.a(netstack.o)
 .data          0x0000000000010258        0x0 build/native/contiki-ng-native.a(linkaddr.o)
 .data          0x0000000000010258        0x0 build/native/contiki-ng-native.a(mac-sequence.o)
 .data          0x0000000000010258        0x0 build/native/contiki-ng-native.a(mac.o)
 .data          0x0000000000010258        0x0 build/native/contiki-ng-native.a(framer-802154.o)
 .data          0x0000000000010258        0x2 build/native/contiki-ng-native.a(frame802154.o)
 .data          0x000000000001025a        0x0 build/native/contiki-ng-native.a(nullnet.o)
 .data          0x000000000001025a        0x0 build/native/contiki-ng-native.a(nullrouting.o)
 .data          0x000000000001025a        0x0 build/native/contiki-ng-native.a(platform.o)
 .data          0x000000000001025a        0x0 build/native/contiki-ng-native.a(rtimer-arch.o)
 .data          0x000000000001025a        0x0 build/native/contiki-ng-native.a(watchdog.o)
 .data          0x000000000001025a        0x0 build/native/contiki-ng-native.a(button-hal.o)
 *fill*         0x000000000001025a        0x6 
 .data.rel.local
                0x0000000000010260       0x20 build/native/contiki-ng-native.a(button-hal.o)
                0x0000000000010260                button_hal_process
 .data          0x0000000000010280        0x0 build/native/contiki-ng-native.a(serial-line.o)
 .data.rel.local
                0x0000000000010280       0x20 build/native/contiki-ng-native.a(serial-line.o)
                0x0000000000010280                serial_line_process
 .data          0x00000000000102a0        0x0 build/native/contiki-ng-native.a(leds.o)
 .data          0x00000000000102a0        0x0 build/native/contiki-ng-native.a(gpio-hal.o)
 .data          0x00000000000102a0        0x0 build/native/contiki-ng-native.a(buttons.o)
 .data          0x00000000000102a0        0x0 build/native/contiki-ng-native.a(int-master.o)
 .data          0x00000000000102a0        0x0 build/native/contiki-ng-native.a(gpio-hal-arch.o)
 .data          0x00000000000102a0        0x0 build/native/contiki-ng-native.a(ringbuf.o)
 .data          0x00000000000102a0        0x0 /usr/lib/x86_64-linux-gnu/libc_nonshared.a(elf-init.oS)
 .data          0x00000000000102a0        0x0 /usr/lib/gcc/x86_64-linux-gnu/9/crtendS.o
 .data          0x00000000000102a0        0x0 /usr/lib/gcc/x86_64-linux-gnu/9/../../../x86_64-linux-gnu/crtn.o

.tm_clone_table
                0x00000000000102a0        0x0
 .tm_clone_table
                0x00000000000102a0        0x0 /usr/lib/gcc/x86_64-linux-gnu/9/crtbeginS.o
 .tm_clone_table
                0x00000000000102a0        0x0 /usr/lib/gcc/x86_64-linux-gnu/9/crtendS.o

.data1
 *(.data1)
                0x00000000000102a0                _edata = .
                [!provide]                        PROVIDE (edata = .)
                0x00000000000102a0                . = .
                0x00000000000102a0                __bss_start = .

.bss            0x00000000000102a0     0x1308
 *(.dynbss)
 .dynbss        0x00000000000102a0       0x28 /usr/lib/gcc/x86_64-linux-gnu/9/../../../x86_64-linux-gnu/Scrt1.o
                0x00000000000102a0                stdout@@GLIBC_2.2.5
                0x00000000000102c0                stderr@@GLIBC_2.2.5
 *(.bss .bss.* .gnu.linkonce.b.*)
 .bss           0x00000000000102c8        0x0 /usr/lib/gcc/x86_64-linux-gnu/9/../../../x86_64-linux-gnu/Scrt1.o
 .bss           0x00000000000102c8        0x0 /usr/lib/gcc/x86_64-linux-gnu/9/../../../x86_64-linux-gnu/crti.o
 .bss           0x00000000000102c8        0x1 /usr/lib/gcc/x86_64-linux-gnu/9/crtbeginS.o
 .bss           0x00000000000102c9        0x0 iotorii-root.o
 *fill*         0x00000000000102c9       0x17 
 .bss           0x00000000000102e0      0x120 build/native/obj/../iotorii-csma.o
                0x00000000000102e0                number_of_sethlmac_messages
                0x00000000000102e4                number_of_hello_messages
 .bss           0x0000000000010400        0x0 build/native/obj/../hlmacaddr.o
 .bss           0x0000000000010400        0x8 build/native/obj/../hlmac-table.o
 .bss           0x0000000000010408        0x0 build/native/obj/../csma-security.o
 *fill*         0x0000000000010408       0x18 
 .bss           0x0000000000010420      0x2b2 build/native/obj/../csma-output.o
 .bss           0x00000000000106d2        0x0 build/native/contiki-ng-native.a(clock.o)
 .bss           0x00000000000106d2        0x0 build/native/contiki-ng-native.a(contiki-main.o)
 .bss           0x00000000000106d2        0x0 build/native/contiki-ng-native.a(autostart.o)
 *fill*         0x00000000000106d2        0x2 
 .bss           0x00000000000106d4       0x2c build/native/contiki-ng-native.a(log.o)
                0x00000000000106d4                curr_log_level_lwm2m
                0x00000000000106d8                curr_log_level_snmp
                0x00000000000106dc                curr_log_level_coap
                0x00000000000106e0                curr_log_level_6top
                0x00000000000106e4                curr_log_level_framer
                0x00000000000106e8                curr_log_level_mac
                0x00000000000106ec                curr_log_level_nullnet
                0x00000000000106f0                curr_log_level_6lowpan
                0x00000000000106f4                curr_log_level_ipv6
                0x00000000000106f8                curr_log_level_tcpip
                0x00000000000106fc                curr_log_level_rpl
 .bss           0x0000000000010700        0x0 build/native/contiki-ng-native.a(energest.o)
 .bss           0x0000000000010700       0x10 build/native/contiki-ng-native.a(etimer.o)
 .bss           0x0000000000010710        0x2 build/native/contiki-ng-native.a(node-id.o)
                0x0000000000010710                node_id
 *fill*         0x0000000000010712        0x6 
 .bss           0x0000000000010718       0x10 build/native/contiki-ng-native.a(ctimer.o)
 *fill*         0x0000000000010728       0x18 
 .bss           0x0000000000010740      0x323 build/native/contiki-ng-native.a(process.o)
                0x0000000000010740                process_current
                0x0000000000010748                process_list
 *fill*         0x0000000000010a63        0x5 
 .bss           0x0000000000010a68        0x8 build/native/contiki-ng-native.a(rtimer.o)
 .bss           0x0000000000010a70        0x0 build/native/contiki-ng-native.a(timer.o)
 .bss           0x0000000000010a70        0x0 build/native/contiki-ng-native.a(list.o)
 .bss           0x0000000000010a70        0x0 build/native/contiki-ng-native.a(memb.o)
 .bss           0x0000000000010a70        0x0 build/native/contiki-ng-native.a(random.o)
 .bss           0x0000000000010a70        0x0 build/native/contiki-ng-native.a(nullradio.o)
 *fill*         0x0000000000010a70       0x10 
 .bss           0x0000000000010a80      0x5c8 build/native/contiki-ng-native.a(queuebuf.o)
 *fill*         0x0000000000011048       0x18 
 .bss           0x0000000000011060       0x86 build/native/contiki-ng-native.a(packetbuf.o)
 *fill*         0x00000000000110e6        0x2 
 .bss           0x00000000000110e8        0x8 build/native/contiki-ng-native.a(netstack.o)
 .bss           0x00000000000110f0        0x0 build/native/contiki-ng-native.a(linkaddr.o)
 *fill*         0x00000000000110f0       0x10 
 .bss           0x0000000000011100      0x180 build/native/contiki-ng-native.a(mac-sequence.o)
 .bss           0x0000000000011280        0x0 build/native/contiki-ng-native.a(mac.o)
 .bss           0x0000000000011280        0x2 build/native/contiki-ng-native.a(framer-802154.o)
 .bss           0x0000000000011282        0x0 build/native/contiki-ng-native.a(frame802154.o)
 *fill*         0x0000000000011282        0x6 
 .bss           0x0000000000011288        0x8 build/native/contiki-ng-native.a(nullnet.o)
 .bss           0x0000000000011290        0x0 build/native/contiki-ng-native.a(nullrouting.o)
 *fill*         0x0000000000011290       0x10 
 .bss           0x00000000000112a0       0x60 build/native/contiki-ng-native.a(platform.o)
                0x00000000000112a0                contiki_argc
 .bss           0x0000000000011300        0x0 build/native/contiki-ng-native.a(rtimer-arch.o)
 .bss           0x0000000000011300        0x0 build/native/contiki-ng-native.a(watchdog.o)
 .bss           0x0000000000011300       0x1c build/native/contiki-ng-native.a(button-hal.o)
 *fill*         0x000000000001131c        0x4 
 .bss           0x0000000000011320      0x150 build/native/contiki-ng-native.a(serial-line.o)
 .bss           0x0000000000011470        0x0 build/native/contiki-ng-native.a(leds.o)
 .bss           0x0000000000011470        0x8 build/native/contiki-ng-native.a(gpio-hal.o)
 .bss           0x0000000000011478        0x8 build/native/contiki-ng-native.a(buttons.o)
                0x0000000000011478                button_hal_buttons
 .bss           0x0000000000011480        0x4 build/native/contiki-ng-native.a(int-master.o)
 *fill*         0x0000000000011484       0x1c 
 .bss           0x00000000000114a0       0xa0 build/native/contiki-ng-native.a(gpio-hal-arch.o)
 .bss           0x0000000000011540        0x0 build/native/contiki-ng-native.a(ringbuf.o)
 .bss           0x0000000000011540        0x0 /usr/lib/x86_64-linux-gnu/libc_nonshared.a(elf-init.oS)
 .bss           0x0000000000011540        0x0 /usr/lib/gcc/x86_64-linux-gnu/9/crtendS.o
 .bss           0x0000000000011540        0x0 /usr/lib/gcc/x86_64-linux-gnu/9/../../../x86_64-linux-gnu/crtn.o
 *(COMMON)
 COMMON         0x0000000000011540        0x2 build/native/obj/../iotorii-csma.o
                0x0000000000011540                number_of_neighbours
                0x0000000000011541                number_of_hlmac_addresses
 *fill*         0x0000000000011542        0xe 
 COMMON         0x0000000000011550       0x30 build/native/contiki-ng-native.a(packetbuf.o)
                0x0000000000011550                packetbuf_attrs
                0x0000000000011570                packetbuf_addrs
 COMMON         0x0000000000011580        0x8 build/native/contiki-ng-native.a(linkaddr.o)
                0x0000000000011580                linkaddr_node_addr
 COMMON         0x0000000000011588       0x10 build/native/contiki-ng-native.a(nullnet.o)
                0x0000000000011588                nullnet_len
                0x0000000000011590                nullnet_buf
 COMMON         0x0000000000011598        0x8 build/native/contiki-ng-native.a(platform.o)
                0x0000000000011598                contiki_argv
 COMMON         0x00000000000115a0        0x3 build/native/contiki-ng-native.a(button-hal.o)
                0x00000000000115a0                button_hal_periodic_event
                0x00000000000115a1                button_hal_press_event
                0x00000000000115a2                button_hal_release_event
 COMMON         0x00000000000115a3        0x1 build/native/contiki-ng-native.a(serial-line.o)
                0x00000000000115a3                serial_line_event_message
                0x00000000000115a8                . = ALIGN ((. != 0x0)?0x8:0x1)
 *fill*         0x00000000000115a4        0x4 

.lbss
 *(.dynlbss)
 *(.lbss .lbss.* .gnu.linkonce.lb.*)
 *(LARGE_COMMON)
                0x00000000000115a8                . = ALIGN (0x8)
                0x00000000000115a8                . = SEGMENT_START ("ldata-segment", .)

.lrodata
 *(.lrodata .lrodata.* .gnu.linkonce.lr.*)

.ldata          0x00000000000135a8        0x0
 *(.ldata .ldata.* .gnu.linkonce.l.*)
                0x00000000000135a8                . = ALIGN ((. != 0x0)?0x8:0x1)
                0x00000000000135a8                . = ALIGN (0x8)
                0x00000000000115a8                _end = .
                [!provide]                        PROVIDE (end = .)
                0x00000000000135a8                . = DATA_SEGMENT_END (.)

.stab
 *(.stab)

.stabstr
 *(.stabstr)

.stab.excl
 *(.stab.excl)

.stab.exclstr
 *(.stab.exclstr)

.stab.index
 *(.stab.index)

.stab.indexstr
 *(.stab.indexstr)

.comment        0x0000000000000000       0x2a
 *(.comment)
 .comment       0x0000000000000000       0x2a /usr/lib/gcc/x86_64-linux-gnu/9/crtbeginS.o
                                         0x2b (size before relaxing)
 .comment       0x000000000000002a       0x2b iotorii-root.o
 .comment       0x000000000000002a       0x2b build/native/obj/../iotorii-csma.o
 .comment       0x000000000000002a       0x2b build/native/obj/../hlmacaddr.o
 .comment       0x000000000000002a       0x2b build/native/obj/../hlmac-table.o
 .comment       0x000000000000002a       0x2b build/native/obj/../csma-security.o
 .comment       0x000000000000002a       0x2b build/native/obj/../csma-output.o
 .comment       0x000000000000002a       0x2b build/native/contiki-ng-native.a(clock.o)
 .comment       0x000000000000002a       0x2b build/native/contiki-ng-native.a(contiki-main.o)
 .comment       0x000000000000002a       0x2b build/native/contiki-ng-native.a(autostart.o)
 .comment       0x000000000000002a       0x2b build/native/contiki-ng-native.a(log.o)
 .comment       0x000000000000002a       0x2b build/native/contiki-ng-native.a(energest.o)
 .comment       0x000000000000002a       0x2b build/native/contiki-ng-native.a(etimer.o)
 .comment       0x000000000000002a       0x2b build/native/contiki-ng-native.a(node-id.o)
 .comment       0x000000000000002a       0x2b build/native/contiki-ng-native.a(ctimer.o)
 .comment       0x000000000000002a       0x2b build/native/contiki-ng-native.a(process.o)
 .comment       0x000000000000002a       0x2b build/native/contiki-ng-native.a(rtimer.o)
 .comment       0x000000000000002a       0x2b build/native/contiki-ng-native.a(timer.o)
 .comment       0x000000000000002a       0x2b build/native/contiki-ng-native.a(list.o)
 .comment       0x000000000000002a       0x2b build/native/contiki-ng-native.a(memb.o)
 .comment       0x000000000000002a       0x2b build/native/contiki-ng-native.a(random.o)
 .comment       0x000000000000002a       0x2b build/native/contiki-ng-native.a(nullradio.o)
 .comment       0x000000000000002a       0x2b build/native/contiki-ng-native.a(queuebuf.o)
 .comment       0x000000000000002a       0x2b build/native/contiki-ng-native.a(packetbuf.o)
 .comment       0x000000000000002a       0x2b build/native/contiki-ng-native.a(netstack.o)
 .comment       0x000000000000002a       0x2b build/native/contiki-ng-native.a(linkaddr.o)
 .comment       0x000000000000002a       0x2b build/native/contiki-ng-native.a(mac-sequence.o)
 .comment       0x000000000000002a       0x2b build/native/contiki-ng-native.a(mac.o)
 .comment       0x000000000000002a       0x2b build/native/contiki-ng-native.a(framer-802154.o)
 .comment       0x000000000000002a       0x2b build/native/contiki-ng-native.a(frame802154.o)
 .comment       0x000000000000002a       0x2b build/native/contiki-ng-native.a(nullnet.o)
 .comment       0x000000000000002a       0x2b build/native/contiki-ng-native.a(nullrouting.o)
 .comment       0x000000000000002a       0x2b build/native/contiki-ng-native.a(platform.o)
 .comment       0x000000000000002a       0x2b build/native/contiki-ng-native.a(rtimer-arch.o)
 .comment       0x000000000000002a       0x2b build/native/contiki-ng-native.a(watchdog.o)
 .comment       0x000000000000002a       0x2b build/native/contiki-ng-native.a(button-hal.o)
 .comment       0x000000000000002a       0x2b build/native/contiki-ng-native.a(serial-line.o)
 .comment       0x000000000000002a       0x2b build/native/contiki-ng-native.a(leds.o)
 .comment       0x000000000000002a       0x2b build/native/contiki-ng-native.a(gpio-hal.o)
 .comment       0x000000000000002a       0x2b build/native/contiki-ng-native.a(buttons.o)
 .comment       0x000000000000002a       0x2b build/native/contiki-ng-native.a(int-master.o)
 .comment       0x000000000000002a       0x2b build/native/contiki-ng-native.a(gpio-hal-arch.o)
 .comment       0x000000000000002a       0x2b build/native/contiki-ng-native.a(ringbuf.o)
 .comment       0x000000000000002a       0x2b /usr/lib/gcc/x86_64-linux-gnu/9/crtendS.o

.gnu.build.attributes
 *(.gnu.build.attributes .gnu.build.attributes.*)

.debug
 *(.debug)

.line
 *(.line)

.debug_srcinfo
 *(.debug_srcinfo)

.debug_sfnames
 *(.debug_sfnames)

.debug_aranges  0x0000000000000000      0x7d0
 *(.debug_aranges)
 .debug_aranges
                0x0000000000000000       0x30 iotorii-root.o
 .debug_aranges
                0x0000000000000030       0x30 build/native/obj/../iotorii-csma.o
 .debug_aranges
                0x0000000000000060       0x30 build/native/obj/../hlmacaddr.o
 .debug_aranges
                0x0000000000000090       0x30 build/native/obj/../hlmac-table.o
 .debug_aranges
                0x00000000000000c0       0x30 build/native/obj/../csma-security.o
 .debug_aranges
                0x00000000000000f0       0x30 build/native/obj/../csma-output.o
 .debug_aranges
                0x0000000000000120       0x30 build/native/contiki-ng-native.a(clock.o)
 .debug_aranges
                0x0000000000000150       0x30 build/native/contiki-ng-native.a(contiki-main.o)
 .debug_aranges
                0x0000000000000180       0x30 build/native/contiki-ng-native.a(autostart.o)
 .debug_aranges
                0x00000000000001b0       0x30 build/native/contiki-ng-native.a(log.o)
 .debug_aranges
                0x00000000000001e0       0x30 build/native/contiki-ng-native.a(energest.o)
 .debug_aranges
                0x0000000000000210       0x30 build/native/contiki-ng-native.a(etimer.o)
 .debug_aranges
                0x0000000000000240       0x30 build/native/contiki-ng-native.a(node-id.o)
 .debug_aranges
                0x0000000000000270       0x30 build/native/contiki-ng-native.a(ctimer.o)
 .debug_aranges
                0x00000000000002a0       0x30 build/native/contiki-ng-native.a(process.o)
 .debug_aranges
                0x00000000000002d0       0x30 build/native/contiki-ng-native.a(rtimer.o)
 .debug_aranges
                0x0000000000000300       0x30 build/native/contiki-ng-native.a(timer.o)
 .debug_aranges
                0x0000000000000330       0x30 build/native/contiki-ng-native.a(list.o)
 .debug_aranges
                0x0000000000000360       0x30 build/native/contiki-ng-native.a(memb.o)
 .debug_aranges
                0x0000000000000390       0x30 build/native/contiki-ng-native.a(random.o)
 .debug_aranges
                0x00000000000003c0       0x30 build/native/contiki-ng-native.a(nullradio.o)
 .debug_aranges
                0x00000000000003f0       0x30 build/native/contiki-ng-native.a(queuebuf.o)
 .debug_aranges
                0x0000000000000420       0x30 build/native/contiki-ng-native.a(packetbuf.o)
 .debug_aranges
                0x0000000000000450       0x30 build/native/contiki-ng-native.a(netstack.o)
 .debug_aranges
                0x0000000000000480       0x30 build/native/contiki-ng-native.a(linkaddr.o)
 .debug_aranges
                0x00000000000004b0       0x30 build/native/contiki-ng-native.a(mac-sequence.o)
 .debug_aranges
                0x00000000000004e0       0x30 build/native/contiki-ng-native.a(mac.o)
 .debug_aranges
                0x0000000000000510       0x30 build/native/contiki-ng-native.a(framer-802154.o)
 .debug_aranges
                0x0000000000000540       0x30 build/native/contiki-ng-native.a(frame802154.o)
 .debug_aranges
                0x0000000000000570       0x30 build/native/contiki-ng-native.a(nullnet.o)
 .debug_aranges
                0x00000000000005a0       0x30 build/native/contiki-ng-native.a(nullrouting.o)
 .debug_aranges
                0x00000000000005d0       0x30 build/native/contiki-ng-native.a(platform.o)
 .debug_aranges
                0x0000000000000600       0x30 build/native/contiki-ng-native.a(rtimer-arch.o)
 .debug_aranges
                0x0000000000000630       0x30 build/native/contiki-ng-native.a(watchdog.o)
 .debug_aranges
                0x0000000000000660       0x30 build/native/contiki-ng-native.a(button-hal.o)
 .debug_aranges
                0x0000000000000690       0x30 build/native/contiki-ng-native.a(serial-line.o)
 .debug_aranges
                0x00000000000006c0       0x30 build/native/contiki-ng-native.a(leds.o)
 .debug_aranges
                0x00000000000006f0       0x30 build/native/contiki-ng-native.a(gpio-hal.o)
 .debug_aranges
                0x0000000000000720       0x20 build/native/contiki-ng-native.a(buttons.o)
 .debug_aranges
                0x0000000000000740       0x30 build/native/contiki-ng-native.a(int-master.o)
 .debug_aranges
                0x0000000000000770       0x30 build/native/contiki-ng-native.a(gpio-hal-arch.o)
 .debug_aranges
                0x00000000000007a0       0x30 build/native/contiki-ng-native.a(ringbuf.o)

.debug_pubnames
 *(.debug_pubnames)

.debug_info     0x0000000000000000    0x1d595
 *(.debug_info .gnu.linkonce.wi.*)
 .debug_info    0x0000000000000000      0x8c6 iotorii-root.o
 .debug_info    0x00000000000008c6     0x245f build/native/obj/../iotorii-csma.o
 .debug_info    0x0000000000002d25      0xa6a build/native/obj/../hlmacaddr.o
 .debug_info    0x000000000000378f      0xa1b build/native/obj/../hlmac-table.o
 .debug_info    0x00000000000041aa      0xed2 build/native/obj/../csma-security.o
 .debug_info    0x000000000000507c     0x20ef build/native/obj/../csma-output.o
 .debug_info    0x000000000000716b      0x436 build/native/contiki-ng-native.a(clock.o)
 .debug_info    0x00000000000075a1     0x248a build/native/contiki-ng-native.a(contiki-main.o)
 .debug_info    0x0000000000009a2b      0x255 build/native/contiki-ng-native.a(autostart.o)
 .debug_info    0x0000000000009c80      0xe6d build/native/contiki-ng-native.a(log.o)
 .debug_info    0x000000000000aaed      0x1e9 build/native/contiki-ng-native.a(energest.o)
 .debug_info    0x000000000000acd6      0x9bb build/native/contiki-ng-native.a(etimer.o)
 .debug_info    0x000000000000b691      0x610 build/native/contiki-ng-native.a(node-id.o)
 .debug_info    0x000000000000bca1      0x85a build/native/contiki-ng-native.a(ctimer.o)
 .debug_info    0x000000000000c4fb      0xc7d build/native/contiki-ng-native.a(process.o)
 .debug_info    0x000000000000d178      0x37b build/native/contiki-ng-native.a(rtimer.o)
 .debug_info    0x000000000000d4f3      0x388 build/native/contiki-ng-native.a(timer.o)
 .debug_info    0x000000000000d87b      0x74f build/native/contiki-ng-native.a(list.o)
 .debug_info    0x000000000000dfca      0x437 build/native/contiki-ng-native.a(memb.o)
 .debug_info    0x000000000000e401      0x111 build/native/contiki-ng-native.a(random.o)
 .debug_info    0x000000000000e512      0x5f4 build/native/contiki-ng-native.a(nullradio.o)
 .debug_info    0x000000000000eb06     0x18c4 build/native/contiki-ng-native.a(queuebuf.o)
 .debug_info    0x00000000000103ca     0x1af9 build/native/contiki-ng-native.a(packetbuf.o)
 .debug_info    0x0000000000011ec3      0x848 build/native/contiki-ng-native.a(netstack.o)
 .debug_info    0x000000000001270b      0x408 build/native/contiki-ng-native.a(linkaddr.o)
 .debug_info    0x0000000000012b13     0x13cd build/native/contiki-ng-native.a(mac-sequence.o)
 .debug_info    0x0000000000013ee0      0x61b build/native/contiki-ng-native.a(mac.o)
 .debug_info    0x00000000000144fb     0x130b build/native/contiki-ng-native.a(framer-802154.o)
 .debug_info    0x0000000000015806     0x11be build/native/contiki-ng-native.a(frame802154.o)
 .debug_info    0x00000000000169c4      0xf6c build/native/contiki-ng-native.a(nullnet.o)
 .debug_info    0x0000000000017930     0x1093 build/native/contiki-ng-native.a(nullrouting.o)
 .debug_info    0x00000000000189c3     0x178a build/native/contiki-ng-native.a(platform.o)
 .debug_info    0x000000000001a14d      0x3f1 build/native/contiki-ng-native.a(rtimer-arch.o)
 .debug_info    0x000000000001a53e       0xf3 build/native/contiki-ng-native.a(watchdog.o)
 .debug_info    0x000000000001a631      0xb42 build/native/contiki-ng-native.a(button-hal.o)
 .debug_info    0x000000000001b173      0x50e build/native/contiki-ng-native.a(serial-line.o)
 .debug_info    0x000000000001b681      0x383 build/native/contiki-ng-native.a(leds.o)
 .debug_info    0x000000000001ba04      0x95f build/native/contiki-ng-native.a(gpio-hal.o)
 .debug_info    0x000000000001c363      0x3a1 build/native/contiki-ng-native.a(buttons.o)
 .debug_info    0x000000000001c704      0x267 build/native/contiki-ng-native.a(int-master.o)
 .debug_info    0x000000000001c96b      0x916 build/native/contiki-ng-native.a(gpio-hal-arch.o)
 .debug_info    0x000000000001d281      0x314 build/native/contiki-ng-native.a(ringbuf.o)

.debug_abbrev   0x0000000000000000     0x6fa0
 *(.debug_abbrev)
 .debug_abbrev  0x0000000000000000      0x214 iotorii-root.o
 .debug_abbrev  0x0000000000000214      0x622 build/native/obj/../iotorii-csma.o
 .debug_abbrev  0x0000000000000836      0x2df build/native/obj/../hlmacaddr.o
 .debug_abbrev  0x0000000000000b15      0x2b2 build/native/obj/../hlmac-table.o
 .debug_abbrev  0x0000000000000dc7      0x260 build/native/obj/../csma-security.o
 .debug_abbrev  0x0000000000001027      0x4b0 build/native/obj/../csma-output.o
 .debug_abbrev  0x00000000000014d7      0x234 build/native/contiki-ng-native.a(clock.o)
 .debug_abbrev  0x000000000000170b      0x32b build/native/contiki-ng-native.a(contiki-main.o)
 .debug_abbrev  0x0000000000001a36      0x164 build/native/contiki-ng-native.a(autostart.o)
 .debug_abbrev  0x0000000000001b9a      0x324 build/native/contiki-ng-native.a(log.o)
 .debug_abbrev  0x0000000000001ebe      0x13b build/native/contiki-ng-native.a(energest.o)
 .debug_abbrev  0x0000000000001ff9      0x3a1 build/native/contiki-ng-native.a(etimer.o)
 .debug_abbrev  0x000000000000239a      0x1a4 build/native/contiki-ng-native.a(node-id.o)
 .debug_abbrev  0x000000000000253e      0x269 build/native/contiki-ng-native.a(ctimer.o)
 .debug_abbrev  0x00000000000027a7      0x44d build/native/contiki-ng-native.a(process.o)
 .debug_abbrev  0x0000000000002bf4      0x221 build/native/contiki-ng-native.a(rtimer.o)
 .debug_abbrev  0x0000000000002e15      0x202 build/native/contiki-ng-native.a(timer.o)
 .debug_abbrev  0x0000000000003017      0x2ee build/native/contiki-ng-native.a(list.o)
 .debug_abbrev  0x0000000000003305      0x231 build/native/contiki-ng-native.a(memb.o)
 .debug_abbrev  0x0000000000003536       0xb0 build/native/contiki-ng-native.a(random.o)
 .debug_abbrev  0x00000000000035e6      0x204 build/native/contiki-ng-native.a(nullradio.o)
 .debug_abbrev  0x00000000000037ea      0x35b build/native/contiki-ng-native.a(queuebuf.o)
 .debug_abbrev  0x0000000000003b45      0x41a build/native/contiki-ng-native.a(packetbuf.o)
 .debug_abbrev  0x0000000000003f5f      0x2a1 build/native/contiki-ng-native.a(netstack.o)
 .debug_abbrev  0x0000000000004200      0x224 build/native/contiki-ng-native.a(linkaddr.o)
 .debug_abbrev  0x0000000000004424      0x304 build/native/contiki-ng-native.a(mac-sequence.o)
 .debug_abbrev  0x0000000000004728      0x1b0 build/native/contiki-ng-native.a(mac.o)
 .debug_abbrev  0x00000000000048d8      0x34b build/native/contiki-ng-native.a(framer-802154.o)
 .debug_abbrev  0x0000000000004c23      0x48d build/native/contiki-ng-native.a(frame802154.o)
 .debug_abbrev  0x00000000000050b0      0x2ec build/native/contiki-ng-native.a(nullnet.o)
 .debug_abbrev  0x000000000000539c      0x337 build/native/contiki-ng-native.a(nullrouting.o)
 .debug_abbrev  0x00000000000056d3      0x527 build/native/contiki-ng-native.a(platform.o)
 .debug_abbrev  0x0000000000005bfa      0x203 build/native/contiki-ng-native.a(rtimer-arch.o)
 .debug_abbrev  0x0000000000005dfd       0xa4 build/native/contiki-ng-native.a(watchdog.o)
 .debug_abbrev  0x0000000000005ea1      0x3a5 build/native/contiki-ng-native.a(button-hal.o)
 .debug_abbrev  0x0000000000006246      0x26d build/native/contiki-ng-native.a(serial-line.o)
 .debug_abbrev  0x00000000000064b3      0x1e6 build/native/contiki-ng-native.a(leds.o)
 .debug_abbrev  0x0000000000006699      0x24d build/native/contiki-ng-native.a(gpio-hal.o)
 .debug_abbrev  0x00000000000068e6      0x13d build/native/contiki-ng-native.a(buttons.o)
 .debug_abbrev  0x0000000000006a23      0x191 build/native/contiki-ng-native.a(int-master.o)
 .debug_abbrev  0x0000000000006bb4      0x25d build/native/contiki-ng-native.a(gpio-hal-arch.o)
 .debug_abbrev  0x0000000000006e11      0x18f build/native/contiki-ng-native.a(ringbuf.o)

.debug_line     0x0000000000000000     0xa4ac
 *(.debug_line .debug_line.* .debug_line_end)
 .debug_line    0x0000000000000000      0x281 iotorii-root.o
 .debug_line    0x0000000000000281      0xea7 build/native/obj/../iotorii-csma.o
 .debug_line    0x0000000000001128      0x5a1 build/native/obj/../hlmacaddr.o
 .debug_line    0x00000000000016c9      0x42c build/native/obj/../hlmac-table.o
 .debug_line    0x0000000000001af5      0x33a build/native/obj/../csma-security.o
 .debug_line    0x0000000000001e2f      0x931 build/native/obj/../csma-output.o
 .debug_line    0x0000000000002760      0x202 build/native/contiki-ng-native.a(clock.o)
 .debug_line    0x0000000000002962      0x827 build/native/contiki-ng-native.a(contiki-main.o)
 .debug_line    0x0000000000003189      0x131 build/native/contiki-ng-native.a(autostart.o)
 .debug_line    0x00000000000032ba      0x4f5 build/native/contiki-ng-native.a(log.o)
 .debug_line    0x00000000000037af       0xed build/native/contiki-ng-native.a(energest.o)
 .debug_line    0x000000000000389c      0x547 build/native/contiki-ng-native.a(etimer.o)
 .debug_line    0x0000000000003de3      0x168 build/native/contiki-ng-native.a(node-id.o)
 .debug_line    0x0000000000003f4b      0x431 build/native/contiki-ng-native.a(ctimer.o)
 .debug_line    0x000000000000437c      0x638 build/native/contiki-ng-native.a(process.o)
 .debug_line    0x00000000000049b4      0x1a4 build/native/contiki-ng-native.a(rtimer.o)
 .debug_line    0x0000000000004b58      0x1a6 build/native/contiki-ng-native.a(timer.o)
 .debug_line    0x0000000000004cfe      0x52c build/native/contiki-ng-native.a(list.o)
 .debug_line    0x000000000000522a      0x311 build/native/contiki-ng-native.a(memb.o)
 .debug_line    0x000000000000553b       0x9d build/native/contiki-ng-native.a(random.o)
 .debug_line    0x00000000000055d8      0x13b build/native/contiki-ng-native.a(nullradio.o)
 .debug_line    0x0000000000005713      0x589 build/native/contiki-ng-native.a(queuebuf.o)
 .debug_line    0x0000000000005c9c      0x79b build/native/contiki-ng-native.a(packetbuf.o)
 .debug_line    0x0000000000006437      0x2d1 build/native/contiki-ng-native.a(netstack.o)
 .debug_line    0x0000000000006708      0x1aa build/native/contiki-ng-native.a(linkaddr.o)
 .debug_line    0x00000000000068b2      0x4dd build/native/contiki-ng-native.a(mac-sequence.o)
 .debug_line    0x0000000000006d8f      0x1f7 build/native/contiki-ng-native.a(mac.o)
 .debug_line    0x0000000000006f86      0x556 build/native/contiki-ng-native.a(framer-802154.o)
 .debug_line    0x00000000000074dc      0x97f build/native/contiki-ng-native.a(frame802154.o)
 .debug_line    0x0000000000007e5b      0x3b3 build/native/contiki-ng-native.a(nullnet.o)
 .debug_line    0x000000000000820e      0x35b build/native/contiki-ng-native.a(nullrouting.o)
 .debug_line    0x0000000000008569      0x71c build/native/contiki-ng-native.a(platform.o)
 .debug_line    0x0000000000008c85      0x21c build/native/contiki-ng-native.a(rtimer-arch.o)
 .debug_line    0x0000000000008ea1       0x98 build/native/contiki-ng-native.a(watchdog.o)
 .debug_line    0x0000000000008f39      0x505 build/native/contiki-ng-native.a(button-hal.o)
 .debug_line    0x000000000000943e      0x2c3 build/native/contiki-ng-native.a(serial-line.o)
 .debug_line    0x0000000000009701      0x159 build/native/contiki-ng-native.a(leds.o)
 .debug_line    0x000000000000985a      0x330 build/native/contiki-ng-native.a(gpio-hal.o)
 .debug_line    0x0000000000009b8a      0x196 build/native/contiki-ng-native.a(buttons.o)
 .debug_line    0x0000000000009d20      0x15c build/native/contiki-ng-native.a(int-master.o)
 .debug_line    0x0000000000009e7c      0x443 build/native/contiki-ng-native.a(gpio-hal-arch.o)
 .debug_line    0x000000000000a2bf      0x1ed build/native/contiki-ng-native.a(ringbuf.o)

.debug_frame
 *(.debug_frame)

.debug_str      0x0000000000000000     0x4374
 *(.debug_str)
 .debug_str     0x0000000000000000      0x516 iotorii-root.o
                                        0x639 (size before relaxing)
 .debug_str     0x0000000000000516      0xb1e build/native/obj/../iotorii-csma.o
                                       0x11b7 (size before relaxing)
 .debug_str     0x0000000000001034       0xa4 build/native/obj/../hlmacaddr.o
                                        0x69a (size before relaxing)
 .debug_str     0x00000000000010d8       0xa4 build/native/obj/../hlmac-table.o
                                        0x72b (size before relaxing)
 .debug_str     0x000000000000117c       0x75 build/native/obj/../csma-security.o
                                        0xb75 (size before relaxing)
 .debug_str     0x00000000000011f1      0x41f build/native/obj/../csma-output.o
                                       0x1067 (size before relaxing)
 .debug_str     0x0000000000001610       0xe9 build/native/contiki-ng-native.a(clock.o)
                                        0x307 (size before relaxing)
 .debug_str     0x00000000000016f9      0xcfe build/native/contiki-ng-native.a(contiki-main.o)
                                       0x17b2 (size before relaxing)
 .debug_str     0x00000000000023f7       0x49 build/native/contiki-ng-native.a(autostart.o)
                                        0x241 (size before relaxing)
 .debug_str     0x0000000000002440       0x8a build/native/contiki-ng-native.a(log.o)
                                        0x802 (size before relaxing)
 .debug_str     0x00000000000024ca       0x53 build/native/contiki-ng-native.a(energest.o)
                                        0x245 (size before relaxing)
 .debug_str     0x000000000000251d      0x17e build/native/contiki-ng-native.a(etimer.o)
                                        0x3d2 (size before relaxing)
 .debug_str     0x000000000000269b       0x2b build/native/contiki-ng-native.a(node-id.o)
                                        0x456 (size before relaxing)
 .debug_str     0x00000000000026c6       0xb4 build/native/contiki-ng-native.a(ctimer.o)
                                        0x390 (size before relaxing)
 .debug_str     0x000000000000277a      0x119 build/native/contiki-ng-native.a(process.o)
                                        0x501 (size before relaxing)
 .debug_str     0x0000000000002893       0xe4 build/native/contiki-ng-native.a(rtimer.o)
                                        0x2ef (size before relaxing)
 .debug_str     0x0000000000002977       0x39 build/native/contiki-ng-native.a(timer.o)
                                        0x26d (size before relaxing)
 .debug_str     0x00000000000029b0       0x7b build/native/contiki-ng-native.a(list.o)
                                        0x2b4 (size before relaxing)
 .debug_str     0x0000000000002a2b       0x65 build/native/contiki-ng-native.a(memb.o)
                                        0x284 (size before relaxing)
 .debug_str     0x0000000000002a90       0x30 build/native/contiki-ng-native.a(random.o)
                                        0x1ba (size before relaxing)
 .debug_str     0x0000000000002ac0      0x2cc build/native/contiki-ng-native.a(nullradio.o)
                                        0x58e (size before relaxing)
 .debug_str     0x0000000000002d8c      0x1a0 build/native/contiki-ng-native.a(queuebuf.o)
                                        0xecf (size before relaxing)
 .debug_str     0x0000000000002f2c       0xe8 build/native/contiki-ng-native.a(packetbuf.o)
                                        0xef0 (size before relaxing)
 .debug_str     0x0000000000003014      0x16d build/native/contiki-ng-native.a(netstack.o)
                                        0x5d8 (size before relaxing)
 .debug_str     0x0000000000003181       0x43 build/native/contiki-ng-native.a(linkaddr.o)
                                        0x2a0 (size before relaxing)
 .debug_str     0x00000000000031c4       0x55 build/native/contiki-ng-native.a(mac-sequence.o)
                                        0xd32 (size before relaxing)
 .debug_str     0x0000000000003219       0x32 build/native/contiki-ng-native.a(mac.o)
                                        0x57c (size before relaxing)
 .debug_str     0x000000000000324b      0x2c9 build/native/contiki-ng-native.a(framer-802154.o)
                                        0xce1 (size before relaxing)
 .debug_str     0x0000000000003514      0x199 build/native/contiki-ng-native.a(frame802154.o)
                                        0x886 (size before relaxing)
 .debug_str     0x00000000000036ad       0x8e build/native/contiki-ng-native.a(nullnet.o)
                                        0xb95 (size before relaxing)
 .debug_str     0x000000000000373b       0x5c build/native/contiki-ng-native.a(nullrouting.o)
                                        0x959 (size before relaxing)
 .debug_str     0x0000000000003797      0x295 build/native/contiki-ng-native.a(platform.o)
                                        0xcc5 (size before relaxing)
 .debug_str     0x0000000000003a2c       0xb7 build/native/contiki-ng-native.a(rtimer-arch.o)
                                        0x367 (size before relaxing)
 .debug_str     0x0000000000003ae3       0x67 build/native/contiki-ng-native.a(watchdog.o)
                                        0x1f1 (size before relaxing)
 .debug_str     0x0000000000003b4a      0x34c build/native/contiki-ng-native.a(button-hal.o)
                                        0x6a4 (size before relaxing)
 .debug_str     0x0000000000003e96       0xa8 build/native/contiki-ng-native.a(serial-line.o)
                                        0x340 (size before relaxing)
 .debug_str     0x0000000000003f3e       0xbd build/native/contiki-ng-native.a(leds.o)
                                        0x2dc (size before relaxing)
 .debug_str     0x0000000000003ffb      0x15a build/native/contiki-ng-native.a(gpio-hal.o)
                                        0x776 (size before relaxing)
 .debug_str     0x0000000000004155       0x3d build/native/contiki-ng-native.a(buttons.o)
                                        0x389 (size before relaxing)
 .debug_str     0x0000000000004192       0x66 build/native/contiki-ng-native.a(int-master.o)
                                        0x29d (size before relaxing)
 .debug_str     0x00000000000041f8      0x133 build/native/contiki-ng-native.a(gpio-hal-arch.o)
                                        0x7a2 (size before relaxing)
 .debug_str     0x000000000000432b       0x49 build/native/contiki-ng-native.a(ringbuf.o)
                                        0x27f (size before relaxing)

.debug_loc      0x0000000000000000     0xad1e
 *(.debug_loc)
 .debug_loc     0x0000000000000000      0x108 iotorii-root.o
 .debug_loc     0x0000000000000108     0x1331 build/native/obj/../iotorii-csma.o
 .debug_loc     0x0000000000001439      0x8df build/native/obj/../hlmacaddr.o
 .debug_loc     0x0000000000001d18      0x379 build/native/obj/../hlmac-table.o
 .debug_loc     0x0000000000002091      0xfca build/native/obj/../csma-output.o
 .debug_loc     0x000000000000305b      0x14c build/native/contiki-ng-native.a(clock.o)
 .debug_loc     0x00000000000031a7      0x356 build/native/contiki-ng-native.a(contiki-main.o)
 .debug_loc     0x00000000000034fd      0x146 build/native/contiki-ng-native.a(autostart.o)
 .debug_loc     0x0000000000003643      0x5d3 build/native/contiki-ng-native.a(log.o)
 .debug_loc     0x0000000000003c16      0x911 build/native/contiki-ng-native.a(etimer.o)
 .debug_loc     0x0000000000004527      0x8d0 build/native/contiki-ng-native.a(ctimer.o)
 .debug_loc     0x0000000000004df7      0xb44 build/native/contiki-ng-native.a(process.o)
 .debug_loc     0x000000000000593b      0x1af build/native/contiki-ng-native.a(rtimer.o)
 .debug_loc     0x0000000000005aea      0x26a build/native/contiki-ng-native.a(timer.o)
 .debug_loc     0x0000000000005d54      0x99a build/native/contiki-ng-native.a(list.o)
 .debug_loc     0x00000000000066ee      0x394 build/native/contiki-ng-native.a(memb.o)
 .debug_loc     0x0000000000006a82       0x3d build/native/contiki-ng-native.a(random.o)
 .debug_loc     0x0000000000006abf      0x405 build/native/contiki-ng-native.a(queuebuf.o)
 .debug_loc     0x0000000000006ec4      0x6ce build/native/contiki-ng-native.a(packetbuf.o)
 .debug_loc     0x0000000000007592      0x297 build/native/contiki-ng-native.a(netstack.o)
 .debug_loc     0x0000000000007829      0x13c build/native/contiki-ng-native.a(linkaddr.o)
 .debug_loc     0x0000000000007965      0x1f4 build/native/contiki-ng-native.a(mac-sequence.o)
 .debug_loc     0x0000000000007b59      0x187 build/native/contiki-ng-native.a(mac.o)
 .debug_loc     0x0000000000007ce0      0x3c2 build/native/contiki-ng-native.a(framer-802154.o)
 .debug_loc     0x00000000000080a2     0x1221 build/native/contiki-ng-native.a(frame802154.o)
 .debug_loc     0x00000000000092c3       0x67 build/native/contiki-ng-native.a(nullnet.o)
 .debug_loc     0x000000000000932a      0x70d build/native/contiki-ng-native.a(platform.o)
 .debug_loc     0x0000000000009a37       0xf3 build/native/contiki-ng-native.a(rtimer-arch.o)
 .debug_loc     0x0000000000009b2a      0x814 build/native/contiki-ng-native.a(button-hal.o)
 .debug_loc     0x000000000000a33e      0x38b build/native/contiki-ng-native.a(serial-line.o)
 .debug_loc     0x000000000000a6c9      0x2f4 build/native/contiki-ng-native.a(gpio-hal.o)
 .debug_loc     0x000000000000a9bd       0x25 build/native/contiki-ng-native.a(int-master.o)
 .debug_loc     0x000000000000a9e2      0x2da build/native/contiki-ng-native.a(gpio-hal-arch.o)
 .debug_loc     0x000000000000acbc       0x62 build/native/contiki-ng-native.a(ringbuf.o)

.debug_macinfo
 *(.debug_macinfo)

.debug_weaknames
 *(.debug_weaknames)

.debug_funcnames
 *(.debug_funcnames)

.debug_typenames
 *(.debug_typenames)

.debug_varnames
 *(.debug_varnames)

.debug_pubtypes
 *(.debug_pubtypes)

.debug_ranges   0x0000000000000000     0x16e0
 *(.debug_ranges)
 .debug_ranges  0x0000000000000000       0x30 iotorii-root.o
 .debug_ranges  0x0000000000000030      0x590 build/native/obj/../iotorii-csma.o
 .debug_ranges  0x00000000000005c0       0x70 build/native/obj/../hlmacaddr.o
 .debug_ranges  0x0000000000000630       0x80 build/native/obj/../hlmac-table.o
 .debug_ranges  0x00000000000006b0      0x1e0 build/native/obj/../csma-output.o
 .debug_ranges  0x0000000000000890       0x60 build/native/contiki-ng-native.a(clock.o)
 .debug_ranges  0x00000000000008f0       0x50 build/native/contiki-ng-native.a(contiki-main.o)
 .debug_ranges  0x0000000000000940      0x130 build/native/contiki-ng-native.a(log.o)
 .debug_ranges  0x0000000000000a70      0x180 build/native/contiki-ng-native.a(etimer.o)
 .debug_ranges  0x0000000000000bf0       0x60 build/native/contiki-ng-native.a(ctimer.o)
 .debug_ranges  0x0000000000000c50      0x120 build/native/contiki-ng-native.a(process.o)
 .debug_ranges  0x0000000000000d70      0x120 build/native/contiki-ng-native.a(list.o)
 .debug_ranges  0x0000000000000e90       0x70 build/native/contiki-ng-native.a(memb.o)
 .debug_ranges  0x0000000000000f00       0x70 build/native/contiki-ng-native.a(queuebuf.o)
 .debug_ranges  0x0000000000000f70      0x310 build/native/contiki-ng-native.a(packetbuf.o)
 .debug_ranges  0x0000000000001280       0x30 build/native/contiki-ng-native.a(linkaddr.o)
 .debug_ranges  0x00000000000012b0       0x30 build/native/contiki-ng-native.a(mac-sequence.o)
 .debug_ranges  0x00000000000012e0       0x40 build/native/contiki-ng-native.a(framer-802154.o)
 .debug_ranges  0x0000000000001320       0x60 build/native/contiki-ng-native.a(frame802154.o)
 .debug_ranges  0x0000000000001380      0x140 build/native/contiki-ng-native.a(platform.o)
 .debug_ranges  0x00000000000014c0      0x130 build/native/contiki-ng-native.a(button-hal.o)
 .debug_ranges  0x00000000000015f0       0xf0 build/native/contiki-ng-native.a(serial-line.o)

.debug_macro
 *(.debug_macro)

.debug_addr
 *(.debug_addr)

.gnu.attributes
 *(.gnu.attributes)

/DISCARD/
 *(.note.GNU-stack)
 *(.gnu_debuglink)
 *(.gnu.lto_*)
OUTPUT(build/native/iotorii-root.native elf64-x86-64)