Archive member included to satisfy reference by file (symbol)

build/cooja/mtype314.a(simEnvChange.o)
                              build/cooja/mtype314.o (simDontFallAsleep)
build/cooja/mtype314.a(cooja_mt.o)
                              build/cooja/mtype314.o (cooja_mt_start)
build/cooja/mtype314.a(cooja_mtarch.o)
                              build/cooja/mtype314.a(cooja_mt.o) (cooja_mtarch_start)
build/cooja/mtype314.a(rtimer-arch.o)
                              build/cooja/mtype314.o (rtimer_arch_check)
build/cooja/mtype314.a(beep.o)
                              build/cooja/mtype314.o (beep_interface)
build/cooja/mtype314.a(leds-arch.o)
                              build/cooja/mtype314.o (leds_interface)
build/cooja/mtype314.a(moteid.o)
                              build/cooja/mtype314.o (moteid_interface)
build/cooja/mtype314.a(pir-sensor.o)
                              build/cooja/mtype314.o (pir_interface)
build/cooja/mtype314.a(rs232.o)
                              build/cooja/mtype314.o (rs232_interface)
build/cooja/mtype314.a(vib-sensor.o)
                              build/cooja/mtype314.o (vib_interface)
build/cooja/mtype314.a(clock.o)
                              build/cooja/mtype314.o (clock_interface)
build/cooja/mtype314.a(cooja-log.o)
                              build/cooja/mtype314.o (simlog_interface)
build/cooja/mtype314.a(cfs-cooja.o)
                              build/cooja/mtype314.o (cfs_interface)
build/cooja/mtype314.a(cooja-radio.o)
                              build/cooja/mtype314.o (radio_interface)
build/cooja/mtype314.a(eeprom.o)
                              build/cooja/mtype314.o (eeprom_interface)
build/cooja/mtype314.a(random.o)
                              build/cooja/obj/../iotorii-csma.o (random_init)
build/cooja/mtype314.a(sensors.o)
                              build/cooja/mtype314.a(pir-sensor.o) (sensors_changed)
build/cooja/mtype314.a(leds.o)
                              build/cooja/mtype314.a(leds-arch.o) (leds_get)
build/cooja/mtype314.a(gpio-hal-arch.o)
                              build/cooja/mtype314.a(leds-arch.o) (gpio_hal_arch_register_pin_callback)
build/cooja/mtype314.a(buttons.o)
                              build/cooja/mtype314.o (button_interface)
build/cooja/mtype314.a(contiki-main.o)
                              build/cooja/mtype314.o (main)
build/cooja/mtype314.a(autostart.o)
                              build/cooja/mtype314.a(contiki-main.o) (autostart_start)
build/cooja/mtype314.a(log.o)
                              build/cooja/mtype314.a(contiki-main.o) (curr_log_level_main)
build/cooja/mtype314.a(energest.o)
                              build/cooja/mtype314.a(contiki-main.o) (energest_init)
build/cooja/mtype314.a(etimer.o)
                              build/cooja/mtype314.a(contiki-main.o) (etimer_process)
build/cooja/mtype314.a(node-id.o)
                              build/cooja/obj/../iotorii-csma.o (node_id)
build/cooja/mtype314.a(ctimer.o)
                              build/cooja/mtype314.a(contiki-main.o) (ctimer_init)
build/cooja/mtype314.a(process.o)
                              build/cooja/mtype314.a(etimer.o) (process_current)
build/cooja/mtype314.a(rtimer.o)
                              build/cooja/mtype314.a(contiki-main.o) (rtimer_init)
build/cooja/mtype314.a(timer.o)
                              build/cooja/mtype314.a(etimer.o) (timer_set)
build/cooja/mtype314.a(list.o)
                              build/cooja/obj/../csma-output.o (list_init)
build/cooja/mtype314.a(memb.o)
                              build/cooja/obj/../csma-output.o (memb_init)
build/cooja/mtype314.a(assert.o)
                              build/cooja/obj/../csma-output.o (_xassert)
build/cooja/mtype314.a(button-hal.o)
                              build/cooja/mtype314.o (button_hal_init)
build/cooja/mtype314.a(serial-line.o)
                              build/cooja/mtype314.a(rs232.o) (serial_line_input_byte)
build/cooja/mtype314.a(gpio-hal.o)
                              build/cooja/mtype314.a(button-hal.o) (gpio_hal_register_handler)
build/cooja/mtype314.a(queuebuf.o)
                              build/cooja/mtype314.a(contiki-main.o) (queuebuf_init)
build/cooja/mtype314.a(packetbuf.o)
                              build/cooja/obj/../iotorii-csma.o (packetbuf_clear)
build/cooja/mtype314.a(netstack.o)
                              build/cooja/mtype314.a(contiki-main.o) (netstack_init)
build/cooja/mtype314.a(linkaddr.o)
                              build/cooja/obj/../iotorii-csma.o (linkaddr_node_addr)
build/cooja/mtype314.a(mac-sequence.o)
                              build/cooja/obj/../iotorii-csma.o (mac_sequence_is_duplicate)
build/cooja/mtype314.a(mac.o)
                              build/cooja/obj/../csma-output.o (mac_call_sent_callback)
build/cooja/mtype314.a(framer-802154.o)
                              build/cooja/obj/../iotorii-csma.o (framer_802154)
build/cooja/mtype314.a(frame802154.o)
[...]
Memory Configuration

Name             Origin             Length             Attributes
*default*        0x0000000000000000 0xffffffffffffffff

Linker script and memory map

LOAD /usr/lib/gcc/x86_64-linux-gnu/9/../../../x86_64-linux-gnu/crti.o
LOAD /usr/lib/gcc/x86_64-linux-gnu/9/crtbeginS.o
LOAD iotorii-common-node.o
LOAD build/cooja/mtype314.o
LOAD build/cooja/obj/../iotorii-csma.o
LOAD build/cooja/obj/../hlmacaddr.o
LOAD build/cooja/obj/../hlmac-table.o
LOAD build/cooja/obj/../csma-security.o
LOAD build/cooja/obj/../csma-output.o
LOAD build/cooja/mtype314.a
LOAD /usr/lib/gcc/x86_64-linux-gnu/9/libgcc.a
LOAD /usr/lib/gcc/x86_64-linux-gnu/9/libgcc_s.so
START GROUP
LOAD /usr/lib/gcc/x86_64-linux-gnu/9/../../../x86_64-linux-gnu/libgcc_s.so.1
LOAD /usr/lib/gcc/x86_64-linux-gnu/9/libgcc.a
END GROUP
LOAD /usr/lib/gcc/x86_64-linux-gnu/9/../../../x86_64-linux-gnu/libc.so
START GROUP
LOAD /lib/x86_64-linux-gnu/libc.so.6
LOAD /usr/lib/x86_64-linux-gnu/libc_nonshared.a
LOAD /lib/x86_64-linux-gnu/ld-linux-x86-64.so.2
END GROUP
LOAD /usr/lib/gcc/x86_64-linux-gnu/9/libgcc.a
LOAD /usr/lib/gcc/x86_64-linux-gnu/9/libgcc_s.so
START GROUP
LOAD /usr/lib/gcc/x86_64-linux-gnu/9/../../../x86_64-linux-gnu/libgcc_s.so.1
LOAD /usr/lib/gcc/x86_64-linux-gnu/9/libgcc.a
END GROUP
LOAD /usr/lib/gcc/x86_64-linux-gnu/9/crtendS.o
LOAD /usr/lib/gcc/x86_64-linux-gnu/9/../../../x86_64-linux-gnu/crtn.o
                0x00000000000002a8                . = (SEGMENT_START ("text-segment", 0x0) + SIZEOF_HEADERS)

.note.gnu.property
                0x00000000000002a8       0x20
 .note.gnu.property
                0x00000000000002a8       0x20 /usr/lib/gcc/x86_64-linux-gnu/9/../../../x86_64-linux-gnu/crti.o

.note.gnu.build-id
                0x00000000000002c8       0x24
 *(.note.gnu.build-id)
 .note.gnu.build-id
                0x00000000000002c8       0x24 /usr/lib/gcc/x86_64-linux-gnu/9/../../../x86_64-linux-gnu/crti.o

.hash
 *(.hash)

.gnu.hash       0x00000000000002f0      0xc48
 *(.gnu.hash)
 .gnu.hash      0x00000000000002f0      0xc48 /usr/lib/gcc/x86_64-linux-gnu/9/../../../x86_64-linux-gnu/crti.o

.dynsym         0x0000000000000f38     0x2658
 *(.dynsym)
 .dynsym        0x0000000000000f38     0x2658 /usr/lib/gcc/x86_64-linux-gnu/9/../../../x86_64-linux-gnu/crti.o

.dynstr         0x0000000000003590     0x1c43
 *(.dynstr)
 .dynstr        0x0000000000003590     0x1c43 /usr/lib/gcc/x86_64-linux-gnu/9/../../../x86_64-linux-gnu/crti.o

.gnu.version    0x00000000000051d4      0x332
 *(.gnu.version)
 .gnu.version   0x00000000000051d4      0x332 /usr/lib/gcc/x86_64-linux-gnu/9/../../../x86_64-linux-gnu/crti.o

.gnu.version_d  0x0000000000005508        0x0
 *(.gnu.version_d)
 .gnu.version_d
                0x0000000000005508        0x0 /usr/lib/gcc/x86_64-linux-gnu/9/../../../x86_64-linux-gnu/crti.o

.gnu.version_r  0x0000000000005508       0x40
 *(.gnu.version_r)
 .gnu.version_r
                0x0000000000005508       0x40 /usr/lib/gcc/x86_64-linux-gnu/9/../../../x86_64-linux-gnu/crti.o

.rela.dyn       0x0000000000005548     0x1848
 *(.rela.init)
 *(.rela.text .rela.text.* .rela.gnu.linkonce.t.*)
 .rela.text     0x0000000000005548        0x0 /usr/lib/gcc/x86_64-linux-gnu/9/../../../x86_64-linux-gnu/crti.o
 *(.rela.fini)
 *(.rela.rodata .rela.rodata.* .rela.gnu.linkonce.r.*)
 *(.rela.data .rela.data.* .rela.gnu.linkonce.d.*)
 .rela.data.rel.local
                0x0000000000005548      0x348 /usr/lib/gcc/x86_64-linux-gnu/9/../../../x86_64-linux-gnu/crti.o
 .rela.data.rel.ro
                0x0000000000005890       0x18 /usr/lib/gcc/x86_64-linux-gnu/9/../../../x86_64-linux-gnu/crti.o
 .rela.data.rel
                0x00000000000058a8      0x3a8 /usr/lib/gcc/x86_64-linux-gnu/9/../../../x86_64-linux-gnu/crti.o
 .rela.data.rel.ro.local
                0x0000000000005c50      0x7f8 /usr/lib/gcc/x86_64-linux-gnu/9/../../../x86_64-linux-gnu/crti.o
 *(.rela.tdata .rela.tdata.* .rela.gnu.linkonce.td.*)
 *(.rela.tbss .rela.tbss.* .rela.gnu.linkonce.tb.*)
 *(.rela.ctors)
 *(.rela.dtors)
 *(.rela.got)
 .rela.got      0x0000000000006448      0x918 /usr/lib/gcc/x86_64-linux-gnu/9/../../../x86_64-linux-gnu/crti.o
 *(.rela.bss .rela.bss.* .rela.gnu.linkonce.b.*)
 *(.rela.ldata .rela.ldata.* .rela.gnu.linkonce.l.*)
 *(.rela.lbss .rela.lbss.* .rela.gnu.linkonce.lb.*)
 *(.rela.lrodata .rela.lrodata.* .rela.gnu.linkonce.lr.*)
 *(.rela.ifunc)
 .rela.ifunc    0x0000000000006d60        0x0 /usr/lib/gcc/x86_64-linux-gnu/9/../../../x86_64-linux-gnu/crti.o
 .rela.fini_array
                0x0000000000006d60       0x18 /usr/lib/gcc/x86_64-linux-gnu/9/../../../x86_64-linux-gnu/crti.o
 .rela.init_array
                0x0000000000006d78       0x18 /usr/lib/gcc/x86_64-linux-gnu/9/../../../x86_64-linux-gnu/crti.o

.rela.plt       0x0000000000006d90     0x1140
 *(.rela.plt)
 .rela.plt      0x0000000000006d90     0x1140 /usr/lib/gcc/x86_64-linux-gnu/9/../../../x86_64-linux-gnu/crti.o
 *(.rela.iplt)
                0x0000000000008000                . = ALIGN (CONSTANT (MAXPAGESIZE))

.init           0x0000000000008000       0x1b
 *(SORT_NONE(.init))
 .init          0x0000000000008000       0x16 /usr/lib/gcc/x86_64-linux-gnu/9/../../../x86_64-linux-gnu/crti.o
                0x0000000000008000                _init
 .init          0x0000000000008016        0x5 /usr/lib/gcc/x86_64-linux-gnu/9/../../../x86_64-linux-gnu/crtn.o

.plt            0x0000000000008020      0xb90
 *(.plt)
 .plt           0x0000000000008020      0xb90 /usr/lib/gcc/x86_64-linux-gnu/9/../../../x86_64-linux-gnu/crti.o
 *(.iplt)

.plt.got        0x0000000000008bb0       0x20
 *(.plt.got)
 .plt.got       0x0000000000008bb0       0x20 /usr/lib/gcc/x86_64-linux-gnu/9/../../../x86_64-linux-gnu/crti.o

.plt.sec        0x0000000000008bd0      0xb80
 *(.plt.sec)
 .plt.sec       0x0000000000008bd0      0xb80 /usr/lib/gcc/x86_64-linux-gnu/9/../../../x86_64-linux-gnu/crti.o

.text           0x0000000000009750     0x9279
 *(.text.unlikely .text.*_unlikely .text.unlikely.*)
 *(.text.exit .text.exit.*)
 *(.text.startup .text.startup.*)
 *(.text.hot .text.hot.*)
 *(SORT_BY_NAME(.text.sorted.*))
 *(.text .stub .text.* .gnu.linkonce.t.*)
 .text          0x0000000000009750        0x0 /usr/lib/gcc/x86_64-linux-gnu/9/../../../x86_64-linux-gnu/crti.o
 .text          0x0000000000009750       0xb9 /usr/lib/gcc/x86_64-linux-gnu/9/crtbeginS.o
 .text          0x0000000000009809       0x4c iotorii-common-node.o
 .text          0x0000000000009855      0x35e build/cooja/mtype314.o
                0x00000000000098e0                platform_init_stage_one
                0x00000000000098f5                platform_init_stage_two
                0x000000000000990a                platform_init_stage_three
                0x000000000000991f                platform_main_loop
                0x00000000000099b9                Java_org_contikios_cooja_corecomm_Lib1_init
                0x0000000000009a00                Java_org_contikios_cooja_corecomm_Lib1_getMemory
                0x0000000000009a60                Java_org_contikios_cooja_corecomm_Lib1_setMemory
                0x0000000000009af9                Java_org_contikios_cooja_corecomm_Lib1_tick
                0x0000000000009b81                Java_org_contikios_cooja_corecomm_Lib1_setReferenceAddress
 .text          0x0000000000009bb3      0xcc0 build/cooja/obj/../iotorii-csma.o
                0x0000000000009cc8                iotorii_handle_send_sethlmac_timer
                0x0000000000009e11                iotorii_send_sethlmac
                0x000000000000a327                iotorii_handle_incoming_hello
                0x000000000000a3ee                iotorii_extract_address
                0x000000000000a5d7                iotorii_handle_incoming_sethlamc
                0x000000000000a73a                iotorii_operation
 .text          0x000000000000a873      0x4f6 build/cooja/obj/../hlmacaddr.o
                0x000000000000a873                hlmac_is_unspecified_addr
                0x000000000000a8ab                hlmac_get_len
                0x000000000000a8ca                hlmac_get_address
                0x000000000000a934                hlmac_create_root_addr
                0x000000000000a975                hlmac_add_new_id
                0x000000000000aa37                hlmac_remove_Last_id
                0x000000000000ab27                hlmac_cmp
                0x000000000000ac6a                get_addr_index_value
                0x000000000000acc9                hlmac_addr_to_str
 .text          0x000000000000ad69      0x2fa build/cooja/obj/../hlmac-table.o
                0x000000000000ad69                hlmac_table_init
                0x000000000000ad7e                hlmactable_add
                0x000000000000ae64                hlmactable_has_loop
                0x000000000000af02                hlmactable_get_longest_matchhed_prefix
                0x000000000000b016                hlmactable_calculate_sum_hop
 .text          0x000000000000b063       0x3d build/cooja/obj/../csma-security.o
                0x000000000000b063                csma_security_create_frame
                0x000000000000b089                csma_security_parse_frame
 .text          0x000000000000b0a0      0xaba build/cooja/obj/../csma-output.o
                0x000000000000b874                csma_output_packet
                0x000000000000bb2b                csma_output_init
 .text          0x000000000000bb5a       0x93 build/cooja/mtype314.a(simEnvChange.o)
                0x000000000000bb5a                doActionsBeforeTick
                0x000000000000bba3                doActionsAfterTick
 .text          0x000000000000bbed       0xab build/cooja/mtype314.a(cooja_mt.o)
                0x000000000000bbed                cooja_mt_start
                0x000000000000bc2d                cooja_mt_exec
                0x000000000000bc70                cooja_mt_yield
 .text          0x000000000000bc98      0x10e build/cooja/mtype314.a(cooja_mtarch.o)
                0x000000000000bc98                cooja_mtarch_start
                0x000000000000bd3b                cooja_sw
                0x000000000000bd68                cooja_mtarch_exec
                0x000000000000bd96                cooja_mtarch_yield
 .text          0x000000000000bda6       0xcc build/cooja/mtype314.a(rtimer-arch.o)
                0x000000000000bda6                rtimer_arch_init
                0x000000000000bdcc                rtimer_arch_schedule
                0x000000000000bdf6                rtimer_arch_next
                0x000000000000be0a                rtimer_arch_pending
                0x000000000000be1d                rtimer_arch_check
                0x000000000000be5e                rtimer_arch_now
 .text          0x000000000000be72       0xe6 build/cooja/mtype314.a(beep.o)
                0x000000000000be72                beep_alarm
                0x000000000000be8d                beep_beep
                0x000000000000bea5                beep
                0x000000000000beba                beep_down
                0x000000000000bed2                beep_on
                0x000000000000bee7                beep_off
                0x000000000000befc                beep_spinup
                0x000000000000bf11                beep_quick
                0x000000000000bf29                beep_long
 .text          0x000000000000bf58       0x77 build/cooja/mtype314.a(leds-arch.o)
                0x000000000000bf71                leds_arch_init
 .text          0x000000000000bfcf       0x41 build/cooja/mtype314.a(moteid.o)
 .text          0x000000000000c010       0xfa build/cooja/mtype314.a(pir-sensor.o)
 .text          0x000000000000c10a      0x194 build/cooja/mtype314.a(rs232.o)
                0x000000000000c10a                rs232_init
                0x000000000000c115                rs232_set_speed
                0x000000000000c125                rs232_set_input
                0x000000000000c13f                rs232_send
                0x000000000000c16a                rs232_print
                0x000000000000c195                slip_arch_writeb
 .text          0x000000000000c29e       0xfa build/cooja/mtype314.a(vib-sensor.o)
 .text          0x000000000000c398       0x6f build/cooja/mtype314.a(clock.o)
                0x000000000000c398                clock_init
                0x000000000000c3a3                clock_time
                0x000000000000c3b7                clock_seconds
                0x000000000000c3e3                clock_delay
 .text          0x000000000000c407      0x32a build/cooja/mtype314.a(cooja-log.o)
                0x000000000000c407                simlog_char
                0x000000000000c461                simlog
                0x000000000000c500                log_message
                0x000000000000c545                log_set_putchar_with_slip
                0x000000000000c55c                log_putchar
                0x000000000000c5e0                log_puts
                0x000000000000c60d                log_printf
 .text          0x000000000000c731      0x39f build/cooja/mtype314.a(cfs-cooja.o)
                0x000000000000c731                cfs_open
                0x000000000000c7ae                cfs_close
                0x000000000000c7c3                cfs_read
                0x000000000000c88b                cfs_write
                0x000000000000c99e                cfs_seek
                0x000000000000ca4d                cfs_remove
                0x000000000000ca7d                cfs_opendir
                0x000000000000ca94                cfs_readdir
                0x000000000000caab                cfs_closedir
 .text          0x000000000000cad0      0x79f build/cooja/mtype314.a(cooja-radio.o)
                0x000000000000cb2f                radio_set_channel
                0x000000000000cb49                radio_set_txpower
                0x000000000000cb66                radio_signal_strength_last
                0x000000000000cb79                radio_signal_strength_current
                0x000000000000cb8c                radio_LQI
 .text          0x000000000000d26f      0x139 build/cooja/mtype314.a(eeprom.o)
                0x000000000000d26f                eeprom_init
                0x000000000000d27a                eeprom_read
                0x000000000000d306                eeprom_write
 .text          0x000000000000d3a8       0x2f build/cooja/mtype314.a(random.o)
                0x000000000000d3a8                random_init
                0x000000000000d3c8                random_rand
 .text          0x000000000000d3d7      0x35f build/cooja/mtype314.a(sensors.o)
                0x000000000000d420                sensors_first
                0x000000000000d434                sensors_next
                0x000000000000d463                sensors_changed
                0x000000000000d4b0                sensors_find
 .text          0x000000000000d736      0x3ad build/cooja/mtype314.a(leds.o)
                0x000000000000d736                leds_init
                0x000000000000d781                leds_single_on
                0x000000000000d7ee                leds_single_off
                0x000000000000d85b                leds_single_toggle
                0x000000000000d893                leds_on
                0x000000000000d924                leds_off
                0x000000000000d9b5                leds_toggle
                0x000000000000da11                leds_set
                0x000000000000da3a                leds_get
 .text          0x000000000000dae3      0x412 build/cooja/mtype314.a(gpio-hal-arch.o)
                0x000000000000dae3                gpio_hal_arch_register_pin_callback
                0x000000000000db8a                gpio_hal_arch_init
                0x000000000000dbd7                gpio_hal_arch_no_port_interrupt_enable
                0x000000000000dc24                gpio_hal_arch_no_port_interrupt_disable
                0x000000000000dc71                gpio_hal_arch_no_port_pin_cfg_set
                0x000000000000dca7                gpio_hal_arch_no_port_pin_cfg_get
                0x000000000000dcdb                gpio_hal_arch_no_port_pin_set_input
                0x000000000000dcee                gpio_hal_arch_no_port_pin_set_output
                0x000000000000dd01                gpio_hal_arch_no_port_set_pin
                0x000000000000dd25                gpio_hal_arch_no_port_clear_pin
                0x000000000000dd49                gpio_hal_arch_no_port_read_pin
                0x000000000000dd76                gpio_hal_arch_no_port_write_pin
                0x000000000000dda0                gpio_hal_arch_no_port_set_pins
                0x000000000000ddef                gpio_hal_arch_no_port_clear_pins
                0x000000000000de3e                gpio_hal_arch_no_port_read_pins
                0x000000000000de8c                gpio_hal_arch_no_port_write_pins
 .text          0x000000000000def5       0xa8 build/cooja/mtype314.a(buttons.o)
 .text          0x000000000000df9d      0x2e4 build/cooja/mtype314.a(contiki-main.o)
                0x000000000000df9d                main
 .text          0x000000000000e281       0xbd build/cooja/mtype314.a(autostart.o)
                0x000000000000e281                autostart_start
                0x000000000000e2e2                autostart_exit
 .text          0x000000000000e33e      0x386 build/cooja/mtype314.a(log.o)
                0x000000000000e33e                log_lladdr
                0x000000000000e3bf                log_lladdr_compact
                0x000000000000e43b                log_bytes
                0x000000000000e498                log_set_level
                0x000000000000e5a2                log_get_level
                0x000000000000e659                log_level_to_str
 .text          0x000000000000e6c4       0x25 build/cooja/mtype314.a(energest.o)
                0x000000000000e6c4                energest_init
                0x000000000000e6cf                energest_flush
                0x000000000000e6da                energest_get_total_time
 .text          0x000000000000e6e9      0x57c build/cooja/mtype314.a(etimer.o)
                0x000000000000e991                etimer_request_poll
                0x000000000000ea43                etimer_set
                0x000000000000ea79                etimer_reset_with_new_interval
                0x000000000000eab4                etimer_reset
                0x000000000000eadf                etimer_restart
                0x000000000000eb0a                etimer_adjust
                0x000000000000eb3b                etimer_expired
                0x000000000000eb5a                etimer_expiration_time
                0x000000000000eb7a                etimer_start_time
                0x000000000000eb8f                etimer_pending
                0x000000000000eba9                etimer_next_expiration_time
                0x000000000000ebca                etimer_stop
 .text          0x000000000000ec65       0x36 build/cooja/mtype314.a(node-id.o)
                0x000000000000ec65                node_id_init
 .text          0x000000000000ec9b      0x441 build/cooja/mtype314.a(ctimer.o)
                0x000000000000edfd                ctimer_init
                0x000000000000ee32                ctimer_set
                0x000000000000ee76                ctimer_set_with_process
                0x000000000000ef30                ctimer_reset
                0x000000000000efa1                ctimer_restart
                0x000000000000f012                ctimer_stop
                0x000000000000f070                ctimer_expired
 .text          0x000000000000f0dc      0x67a build/cooja/mtype314.a(process.o)
                0x000000000000f0dc                process_alloc_event
                0x000000000000f0f6                process_start
                0x000000000000f367                process_exit
                0x000000000000f393                process_init
                0x000000000000f590                process_run
                0x000000000000f5c5                process_nevents
                0x000000000000f5e5                process_post
                0x000000000000f6ad                process_post_synch
                0x000000000000f6fb                process_poll
                0x000000000000f738                process_is_running
 .text          0x000000000000f756      0x101 build/cooja/mtype314.a(rtimer.o)
                0x000000000000f756                rtimer_init
                0x000000000000f766                rtimer_set
                0x000000000000f7e7                rtimer_run_next
 .text          0x000000000000f857       0xfb build/cooja/mtype314.a(timer.o)
                0x000000000000f857                timer_set
                0x000000000000f886                timer_reset
                0x000000000000f8c2                timer_restart
                0x000000000000f8e1                timer_expired
                0x000000000000f91c                timer_remaining
 .text          0x000000000000f952      0x39b build/cooja/mtype314.a(list.o)
                0x000000000000f952                list_init
                0x000000000000f96c                list_head
                0x000000000000f981                list_copy
                0x000000000000f9a2                list_tail
                0x000000000000f9eb                list_add
                0x000000000000fa4f                list_push
                0x000000000000fa92                list_chop
                0x000000000000fb1f                list_pop
                0x000000000000fb59                list_remove
                0x000000000000fbe5                list_length
                0x000000000000fc20                list_insert
                0x000000000000fc83                list_item_next
                0x000000000000fca6                list_contains
 .text          0x000000000000fced      0x21a build/cooja/mtype314.a(memb.o)
                0x000000000000fced                memb_init
                0x000000000000fd50                memb_alloc
                0x000000000000fdca                memb_free
                0x000000000000fe5d                memb_inmemb
                0x000000000000feb4                memb_numfree
 .text          0x000000000000ff07       0x31 build/cooja/mtype314.a(assert.o)
                0x000000000000ff07                _xassert
 .text          0x000000000000ff38      0x56b build/cooja/mtype314.a(button-hal.o)
                0x00000000000100fd                button_hal_get_by_id
                0x000000000001014b                button_hal_get_by_index
                0x0000000000010182                button_hal_get_state
                0x00000000000101e5                button_hal_init
 .text          0x00000000000104a3      0x229 build/cooja/mtype314.a(serial-line.o)
                0x00000000000104a3                serial_line_input_byte
                0x0000000000010695                serial_line_init
 .text          0x00000000000106cc      0x181 build/cooja/mtype314.a(gpio-hal.o)
                0x00000000000106cc                gpio_hal_register_handler
                0x00000000000106f5                gpio_hal_event_handler
                0x0000000000010760                gpio_hal_init
                0x000000000001077f                gpio_hal_arch_port_toggle_pin
                0x00000000000107b6                gpio_hal_arch_port_toggle_pins
                0x00000000000107e7                gpio_hal_arch_no_port_toggle_pin
                0x0000000000010821                gpio_hal_arch_no_port_toggle_pins
 .text          0x000000000001084d      0x35d build/cooja/mtype314.a(queuebuf.o)
                0x0000000000010862                queuebuf_init
                0x0000000000010885                queuebuf_numfree
                0x000000000001089b                queuebuf_new_from_packetbuf
                0x0000000000010941                queuebuf_update_attr_from_packetbuf
                0x0000000000010984                queuebuf_update_from_packetbuf
                0x00000000000109e0                queuebuf_free
                0x0000000000010a33                queuebuf_to_packetbuf
                0x0000000000010aa9                queuebuf_dataptr
                0x0000000000010aed                queuebuf_datalen
                0x0000000000010b1d                queuebuf_addr
                0x0000000000010b64                queuebuf_attr
                0x0000000000010b9f                queuebuf_debug_print
 .text          0x0000000000010baa      0x4a9 build/cooja/mtype314.a(packetbuf.o)
                0x0000000000010baa                packetbuf_clear
                0x0000000000010bd8                packetbuf_copyfrom
                0x0000000000010c32                packetbuf_copyto
                0x0000000000010cd9                packetbuf_hdralloc
                0x0000000000010d68                packetbuf_hdrreduce
                0x0000000000010db8                packetbuf_set_datalen
                0x0000000000010dd4                packetbuf_dataptr
                0x0000000000010dfa                packetbuf_hdrptr
                0x0000000000010e0b                packetbuf_datalen
                0x0000000000010e1c                packetbuf_hdrlen
                0x0000000000010e38                packetbuf_totlen
                0x0000000000010e5b                packetbuf_remaininglen
                0x0000000000010e73                packetbuf_attr_clear
                0x0000000000010ed8                packetbuf_attr_copyto
                0x0000000000010f23                packetbuf_attr_copyfrom
                0x0000000000010f6e                packetbuf_set_attr
                0x0000000000010f9e                packetbuf_attr
                0x0000000000010fbf                packetbuf_set_addr
                0x0000000000011005                packetbuf_addr
                0x000000000001102f                packetbuf_holds_broadcast
 .text          0x0000000000011053      0x12b build/cooja/mtype314.a(netstack.o)
                0x0000000000011053                netstack_process_ip_callback
                0x00000000000110f4                netstack_ip_packet_processor_add
                0x0000000000011124                uip_ds6_ip_packet_processor_rm
                0x000000000001114d                netstack_init
 .text          0x000000000001117e       0x80 build/cooja/mtype314.a(linkaddr.o)
                0x000000000001117e                linkaddr_copy
                0x000000000001119f                linkaddr_cmp
                0x00000000000111d5                linkaddr_set_node_addr
 .text          0x00000000000111fe      0x1e2 build/cooja/mtype314.a(mac-sequence.o)
                0x00000000000111fe                mac_sequence_is_duplicate
                0x00000000000112e3                mac_sequence_register_seqno
 .text          0x00000000000113e0       0x3a build/cooja/mtype314.a(mac.o)
                0x00000000000113e0                mac_call_sent_callback
 .text          0x000000000001141a      0x452 build/cooja/mtype314.a(framer-802154.o)
                0x00000000000115b5                framer_802154_setup_params
 .text          0x000000000001186c      0xcaa build/cooja/mtype314.a(frame802154.o)
                0x000000000001189a                frame802154_get_pan_id
                0x00000000000118ab                frame802154_set_pan_id
                0x00000000000118c7                frame802154_has_panid
                0x0000000000011aa6                frame802154_check_dest_panid
                0x0000000000011b45                frame802154_is_broadcast_addr
                0x0000000000011b9c                frame802154_extract_linkaddr
                0x0000000000011e36                frame802154_hdrlen
                0x0000000000011eb5                frame802154_create_fcf
                0x0000000000011f87                frame802154_create
                0x0000000000012131                frame802154_parse_fcf
                0x0000000000012228                frame802154_parse
 .text          0x0000000000012516      0x127 build/cooja/mtype314.a(nullnet.o)
                0x000000000001258d                nullnet_set_input_callback
 .text          0x000000000001263d      0x145 build/cooja/mtype314.a(nullrouting.o)
 .text          0x0000000000012782       0x49 build/cooja/mtype314.a(watchdog.o)
                0x0000000000012782                watchdog_init
                0x000000000001278d                watchdog_start
                0x0000000000012798                watchdog_periodic
                0x00000000000127b5                watchdog_stop
                0x00000000000127c0                watchdog_reboot
 .text          0x00000000000127cb       0x61 build/cooja/mtype314.a(int-master.o)
                0x00000000000127cb                int_master_enable
                0x00000000000127e0                int_master_read_and_disable
                0x0000000000012800                int_master_status_set
                0x0000000000012817                int_master_is_enabled
 .text          0x000000000001282c      0x19d build/cooja/mtype314.a(ringbuf.o)
                0x000000000001282c                ringbuf_init
                0x000000000001286d                ringbuf_put
                0x00000000000128fc                ringbuf_get
                0x000000000001297a                ringbuf_size
                0x0000000000012996                ringbuf_elements
 .text          0x00000000000129c9        0x0 /usr/lib/gcc/x86_64-linux-gnu/9/crtendS.o
 .text          0x00000000000129c9        0x0 /usr/lib/gcc/x86_64-linux-gnu/9/../../../x86_64-linux-gnu/crtn.o
 *(.gnu.warning)

.fini           0x00000000000129cc        0xd
 *(SORT_NONE(.fini))
 .fini          0x00000000000129cc        0x8 /usr/lib/gcc/x86_64-linux-gnu/9/../../../x86_64-linux-gnu/crti.o
                0x00000000000129cc                _fini
 .fini          0x00000000000129d4        0x5 /usr/lib/gcc/x86_64-linux-gnu/9/../../../x86_64-linux-gnu/crtn.o
                [!provide]                        PROVIDE (__etext = .)
                [!provide]                        PROVIDE (_etext = .)
                [!provide]                        PROVIDE (etext = .)
                0x0000000000013000                . = ALIGN (CONSTANT (MAXPAGESIZE))
                0x0000000000013000                . = SEGMENT_START ("rodata-segment", (ALIGN (CONSTANT (MAXPAGESIZE)) + (. & (CONSTANT (MAXPAGESIZE) - 0x1))))

.rodata         0x0000000000013000      0x4dc
 *(.rodata .rodata.* .gnu.linkonce.r.*)
 .rodata        0x0000000000013000       0x1d iotorii-common-node.o
 *fill*         0x000000000001301d        0x3 
 .rodata        0x0000000000013020      0x175 build/cooja/obj/../iotorii-csma.o
 *fill*         0x0000000000013195        0xb 
 .rodata        0x00000000000131a0       0x17 build/cooja/obj/../hlmacaddr.o
                0x00000000000131a0                UNSPECIFIED_HLMAC_ADDRESS
 *fill*         0x00000000000131b7        0x1 
 .rodata        0x00000000000131b8       0x3e build/cooja/obj/../hlmac-table.o
 .rodata        0x00000000000131f6       0x11 build/cooja/obj/../csma-output.o
 .rodata        0x0000000000013207        0x6 build/cooja/mtype314.a(leds-arch.o)
                0x0000000000013207                leds_arch_leds
 .rodata        0x000000000001320d        0x4 build/cooja/mtype314.a(pir-sensor.o)
 .rodata        0x0000000000013211        0x6 build/cooja/mtype314.a(rs232.o)
 .rodata        0x0000000000013217        0xa build/cooja/mtype314.a(vib-sensor.o)
 *fill*         0x0000000000013221        0x7 
 .rodata        0x0000000000013228       0x27 build/cooja/mtype314.a(cfs-cooja.o)
 *fill*         0x000000000001324f        0x1 
 .rodata        0x0000000000013250       0x68 build/cooja/mtype314.a(cooja-radio.o)
 .rodata        0x00000000000132b8        0x8 build/cooja/mtype314.a(sensors.o)
 .rodata        0x00000000000132c0       0x14 build/cooja/mtype314.a(buttons.o)
                0x00000000000132cc                button_hal_button_count
 *fill*         0x00000000000132d4        0x4 
 .rodata        0x00000000000132d8       0xdc build/cooja/mtype314.a(contiki-main.o)
 .rodata        0x00000000000133b4       0xa8 build/cooja/mtype314.a(log.o)
 .rodata        0x000000000001345c        0xc build/cooja/mtype314.a(etimer.o)
 .rodata        0x0000000000013468        0xf build/cooja/mtype314.a(ctimer.o)
 *fill*         0x0000000000013477        0x1 
 .rodata        0x0000000000013478       0x25 build/cooja/mtype314.a(assert.o)
 .rodata        0x000000000001349d       0x13 build/cooja/mtype314.a(button-hal.o)
 .rodata        0x00000000000134b0        0xe build/cooja/mtype314.a(serial-line.o)
 *fill*         0x00000000000134be        0x2 
 .rodata        0x00000000000134c0        0x8 build/cooja/mtype314.a(linkaddr.o)
                0x00000000000134c0                linkaddr_null
 .rodata        0x00000000000134c8        0x8 build/cooja/mtype314.a(nullnet.o)
 .rodata        0x00000000000134d0        0xc build/cooja/mtype314.a(nullrouting.o)

.rodata1
 *(.rodata1)

.eh_frame_hdr   0x00000000000134dc      0xcb4
 *(.eh_frame_hdr)
 .eh_frame_hdr  0x00000000000134dc      0xcb4 iotorii-common-node.o
                0x00000000000134dc                __GNU_EH_FRAME_HDR
 *(.eh_frame_entry .eh_frame_entry.*)

.eh_frame       0x0000000000014190     0x3304
 *(.eh_frame)
 .eh_frame      0x0000000000014190       0x40 /usr/lib/gcc/x86_64-linux-gnu/9/../../../x86_64-linux-gnu/crti.o
 .eh_frame      0x00000000000141d0       0x18 /usr/lib/gcc/x86_64-linux-gnu/9/../../../x86_64-linux-gnu/crti.o
                                         0x30 (size before relaxing)
 .eh_frame      0x00000000000141e8       0x18 /usr/lib/gcc/x86_64-linux-gnu/9/../../../x86_64-linux-gnu/crti.o
                                         0x30 (size before relaxing)
 .eh_frame      0x0000000000014200       0x20 iotorii-common-node.o
                                         0x38 (size before relaxing)
 .eh_frame      0x0000000000014220      0x178 build/cooja/mtype314.o
                                        0x190 (size before relaxing)
 .eh_frame      0x0000000000014398      0x1f0 build/cooja/obj/../iotorii-csma.o
                                        0x208 (size before relaxing)
 .eh_frame      0x0000000000014588      0x128 build/cooja/obj/../hlmacaddr.o
                                        0x140 (size before relaxing)
 .eh_frame      0x00000000000146b0       0xa0 build/cooja/obj/../hlmac-table.o
                                         0xb8 (size before relaxing)
 .eh_frame      0x0000000000014750       0x40 build/cooja/obj/../csma-security.o
                                         0x58 (size before relaxing)
 .eh_frame      0x0000000000014790      0x1c8 build/cooja/obj/../csma-output.o
                                        0x1e0 (size before relaxing)
 .eh_frame      0x0000000000014958       0x40 build/cooja/mtype314.a(simEnvChange.o)
                                         0x58 (size before relaxing)
 .eh_frame      0x0000000000014998       0x60 build/cooja/mtype314.a(cooja_mt.o)
                                         0x78 (size before relaxing)
 .eh_frame      0x00000000000149f8       0x80 build/cooja/mtype314.a(cooja_mtarch.o)
                                         0x98 (size before relaxing)
 .eh_frame      0x0000000000014a78       0xc0 build/cooja/mtype314.a(rtimer-arch.o)
                                         0xd8 (size before relaxing)
 .eh_frame      0x0000000000014b38      0x160 build/cooja/mtype314.a(beep.o)
                                        0x178 (size before relaxing)
 .eh_frame      0x0000000000014c98       0x80 build/cooja/mtype314.a(leds-arch.o)
                                         0x98 (size before relaxing)
 .eh_frame      0x0000000000014d18       0x40 build/cooja/mtype314.a(moteid.o)
                                         0x58 (size before relaxing)
 .eh_frame      0x0000000000014d58       0xa0 build/cooja/mtype314.a(pir-sensor.o)
                                         0xb8 (size before relaxing)
 .eh_frame      0x0000000000014df8      0x100 build/cooja/mtype314.a(rs232.o)
                                        0x118 (size before relaxing)
 .eh_frame      0x0000000000014ef8       0xa0 build/cooja/mtype314.a(vib-sensor.o)
                                         0xb8 (size before relaxing)
 .eh_frame      0x0000000000014f98       0xc0 build/cooja/mtype314.a(clock.o)
                                         0xd8 (size before relaxing)
 .eh_frame      0x0000000000015058      0x128 build/cooja/mtype314.a(cooja-log.o)
                                        0x140 (size before relaxing)
 .eh_frame      0x0000000000015180      0x160 build/cooja/mtype314.a(cfs-cooja.o)
                                        0x178 (size before relaxing)
 .eh_frame      0x00000000000152e0      0x360 build/cooja/mtype314.a(cooja-radio.o)
                                        0x378 (size before relaxing)
 .eh_frame      0x0000000000015640       0xa0 build/cooja/mtype314.a(eeprom.o)
                                         0xb8 (size before relaxing)
 .eh_frame      0x00000000000156e0       0x40 build/cooja/mtype314.a(random.o)
                                         0x58 (size before relaxing)
 .eh_frame      0x0000000000015720       0xc0 build/cooja/mtype314.a(sensors.o)
                                         0xd8 (size before relaxing)
 .eh_frame      0x00000000000157e0      0x120 build/cooja/mtype314.a(leds.o)
                                        0x138 (size before relaxing)
 .eh_frame      0x0000000000015900      0x220 build/cooja/mtype314.a(gpio-hal-arch.o)
                                        0x238 (size before relaxing)
 .eh_frame      0x0000000000015b20       0xa0 build/cooja/mtype314.a(buttons.o)
                                         0xb8 (size before relaxing)
 .eh_frame      0x0000000000015bc0       0x20 build/cooja/mtype314.a(contiki-main.o)
                                         0x38 (size before relaxing)
 .eh_frame      0x0000000000015be0       0x40 build/cooja/mtype314.a(autostart.o)
                                         0x58 (size before relaxing)
 .eh_frame      0x0000000000015c20       0xc0 build/cooja/mtype314.a(log.o)
                                         0xd8 (size before relaxing)
 .eh_frame      0x0000000000015ce0       0x60 build/cooja/mtype314.a(energest.o)
                                         0x78 (size before relaxing)
 .eh_frame      0x0000000000015d40      0x1e0 build/cooja/mtype314.a(etimer.o)
                                        0x1f8 (size before relaxing)
 .eh_frame      0x0000000000015f20       0x20 build/cooja/mtype314.a(node-id.o)
                                         0x38 (size before relaxing)
 .eh_frame      0x0000000000015f40      0x100 build/cooja/mtype314.a(ctimer.o)
                                        0x118 (size before relaxing)
 .eh_frame      0x0000000000016040      0x1c8 build/cooja/mtype314.a(process.o)
                                        0x1e0 (size before relaxing)
 .eh_frame      0x0000000000016208       0x60 build/cooja/mtype314.a(rtimer.o)
                                         0x78 (size before relaxing)
 .eh_frame      0x0000000000016268       0xa0 build/cooja/mtype314.a(timer.o)
                                         0xb8 (size before relaxing)
 .eh_frame      0x0000000000016308      0x1a0 build/cooja/mtype314.a(list.o)
                                        0x1b8 (size before relaxing)
 .eh_frame      0x00000000000164a8       0xa0 build/cooja/mtype314.a(memb.o)
                                         0xb8 (size before relaxing)
 .eh_frame      0x0000000000016548       0x20 build/cooja/mtype314.a(assert.o)
                                         0x38 (size before relaxing)
 .eh_frame      0x0000000000016568      0x160 build/cooja/mtype314.a(button-hal.o)
                                        0x178 (size before relaxing)
 .eh_frame      0x00000000000166c8       0x60 build/cooja/mtype314.a(serial-line.o)
                                         0x78 (size before relaxing)
 .eh_frame      0x0000000000016728       0xe0 build/cooja/mtype314.a(gpio-hal.o)
                                         0xf8 (size before relaxing)
 .eh_frame      0x0000000000016808      0x1a0 build/cooja/mtype314.a(queuebuf.o)
                                        0x1b8 (size before relaxing)
 .eh_frame      0x00000000000169a8      0x288 build/cooja/mtype314.a(packetbuf.o)
                                        0x2a0 (size before relaxing)
 .eh_frame      0x0000000000016c30       0x80 build/cooja/mtype314.a(netstack.o)
                                         0x98 (size before relaxing)
 .eh_frame      0x0000000000016cb0       0x60 build/cooja/mtype314.a(linkaddr.o)
                                         0x78 (size before relaxing)
 .eh_frame      0x0000000000016d10       0x48 build/cooja/mtype314.a(mac-sequence.o)
                                         0x60 (size before relaxing)
 .eh_frame      0x0000000000016d58       0x20 build/cooja/mtype314.a(mac.o)
                                         0x38 (size before relaxing)
 .eh_frame      0x0000000000016d78       0xa8 build/cooja/mtype314.a(framer-802154.o)
                                         0xc0 (size before relaxing)
 .eh_frame      0x0000000000016e20      0x1a8 build/cooja/mtype314.a(frame802154.o)
                                        0x1c0 (size before relaxing)
 .eh_frame      0x0000000000016fc8       0x88 build/cooja/mtype314.a(nullnet.o)
                                         0xa0 (size before relaxing)
 .eh_frame      0x0000000000017050      0x280 build/cooja/mtype314.a(nullrouting.o)
                                        0x298 (size before relaxing)
 .eh_frame      0x00000000000172d0       0xa0 build/cooja/mtype314.a(watchdog.o)
                                         0xb8 (size before relaxing)
 .eh_frame      0x0000000000017370       0x80 build/cooja/mtype314.a(int-master.o)
                                         0x98 (size before relaxing)
 .eh_frame      0x00000000000173f0       0xa0 build/cooja/mtype314.a(ringbuf.o)
                                         0xb8 (size before relaxing)
 .eh_frame      0x0000000000017490        0x4 /usr/lib/gcc/x86_64-linux-gnu/9/crtendS.o
 *(.eh_frame.*)

.gcc_except_table
 *(.gcc_except_table .gcc_except_table.*)

.gnu_extab
 *(.gnu_extab*)

.exception_ranges
 *(.exception_ranges*)
                0x00000000000187d0                . = DATA_SEGMENT_ALIGN (CONSTANT (MAXPAGESIZE), CONSTANT (COMMONPAGESIZE))

.eh_frame
 *(.eh_frame)
 *(.eh_frame.*)

.gnu_extab
 *(.gnu_extab)

.gcc_except_table
 *(.gcc_except_table .gcc_except_table.*)

.exception_ranges
 *(.exception_ranges*)

.tdata
 *(.tdata .tdata.* .gnu.linkonce.td.*)

.tbss
 *(.tbss .tbss.* .gnu.linkonce.tb.*)
 *(.tcommon)

.preinit_array
 *(.preinit_array)

.init_array     0x00000000000187d0        0x8
 *(SORT_BY_INIT_PRIORITY(.init_array.*) SORT_BY_INIT_PRIORITY(.ctors.*))
 *(.init_array EXCLUDE_FILE(*crtend?.o *crtend.o *crtbegin?.o *crtbegin.o) .ctors)
 .init_array    0x00000000000187d0        0x8 /usr/lib/gcc/x86_64-linux-gnu/9/crtbeginS.o

.fini_array     0x00000000000187d8        0x8
 *(SORT_BY_INIT_PRIORITY(.fini_array.*) SORT_BY_INIT_PRIORITY(.dtors.*))
 *(.fini_array EXCLUDE_FILE(*crtend?.o *crtend.o *crtbegin?.o *crtbegin.o) .dtors)
 .fini_array    0x00000000000187d8        0x8 /usr/lib/gcc/x86_64-linux-gnu/9/crtbeginS.o

.ctors
 *crtbegin.o(.ctors)
 *crtbegin?.o(.ctors)
 *(EXCLUDE_FILE(*crtend?.o *crtend.o) .ctors)
 *(SORT_BY_NAME(.ctors.*))
 *(.ctors)

.dtors
 *crtbegin.o(.dtors)
 *crtbegin?.o(.dtors)
 *(EXCLUDE_FILE(*crtend?.o *crtend.o) .dtors)
 *(SORT_BY_NAME(.dtors.*))
 *(.dtors)

.jcr
 *(.jcr)

.data.rel.ro    0x00000000000187e0      0x340
 *(.data.rel.ro.local* .gnu.linkonce.d.rel.ro.local.*)
 .data.rel.ro.local
                0x00000000000187e0       0x38 build/cooja/obj/../iotorii-csma.o
                0x00000000000187e0                iotorii_csma_driver
 *fill*         0x0000000000018818        0x8 
 .data.rel.ro.local
                0x0000000000018820       0x10 build/cooja/mtype314.a(beep.o)
                0x0000000000018820                beep_interface
 .data.rel.ro.local
                0x0000000000018830       0x10 build/cooja/mtype314.a(leds-arch.o)
                0x0000000000018830                leds_interface
 .data.rel.ro.local
                0x0000000000018840       0x10 build/cooja/mtype314.a(moteid.o)
                0x0000000000018840                moteid_interface
 *fill*         0x0000000000018850       0x10 
 .data.rel.ro.local
                0x0000000000018860       0x40 build/cooja/mtype314.a(pir-sensor.o)
                0x0000000000018860                pir_interface
                0x0000000000018880                pir_sensor
 .data.rel.ro.local
                0x00000000000188a0       0x10 build/cooja/mtype314.a(rs232.o)
                0x00000000000188a0                rs232_interface
 *fill*         0x00000000000188b0       0x10 
 .data.rel.ro.local
                0x00000000000188c0       0x40 build/cooja/mtype314.a(vib-sensor.o)
                0x00000000000188c0                vib_interface
                0x00000000000188e0                vib_sensor
 .data.rel.ro.local
                0x0000000000018900       0x10 build/cooja/mtype314.a(clock.o)
                0x0000000000018900                clock_interface
 .data.rel.ro.local
                0x0000000000018910       0x10 build/cooja/mtype314.a(cooja-log.o)
                0x0000000000018910                simlog_interface
 .data.rel.ro.local
                0x0000000000018920       0x10 build/cooja/mtype314.a(cfs-cooja.o)
                0x0000000000018920                cfs_interface
 *fill*         0x0000000000018930       0x10 
 .data.rel.ro.local
                0x0000000000018940       0x90 build/cooja/mtype314.a(cooja-radio.o)
                0x0000000000018940                radio_interface
                0x0000000000018960                cooja_radio_driver
 .data.rel.ro.local
                0x00000000000189d0       0x10 build/cooja/mtype314.a(eeprom.o)
                0x00000000000189d0                eeprom_interface
 .data.rel.ro.local
                0x00000000000189e0       0x40 build/cooja/mtype314.a(buttons.o)
                0x00000000000189e0                button_interface
                0x0000000000018a00                button_sensor
 .data.rel.ro.local
                0x0000000000018a20       0x18 build/cooja/mtype314.a(framer-802154.o)
                0x0000000000018a20                framer_802154
 *fill*         0x0000000000018a38        0x8 
 .data.rel.ro.local
                0x0000000000018a40       0x20 build/cooja/mtype314.a(nullnet.o)
                0x0000000000018a40                nullnet_driver
 .data.rel.ro.local
                0x0000000000018a60       0xa8 build/cooja/mtype314.a(nullrouting.o)
                0x0000000000018a60                nullrouting_driver
 *(.data.rel.ro .data.rel.ro.* .gnu.linkonce.d.rel.ro.*)
 .data.rel.ro   0x0000000000018b08        0x0 /usr/lib/gcc/x86_64-linux-gnu/9/../../../x86_64-linux-gnu/crti.o
 *fill*         0x0000000000018b08        0x8 
 .data.rel.ro   0x0000000000018b10       0x10 iotorii-common-node.o
                0x0000000000018b10                autostart_processes

.dynamic        0x0000000000018b20      0x1c0
 *(.dynamic)
 .dynamic       0x0000000000018b20      0x1c0 /usr/lib/gcc/x86_64-linux-gnu/9/../../../x86_64-linux-gnu/crti.o
                0x0000000000018b20                _DYNAMIC

.got            0x0000000000018ce0      0x308
 *(.got)
 .got           0x0000000000018ce0      0x308 /usr/lib/gcc/x86_64-linux-gnu/9/../../../x86_64-linux-gnu/crti.o
 *(.igot)
                0x0000000000018fe8                . = DATA_SEGMENT_RELRO_END (., (SIZEOF (.got.plt) >= 0x18)?0x18:0x0)

.got.plt        0x0000000000019000      0x5d8
 *(.got.plt)
 .got.plt       0x0000000000019000      0x5d8 /usr/lib/gcc/x86_64-linux-gnu/9/../../../x86_64-linux-gnu/crti.o
                0x0000000000019000                _GLOBAL_OFFSET_TABLE_
 *(.igot.plt)

.data           0x00000000000195e0      0x4da
 *(.data .data.* .gnu.linkonce.d.*)
 .data          0x00000000000195e0        0x0 /usr/lib/gcc/x86_64-linux-gnu/9/../../../x86_64-linux-gnu/crti.o
 .data          0x00000000000195e0        0x0 /usr/lib/gcc/x86_64-linux-gnu/9/crtbeginS.o
 .data.rel.local
                0x00000000000195e0        0x8 /usr/lib/gcc/x86_64-linux-gnu/9/crtbeginS.o
                0x00000000000195e0                __dso_handle
 .data          0x00000000000195e8        0x0 iotorii-common-node.o
 *fill*         0x00000000000195e8       0x18 
 .data.rel.local
                0x0000000000019600       0x20 iotorii-common-node.o
                0x0000000000019600                start_iotorii_common_node
 .data          0x0000000000019620        0x0 build/cooja/mtype314.o
 .data.rel      0x0000000000019620       0xa0 build/cooja/mtype314.o
                0x0000000000019620                simInterfaces
                0x00000000000196a0                sensors
 .data          0x00000000000196c0        0x0 build/cooja/obj/../iotorii-csma.o
 .data.rel.local
                0x00000000000196c0       0x10 build/cooja/obj/../iotorii-csma.o
 .data          0x00000000000196d0        0x0 build/cooja/obj/../hlmacaddr.o
 .data          0x00000000000196d0        0x0 build/cooja/obj/../hlmac-table.o
 .data.rel.local
                0x00000000000196d0        0x8 build/cooja/obj/../hlmac-table.o
 .data          0x00000000000196d8        0x0 build/cooja/obj/../csma-security.o
 .data          0x00000000000196d8        0x0 build/cooja/obj/../csma-output.o
 *fill*         0x00000000000196d8        0x8 
 .data.rel.local
                0x00000000000196e0       0x60 build/cooja/obj/../csma-output.o
 .data          0x0000000000019740        0x0 build/cooja/mtype314.a(simEnvChange.o)
 .data          0x0000000000019740        0x0 build/cooja/mtype314.a(cooja_mt.o)
 .data          0x0000000000019740        0x0 build/cooja/mtype314.a(cooja_mtarch.o)
 .data          0x0000000000019740        0x0 build/cooja/mtype314.a(rtimer-arch.o)
 .data          0x0000000000019740        0x0 build/cooja/mtype314.a(beep.o)
 .data          0x0000000000019740        0x0 build/cooja/mtype314.a(leds-arch.o)
 .data          0x0000000000019740        0x0 build/cooja/mtype314.a(moteid.o)
 .data          0x0000000000019740        0x0 build/cooja/mtype314.a(pir-sensor.o)
 .data          0x0000000000019740        0x0 build/cooja/mtype314.a(rs232.o)
 .data          0x0000000000019740        0x0 build/cooja/mtype314.a(vib-sensor.o)
 .data          0x0000000000019740        0x0 build/cooja/mtype314.a(clock.o)
 .data          0x0000000000019740        0x0 build/cooja/mtype314.a(cooja-log.o)
 .data          0x0000000000019740        0x0 build/cooja/mtype314.a(cfs-cooja.o)
 .data          0x0000000000019740       0x20 build/cooja/mtype314.a(cooja-radio.o)
                0x0000000000019740                simRadioHWOn
                0x0000000000019744                simSignalStrength
                0x0000000000019748                simLastSignalStrength
                0x000000000001974c                simPower
                0x0000000000019750                simRadioChannel
                0x0000000000019754                simLQI
                0x0000000000019758                simLastLQI
 .data.rel.local
                0x0000000000019760       0x20 build/cooja/mtype314.a(cooja-radio.o)
                0x0000000000019760                cooja_radio_process
 .data          0x0000000000019780        0x0 build/cooja/mtype314.a(eeprom.o)
 .data          0x0000000000019780        0x0 build/cooja/mtype314.a(random.o)
 .data          0x0000000000019780        0x0 build/cooja/mtype314.a(sensors.o)
 .data.rel.local
                0x0000000000019780       0x20 build/cooja/mtype314.a(sensors.o)
                0x0000000000019780                sensors_process
 .data          0x00000000000197a0        0x0 build/cooja/mtype314.a(leds.o)
 .data          0x00000000000197a0        0x0 build/cooja/mtype314.a(gpio-hal-arch.o)
 .data          0x00000000000197a0        0x1 build/cooja/mtype314.a(buttons.o)
                0x00000000000197a0                simButtonIsActive
 *fill*         0x00000000000197a1       0x1f 
 .data.rel.local
                0x00000000000197c0       0xb0 build/cooja/mtype314.a(buttons.o)
                0x0000000000019860                button_hal_buttons
 .data          0x0000000000019870        0x0 build/cooja/mtype314.a(contiki-main.o)
 .data          0x0000000000019870        0x0 build/cooja/mtype314.a(autostart.o)
 .data          0x0000000000019870        0x4 build/cooja/mtype314.a(log.o)
                0x0000000000019870                curr_log_level_main
 *fill*         0x0000000000019874        0xc 
 .data.rel      0x0000000000019880      0x138 build/cooja/mtype314.a(log.o)
                0x0000000000019880                all_modules
 .data          0x00000000000199b8        0x0 build/cooja/mtype314.a(energest.o)
 .data          0x00000000000199b8        0x0 build/cooja/mtype314.a(etimer.o)
 *fill*         0x00000000000199b8        0x8 
 .data.rel.local
                0x00000000000199c0       0x20 build/cooja/mtype314.a(etimer.o)
                0x00000000000199c0                etimer_process
 .data          0x00000000000199e0        0x0 build/cooja/mtype314.a(node-id.o)
 .data          0x00000000000199e0        0x0 build/cooja/mtype314.a(ctimer.o)
 .data.rel.local
                0x00000000000199e0       0x40 build/cooja/mtype314.a(ctimer.o)
                0x0000000000019a00                ctimer_process
 .data          0x0000000000019a20        0x0 build/cooja/mtype314.a(process.o)
 .data          0x0000000000019a20        0x0 build/cooja/mtype314.a(rtimer.o)
 .data          0x0000000000019a20        0x0 build/cooja/mtype314.a(timer.o)
 .data          0x0000000000019a20        0x0 build/cooja/mtype314.a(list.o)
 .data          0x0000000000019a20        0x0 build/cooja/mtype314.a(memb.o)
 .data          0x0000000000019a20        0x0 build/cooja/mtype314.a(assert.o)
 .data          0x0000000000019a20        0x0 build/cooja/mtype314.a(button-hal.o)
 .data.rel.local
                0x0000000000019a20       0x20 build/cooja/mtype314.a(button-hal.o)
                0x0000000000019a20                button_hal_process
 .data          0x0000000000019a40        0x0 build/cooja/mtype314.a(serial-line.o)
 .data.rel.local
                0x0000000000019a40       0x20 build/cooja/mtype314.a(serial-line.o)
                0x0000000000019a40                serial_line_process
 .data          0x0000000000019a60        0x0 build/cooja/mtype314.a(gpio-hal.o)
 .data.rel.local
                0x0000000000019a60        0x8 build/cooja/mtype314.a(gpio-hal.o)
 .data          0x0000000000019a68        0x0 build/cooja/mtype314.a(queuebuf.o)
 *fill*         0x0000000000019a68        0x8 
 .data.rel.local
                0x0000000000019a70       0x38 build/cooja/mtype314.a(queuebuf.o)
 .data          0x0000000000019aa8        0x0 build/cooja/mtype314.a(packetbuf.o)
 .data.rel.local
                0x0000000000019aa8        0x8 build/cooja/mtype314.a(packetbuf.o)
 .data          0x0000000000019ab0        0x0 build/cooja/mtype314.a(netstack.o)
 .data.rel.local
                0x0000000000019ab0        0x8 build/cooja/mtype314.a(netstack.o)
 .data          0x0000000000019ab8        0x0 build/cooja/mtype314.a(linkaddr.o)
 .data          0x0000000000019ab8        0x0 build/cooja/mtype314.a(mac-sequence.o)
 .data          0x0000000000019ab8        0x0 build/cooja/mtype314.a(mac.o)
 .data          0x0000000000019ab8        0x0 build/cooja/mtype314.a(framer-802154.o)
 .data          0x0000000000019ab8        0x2 build/cooja/mtype314.a(frame802154.o)
 .data          0x0000000000019aba        0x0 build/cooja/mtype314.a(nullnet.o)
 .data          0x0000000000019aba        0x0 build/cooja/mtype314.a(nullrouting.o)
 .data          0x0000000000019aba        0x0 build/cooja/mtype314.a(watchdog.o)
 .data          0x0000000000019aba        0x0 build/cooja/mtype314.a(int-master.o)
 .data          0x0000000000019aba        0x0 build/cooja/mtype314.a(ringbuf.o)
 .data          0x0000000000019aba        0x0 /usr/lib/gcc/x86_64-linux-gnu/9/crtendS.o
 .data          0x0000000000019aba        0x0 /usr/lib/gcc/x86_64-linux-gnu/9/../../../x86_64-linux-gnu/crtn.o

.tm_clone_table
                0x0000000000019ac0        0x0
 .tm_clone_table
                0x0000000000019ac0        0x0 /usr/lib/gcc/x86_64-linux-gnu/9/crtbeginS.o
 .tm_clone_table
                0x0000000000019ac0        0x0 /usr/lib/gcc/x86_64-linux-gnu/9/crtendS.o

.data1
 *(.data1)
                [!provide]                        PROVIDE (_edata = .)
                [!provide]                        PROVIDE (edata = .)
                0x0000000000019ac0                . = .
                [!provide]                        PROVIDE (__bss_start = .)

.bss            0x0000000000019ac0     0xb078
 *(.dynbss)
 .dynbss        0x0000000000019ac0        0x0 /usr/lib/gcc/x86_64-linux-gnu/9/../../../x86_64-linux-gnu/crti.o
 *(.bss .bss.* .gnu.linkonce.b.*)
 .bss           0x0000000000019ac0        0x0 /usr/lib/gcc/x86_64-linux-gnu/9/../../../x86_64-linux-gnu/crti.o
 .bss           0x0000000000019ac0        0x1 /usr/lib/gcc/x86_64-linux-gnu/9/crtbeginS.o
 .bss           0x0000000000019ac1        0x0 iotorii-common-node.o
 *fill*         0x0000000000019ac1       0x1f 
 .bss           0x0000000000019ae0     0x4070 build/cooja/mtype314.o
 *fill*         0x000000000001db50       0x10 
 .bss           0x000000000001db60       0xf0 build/cooja/obj/../iotorii-csma.o
                0x000000000001db60                number_of_hello_messages
                0x000000000001db64                number_of_sethlmac_messages
 .bss           0x000000000001dc50        0x0 build/cooja/obj/../hlmacaddr.o
 .bss           0x000000000001dc50        0x8 build/cooja/obj/../hlmac-table.o
 .bss           0x000000000001dc58        0x0 build/cooja/obj/../csma-security.o
 *fill*         0x000000000001dc58        0x8 
 .bss           0x000000000001dc60      0x2aa build/cooja/obj/../csma-output.o
 .bss           0x000000000001df0a        0x1 build/cooja/mtype314.a(simEnvChange.o)
                0x000000000001df0a                simDontFallAsleep
 *fill*         0x000000000001df0b        0x5 
 .bss           0x000000000001df10        0x8 build/cooja/mtype314.a(cooja_mt.o)
 .bss           0x000000000001df18        0x8 build/cooja/mtype314.a(cooja_mtarch.o)
 .bss           0x000000000001df20        0x0 build/cooja/mtype314.a(rtimer-arch.o)
 .bss           0x000000000001df20        0x0 build/cooja/mtype314.a(beep.o)
 .bss           0x000000000001df20        0x1 build/cooja/mtype314.a(leds-arch.o)
                0x000000000001df20                simLedsValue
 .bss           0x000000000001df21        0x0 build/cooja/mtype314.a(moteid.o)
 .bss           0x000000000001df21        0x1 build/cooja/mtype314.a(pir-sensor.o)
                0x000000000001df21                simPirValue
 *fill*         0x000000000001df22        0x6 
 .bss           0x000000000001df28        0x8 build/cooja/mtype314.a(rs232.o)
 .bss           0x000000000001df30        0x1 build/cooja/mtype314.a(vib-sensor.o)
                0x000000000001df30                simVibValue
 .bss           0x000000000001df31        0x0 build/cooja/mtype314.a(clock.o)
 *fill*         0x000000000001df31        0xf 
 .bss           0x000000000001df40     0x2020 build/cooja/mtype314.a(cooja-log.o)
 .bss           0x000000000001ff60      0xfc0 build/cooja/mtype314.a(cfs-cooja.o)
                0x000000000001ff60                simCFSData
                0x0000000000020f00                simCFSSize
                0x0000000000020f04                simCFSChanged
                0x0000000000020f08                simCFSRead
                0x0000000000020f0c                simCFSWritten
 .bss           0x0000000000020f20       0x2c build/cooja/mtype314.a(cooja-radio.o)
                0x0000000000020f20                simReceiving
                0x0000000000020f24                simInSize
                0x0000000000020f28                simLastPacketTimestamp
                0x0000000000020f30                simOutSize
 .bss           0x0000000000020f4c        0xc build/cooja/mtype314.a(eeprom.o)
                0x0000000000020f4c                simEEPROMChanged
                0x0000000000020f50                simEEPROMRead
                0x0000000000020f54                simEEPROMWritten
 .bss           0x0000000000020f58        0x0 build/cooja/mtype314.a(random.o)
 .bss           0x0000000000020f58        0xc build/cooja/mtype314.a(sensors.o)
 .bss           0x0000000000020f64        0x0 build/cooja/mtype314.a(leds.o)
 *fill*         0x0000000000020f64       0x1c 
 .bss           0x0000000000020f80       0x40 build/cooja/mtype314.a(gpio-hal-arch.o)
 .bss           0x0000000000020fc0        0x0 build/cooja/mtype314.a(buttons.o)
 .bss           0x0000000000020fc0        0x0 build/cooja/mtype314.a(contiki-main.o)
 .bss           0x0000000000020fc0        0x0 build/cooja/mtype314.a(autostart.o)
 .bss           0x0000000000020fc0       0x2c build/cooja/mtype314.a(log.o)
                0x0000000000020fc0                curr_log_level_rpl
                0x0000000000020fc4                curr_log_level_tcpip
                0x0000000000020fc8                curr_log_level_ipv6
                0x0000000000020fcc                curr_log_level_6lowpan
                0x0000000000020fd0                curr_log_level_nullnet
                0x0000000000020fd4                curr_log_level_mac
                0x0000000000020fd8                curr_log_level_framer
                0x0000000000020fdc                curr_log_level_6top
                0x0000000000020fe0                curr_log_level_coap
                0x0000000000020fe4                curr_log_level_snmp
                0x0000000000020fe8                curr_log_level_lwm2m
 .bss           0x0000000000020fec        0x0 build/cooja/mtype314.a(energest.o)
 *fill*         0x0000000000020fec        0x4 
 .bss           0x0000000000020ff0       0x10 build/cooja/mtype314.a(etimer.o)
 .bss           0x0000000000021000        0x2 build/cooja/mtype314.a(node-id.o)
                0x0000000000021000                node_id
 *fill*         0x0000000000021002        0x6 
 .bss           0x0000000000021008        0x9 build/cooja/mtype314.a(ctimer.o)
 *fill*         0x0000000000021011        0xf 
 .bss           0x0000000000021020      0x321 build/cooja/mtype314.a(process.o)
                0x0000000000021020                process_list
                0x0000000000021028                process_current
 *fill*         0x0000000000021341        0x7 
 .bss           0x0000000000021348        0x8 build/cooja/mtype314.a(rtimer.o)
 .bss           0x0000000000021350        0x0 build/cooja/mtype314.a(timer.o)
 .bss           0x0000000000021350        0x0 build/cooja/mtype314.a(list.o)
 .bss           0x0000000000021350        0x0 build/cooja/mtype314.a(memb.o)
 .bss           0x0000000000021350        0x0 build/cooja/mtype314.a(assert.o)
 .bss           0x0000000000021350       0x28 build/cooja/mtype314.a(button-hal.o)
 *fill*         0x0000000000021378        0x8 
 .bss           0x0000000000021380      0x140 build/cooja/mtype314.a(serial-line.o)
 .bss           0x00000000000214c0        0x8 build/cooja/mtype314.a(gpio-hal.o)
 *fill*         0x00000000000214c8       0x18 
 .bss           0x00000000000214e0      0x5e0 build/cooja/mtype314.a(queuebuf.o)
 .bss           0x0000000000021ac0       0xa0 build/cooja/mtype314.a(packetbuf.o)
 .bss           0x0000000000021b60        0x8 build/cooja/mtype314.a(netstack.o)
 .bss           0x0000000000021b68        0x0 build/cooja/mtype314.a(linkaddr.o)
 *fill*         0x0000000000021b68       0x18 
 .bss           0x0000000000021b80      0x180 build/cooja/mtype314.a(mac-sequence.o)
 .bss           0x0000000000021d00        0x0 build/cooja/mtype314.a(mac.o)
 .bss           0x0000000000021d00        0x2 build/cooja/mtype314.a(framer-802154.o)
 .bss           0x0000000000021d02        0x0 build/cooja/mtype314.a(frame802154.o)
 *fill*         0x0000000000021d02        0x6 
 .bss           0x0000000000021d08        0x8 build/cooja/mtype314.a(nullnet.o)
 .bss           0x0000000000021d10        0x0 build/cooja/mtype314.a(nullrouting.o)
 .bss           0x0000000000021d10        0x0 build/cooja/mtype314.a(watchdog.o)
 .bss           0x0000000000021d10        0x4 build/cooja/mtype314.a(int-master.o)
 .bss           0x0000000000021d14        0x0 build/cooja/mtype314.a(ringbuf.o)
 .bss           0x0000000000021d14        0x0 /usr/lib/gcc/x86_64-linux-gnu/9/crtendS.o
 .bss           0x0000000000021d14        0x0 /usr/lib/gcc/x86_64-linux-gnu/9/../../../x86_64-linux-gnu/crtn.o
 *(COMMON)
 *fill*         0x0000000000021d14        0x4 
 COMMON         0x0000000000021d18        0xc build/cooja/mtype314.o
                0x0000000000021d18                referenceVar
                0x0000000000021d20                sensors_flags
 COMMON         0x0000000000021d24        0x2 build/cooja/obj/../iotorii-csma.o
                0x0000000000021d24                number_of_neighbours
                0x0000000000021d25                number_of_hlmac_addresses
 *fill*         0x0000000000021d26        0x2 
 COMMON         0x0000000000021d28       0x10 build/cooja/mtype314.a(simEnvChange.o)
                0x0000000000021d28                simEtimerPending
                0x0000000000021d2c                simProcessRunValue
                0x0000000000021d30                simEtimerNextExpirationTime
 COMMON         0x0000000000021d38       0x18 build/cooja/mtype314.a(rtimer-arch.o)
                0x0000000000021d38                simRtimerPending
                0x0000000000021d40                simRtimerCurrentTicks
                0x0000000000021d48                simRtimerNextExpirationTime
 COMMON         0x0000000000021d50        0x1 build/cooja/mtype314.a(beep.o)
                0x0000000000021d50                simBeeped
 *fill*         0x0000000000021d51        0x3 
 COMMON         0x0000000000021d54        0xc build/cooja/mtype314.a(moteid.o)
                0x0000000000021d54                simRandomSeed
                0x0000000000021d58                simMoteIDChanged
                0x0000000000021d5c                simMoteID
 COMMON         0x0000000000021d60        0x2 build/cooja/mtype314.a(pir-sensor.o)
                0x0000000000021d60                simPirIsActive
                0x0000000000021d61                simPirChanged
 *fill*         0x0000000000021d62       0x1e 
 COMMON         0x0000000000021d80      0x820 build/cooja/mtype314.a(rs232.o)
                0x0000000000021d80                simSerialReceivingFlag
                0x0000000000021d84                simSerialReceivingLength
                0x0000000000021da0                simSerialReceivingData
 COMMON         0x00000000000225a0        0x2 build/cooja/mtype314.a(vib-sensor.o)
                0x00000000000225a0                simVibChanged
                0x00000000000225a1                simVibIsActive
 *fill*         0x00000000000225a2        0x6 
 COMMON         0x00000000000225a8        0x8 build/cooja/mtype314.a(clock.o)
                0x00000000000225a8                simCurrentTime
 *fill*         0x00000000000225b0       0x10 
 COMMON         0x00000000000225c0     0x2020 build/cooja/mtype314.a(cooja-log.o)
                0x00000000000225c0                simLoggedLength
                0x00000000000225c4                simLoggedFlag
                0x00000000000225e0                simLoggedData
 COMMON         0x00000000000245e0       0xfd build/cooja/mtype314.a(cooja-radio.o)
                0x00000000000245e0                simOutDataBuffer
                0x0000000000024660                simInDataBuffer
 *fill*         0x00000000000246dd        0x3 
 COMMON         0x00000000000246e0      0x400 build/cooja/mtype314.a(eeprom.o)
                0x00000000000246e0                simEEPROMData
 COMMON         0x0000000000024ae0        0x1 build/cooja/mtype314.a(sensors.o)
                0x0000000000024ae0                sensors_event
 COMMON         0x0000000000024ae1        0x2 build/cooja/mtype314.a(buttons.o)
                0x0000000000024ae1                simButtonIsDown
                0x0000000000024ae2                simButtonChanged
 COMMON         0x0000000000024ae3        0x3 build/cooja/mtype314.a(button-hal.o)
                0x0000000000024ae3                button_hal_periodic_event
                0x0000000000024ae4                button_hal_press_event
                0x0000000000024ae5                button_hal_release_event
 COMMON         0x0000000000024ae6        0x1 build/cooja/mtype314.a(serial-line.o)
                0x0000000000024ae6                serial_line_event_message
 *fill*         0x0000000000024ae7        0x9 
 COMMON         0x0000000000024af0       0x30 build/cooja/mtype314.a(packetbuf.o)
                0x0000000000024af0                packetbuf_attrs
                0x0000000000024b10                packetbuf_addrs
 COMMON         0x0000000000024b20        0x8 build/cooja/mtype314.a(linkaddr.o)
                0x0000000000024b20                linkaddr_node_addr
 COMMON         0x0000000000024b28       0x10 build/cooja/mtype314.a(nullnet.o)
                0x0000000000024b28                nullnet_len
                0x0000000000024b30                nullnet_buf
                0x0000000000024b38                . = ALIGN ((. != 0x0)?0x8:0x1)

.lbss
 *(.dynlbss)
 *(.lbss .lbss.* .gnu.linkonce.lb.*)
 *(LARGE_COMMON)
                0x0000000000024b38                . = ALIGN (0x8)
                0x0000000000024b38                . = SEGMENT_START ("ldata-segment", .)

.lrodata
 *(.lrodata .lrodata.* .gnu.linkonce.lr.*)

.ldata          0x0000000000026b38        0x0
 *(.ldata .ldata.* .gnu.linkonce.l.*)
                0x0000000000026b38                . = ALIGN ((. != 0x0)?0x8:0x1)
                0x0000000000026b38                . = ALIGN (0x8)
                [!provide]                        PROVIDE (_end = .)
                [!provide]                        PROVIDE (end = .)
                0x0000000000026b38                . = DATA_SEGMENT_END (.)

.stab
 *(.stab)

.stabstr
 *(.stabstr)

.stab.excl
 *(.stab.excl)

.stab.exclstr
 *(.stab.exclstr)

.stab.index
 *(.stab.index)

.stab.indexstr
 *(.stab.indexstr)

.comment        0x0000000000000000       0x2a
 *(.comment)
 .comment       0x0000000000000000       0x2a /usr/lib/gcc/x86_64-linux-gnu/9/crtbeginS.o
                                         0x2b (size before relaxing)
 .comment       0x000000000000002a       0x2b iotorii-common-node.o
 .comment       0x000000000000002a       0x2b build/cooja/mtype314.o
 .comment       0x000000000000002a       0x2b build/cooja/obj/../iotorii-csma.o
 .comment       0x000000000000002a       0x2b build/cooja/obj/../hlmacaddr.o
 .comment       0x000000000000002a       0x2b build/cooja/obj/../hlmac-table.o
 .comment       0x000000000000002a       0x2b build/cooja/obj/../csma-security.o
 .comment       0x000000000000002a       0x2b build/cooja/obj/../csma-output.o
 .comment       0x000000000000002a       0x2b build/cooja/mtype314.a(simEnvChange.o)
 .comment       0x000000000000002a       0x2b build/cooja/mtype314.a(cooja_mt.o)
 .comment       0x000000000000002a       0x2b build/cooja/mtype314.a(cooja_mtarch.o)
 .comment       0x000000000000002a       0x2b build/cooja/mtype314.a(rtimer-arch.o)
 .comment       0x000000000000002a       0x2b build/cooja/mtype314.a(beep.o)
 .comment       0x000000000000002a       0x2b build/cooja/mtype314.a(leds-arch.o)
 .comment       0x000000000000002a       0x2b build/cooja/mtype314.a(moteid.o)
 .comment       0x000000000000002a       0x2b build/cooja/mtype314.a(pir-sensor.o)
 .comment       0x000000000000002a       0x2b build/cooja/mtype314.a(rs232.o)
 .comment       0x000000000000002a       0x2b build/cooja/mtype314.a(vib-sensor.o)
 .comment       0x000000000000002a       0x2b build/cooja/mtype314.a(clock.o)
 .comment       0x000000000000002a       0x2b build/cooja/mtype314.a(cooja-log.o)
 .comment       0x000000000000002a       0x2b build/cooja/mtype314.a(cfs-cooja.o)
 .comment       0x000000000000002a       0x2b build/cooja/mtype314.a(cooja-radio.o)
 .comment       0x000000000000002a       0x2b build/cooja/mtype314.a(eeprom.o)
 .comment       0x000000000000002a       0x2b build/cooja/mtype314.a(random.o)
 .comment       0x000000000000002a       0x2b build/cooja/mtype314.a(sensors.o)
 .comment       0x000000000000002a       0x2b build/cooja/mtype314.a(leds.o)
 .comment       0x000000000000002a       0x2b build/cooja/mtype314.a(gpio-hal-arch.o)
 .comment       0x000000000000002a       0x2b build/cooja/mtype314.a(buttons.o)
 .comment       0x000000000000002a       0x2b build/cooja/mtype314.a(contiki-main.o)
 .comment       0x000000000000002a       0x2b build/cooja/mtype314.a(autostart.o)
 .comment       0x000000000000002a       0x2b build/cooja/mtype314.a(log.o)
 .comment       0x000000000000002a       0x2b build/cooja/mtype314.a(energest.o)
 .comment       0x000000000000002a       0x2b build/cooja/mtype314.a(etimer.o)
 .comment       0x000000000000002a       0x2b build/cooja/mtype314.a(node-id.o)
 .comment       0x000000000000002a       0x2b build/cooja/mtype314.a(ctimer.o)
 .comment       0x000000000000002a       0x2b build/cooja/mtype314.a(process.o)
 .comment       0x000000000000002a       0x2b build/cooja/mtype314.a(rtimer.o)
 .comment       0x000000000000002a       0x2b build/cooja/mtype314.a(timer.o)
 .comment       0x000000000000002a       0x2b build/cooja/mtype314.a(list.o)
 .comment       0x000000000000002a       0x2b build/cooja/mtype314.a(memb.o)
 .comment       0x000000000000002a       0x2b build/cooja/mtype314.a(assert.o)
 .comment       0x000000000000002a       0x2b build/cooja/mtype314.a(button-hal.o)
 .comment       0x000000000000002a       0x2b build/cooja/mtype314.a(serial-line.o)
 .comment       0x000000000000002a       0x2b build/cooja/mtype314.a(gpio-hal.o)
 .comment       0x000000000000002a       0x2b build/cooja/mtype314.a(queuebuf.o)
 .comment       0x000000000000002a       0x2b build/cooja/mtype314.a(packetbuf.o)
 .comment       0x000000000000002a       0x2b build/cooja/mtype314.a(netstack.o)
 .comment       0x000000000000002a       0x2b build/cooja/mtype314.a(linkaddr.o)
 .comment       0x000000000000002a       0x2b build/cooja/mtype314.a(mac-sequence.o)
 .comment       0x000000000000002a       0x2b build/cooja/mtype314.a(mac.o)
 .comment       0x000000000000002a       0x2b build/cooja/mtype314.a(framer-802154.o)
 .comment       0x000000000000002a       0x2b build/cooja/mtype314.a(frame802154.o)
 .comment       0x000000000000002a       0x2b build/cooja/mtype314.a(nullnet.o)
 .comment       0x000000000000002a       0x2b build/cooja/mtype314.a(nullrouting.o)
 .comment       0x000000000000002a       0x2b build/cooja/mtype314.a(watchdog.o)
 .comment       0x000000000000002a       0x2b build/cooja/mtype314.a(int-master.o)
 .comment       0x000000000000002a       0x2b build/cooja/mtype314.a(ringbuf.o)
 .comment       0x000000000000002a       0x2b /usr/lib/gcc/x86_64-linux-gnu/9/crtendS.o

.gnu.build.attributes
 *(.gnu.build.attributes .gnu.build.attributes.*)

.debug
 *(.debug)

.line
 *(.line)

.debug_srcinfo
 *(.debug_srcinfo)

.debug_sfnames
 *(.debug_sfnames)

.debug_aranges  0x0000000000000000      0xa80
 *(.debug_aranges)
 .debug_aranges
                0x0000000000000000       0x30 iotorii-common-node.o
 .debug_aranges
                0x0000000000000030       0x30 build/cooja/mtype314.o
 .debug_aranges
                0x0000000000000060       0x30 build/cooja/obj/../iotorii-csma.o
 .debug_aranges
                0x0000000000000090       0x30 build/cooja/obj/../hlmacaddr.o
 .debug_aranges
                0x00000000000000c0       0x30 build/cooja/obj/../hlmac-table.o
 .debug_aranges
                0x00000000000000f0       0x30 build/cooja/obj/../csma-security.o
 .debug_aranges
                0x0000000000000120       0x30 build/cooja/obj/../csma-output.o
 .debug_aranges
                0x0000000000000150       0x30 build/cooja/mtype314.a(simEnvChange.o)
 .debug_aranges
                0x0000000000000180       0x30 build/cooja/mtype314.a(cooja_mt.o)
 .debug_aranges
                0x00000000000001b0       0x30 build/cooja/mtype314.a(cooja_mtarch.o)
 .debug_aranges
                0x00000000000001e0       0x30 build/cooja/mtype314.a(rtimer-arch.o)
 .debug_aranges
                0x0000000000000210       0x30 build/cooja/mtype314.a(beep.o)
 .debug_aranges
                0x0000000000000240       0x30 build/cooja/mtype314.a(leds-arch.o)
 .debug_aranges
                0x0000000000000270       0x30 build/cooja/mtype314.a(moteid.o)
 .debug_aranges
                0x00000000000002a0       0x30 build/cooja/mtype314.a(pir-sensor.o)
 .debug_aranges
                0x00000000000002d0       0x30 build/cooja/mtype314.a(rs232.o)
 .debug_aranges
                0x0000000000000300       0x30 build/cooja/mtype314.a(vib-sensor.o)
 .debug_aranges
                0x0000000000000330       0x30 build/cooja/mtype314.a(clock.o)
 .debug_aranges
                0x0000000000000360       0x30 build/cooja/mtype314.a(cooja-log.o)
 .debug_aranges
                0x0000000000000390       0x30 build/cooja/mtype314.a(cfs-cooja.o)
 .debug_aranges
                0x00000000000003c0       0x30 build/cooja/mtype314.a(cooja-radio.o)
 .debug_aranges
                0x00000000000003f0       0x30 build/cooja/mtype314.a(eeprom.o)
 .debug_aranges
                0x0000000000000420       0x30 build/cooja/mtype314.a(random.o)
 .debug_aranges
                0x0000000000000450       0x30 build/cooja/mtype314.a(sensors.o)
 .debug_aranges
                0x0000000000000480       0x30 build/cooja/mtype314.a(leds.o)
 .debug_aranges
                0x00000000000004b0       0x30 build/cooja/mtype314.a(gpio-hal-arch.o)
 .debug_aranges
                0x00000000000004e0       0x30 build/cooja/mtype314.a(buttons.o)
 .debug_aranges
                0x0000000000000510       0x30 build/cooja/mtype314.a(contiki-main.o)
 .debug_aranges
                0x0000000000000540       0x30 build/cooja/mtype314.a(autostart.o)
 .debug_aranges
                0x0000000000000570       0x30 build/cooja/mtype314.a(log.o)
 .debug_aranges
                0x00000000000005a0       0x30 build/cooja/mtype314.a(energest.o)
 .debug_aranges
                0x00000000000005d0       0x30 build/cooja/mtype314.a(etimer.o)
 .debug_aranges
                0x0000000000000600       0x30 build/cooja/mtype314.a(node-id.o)
 .debug_aranges
                0x0000000000000630       0x30 build/cooja/mtype314.a(ctimer.o)
 .debug_aranges
                0x0000000000000660       0x30 build/cooja/mtype314.a(process.o)
 .debug_aranges
                0x0000000000000690       0x30 build/cooja/mtype314.a(rtimer.o)
 .debug_aranges
                0x00000000000006c0       0x30 build/cooja/mtype314.a(timer.o)
 .debug_aranges
                0x00000000000006f0       0x30 build/cooja/mtype314.a(list.o)
 .debug_aranges
                0x0000000000000720       0x30 build/cooja/mtype314.a(memb.o)
 .debug_aranges
                0x0000000000000750       0x30 build/cooja/mtype314.a(assert.o)
 .debug_aranges
                0x0000000000000780       0x30 build/cooja/mtype314.a(button-hal.o)
 .debug_aranges
                0x00000000000007b0       0x30 build/cooja/mtype314.a(serial-line.o)
 .debug_aranges
                0x00000000000007e0       0x30 build/cooja/mtype314.a(gpio-hal.o)
 .debug_aranges
                0x0000000000000810       0x30 build/cooja/mtype314.a(queuebuf.o)
 .debug_aranges
                0x0000000000000840       0x30 build/cooja/mtype314.a(packetbuf.o)
 .debug_aranges
                0x0000000000000870       0x30 build/cooja/mtype314.a(netstack.o)
 .debug_aranges
                0x00000000000008a0       0x30 build/cooja/mtype314.a(linkaddr.o)
 .debug_aranges
                0x00000000000008d0       0x30 build/cooja/mtype314.a(mac-sequence.o)
 .debug_aranges
                0x0000000000000900       0x30 build/cooja/mtype314.a(mac.o)
 .debug_aranges
                0x0000000000000930       0x30 build/cooja/mtype314.a(framer-802154.o)
 .debug_aranges
                0x0000000000000960       0x30 build/cooja/mtype314.a(frame802154.o)
 .debug_aranges
                0x0000000000000990       0x30 build/cooja/mtype314.a(nullnet.o)
 .debug_aranges
                0x00000000000009c0       0x30 build/cooja/mtype314.a(nullrouting.o)
 .debug_aranges
                0x00000000000009f0       0x30 build/cooja/mtype314.a(watchdog.o)
 .debug_aranges
                0x0000000000000a20       0x30 build/cooja/mtype314.a(int-master.o)
 .debug_aranges
                0x0000000000000a50       0x30 build/cooja/mtype314.a(ringbuf.o)

.debug_pubnames
 *(.debug_pubnames)

.debug_info     0x0000000000000000    0x20d28
 *(.debug_info .gnu.linkonce.wi.*)
 .debug_info    0x0000000000000000      0x906 iotorii-common-node.o
 .debug_info    0x0000000000000906     0x441a build/cooja/mtype314.o
 .debug_info    0x0000000000004d20     0x1563 build/cooja/obj/../iotorii-csma.o
 .debug_info    0x0000000000006283      0x8d1 build/cooja/obj/../hlmacaddr.o
 .debug_info    0x0000000000006b54      0x802 build/cooja/obj/../hlmac-table.o
 .debug_info    0x0000000000007356      0xef0 build/cooja/obj/../csma-security.o
 .debug_info    0x0000000000008246     0x1765 build/cooja/obj/../csma-output.o
 .debug_info    0x00000000000099ab      0x529 build/cooja/mtype314.a(simEnvChange.o)
 .debug_info    0x0000000000009ed4      0x31b build/cooja/mtype314.a(cooja_mt.o)
 .debug_info    0x000000000000a1ef      0x618 build/cooja/mtype314.a(cooja_mtarch.o)
 .debug_info    0x000000000000a807      0x340 build/cooja/mtype314.a(rtimer-arch.o)
 .debug_info    0x000000000000ab47      0x3ba build/cooja/mtype314.a(beep.o)
 .debug_info    0x000000000000af01      0x336 build/cooja/mtype314.a(leds-arch.o)
 .debug_info    0x000000000000b237      0x29b build/cooja/mtype314.a(moteid.o)
 .debug_info    0x000000000000b4d2      0x3e4 build/cooja/mtype314.a(pir-sensor.o)
 .debug_info    0x000000000000b8b6      0x674 build/cooja/mtype314.a(rs232.o)
 .debug_info    0x000000000000bf2a      0x3e4 build/cooja/mtype314.a(vib-sensor.o)
 .debug_info    0x000000000000c30e      0x2e7 build/cooja/mtype314.a(clock.o)
 .debug_info    0x000000000000c5f5      0x742 build/cooja/mtype314.a(cooja-log.o)
 .debug_info    0x000000000000cd37      0x826 build/cooja/mtype314.a(cfs-cooja.o)
 .debug_info    0x000000000000d55d     0x1510 build/cooja/mtype314.a(cooja-radio.o)
 .debug_info    0x000000000000ea6d      0x37e build/cooja/mtype314.a(eeprom.o)
 .debug_info    0x000000000000edeb       0xc3 build/cooja/mtype314.a(random.o)
 .debug_info    0x000000000000eeae      0x46f build/cooja/mtype314.a(sensors.o)
 .debug_info    0x000000000000f31d      0x453 build/cooja/mtype314.a(leds.o)
 .debug_info    0x000000000000f770      0xa10 build/cooja/mtype314.a(gpio-hal-arch.o)
 .debug_info    0x0000000000010180      0x9f7 build/cooja/mtype314.a(buttons.o)
 .debug_info    0x0000000000010b77     0x1bef build/cooja/mtype314.a(contiki-main.o)
 .debug_info    0x0000000000012766      0x24b build/cooja/mtype314.a(autostart.o)
 .debug_info    0x00000000000129b1      0xc25 build/cooja/mtype314.a(log.o)
 .debug_info    0x00000000000135d6      0x23d build/cooja/mtype314.a(energest.o)
 .debug_info    0x0000000000013813      0x5d1 build/cooja/mtype314.a(etimer.o)
 .debug_info    0x0000000000013de4      0x658 build/cooja/mtype314.a(node-id.o)
 .debug_info    0x000000000001443c      0x591 build/cooja/mtype314.a(ctimer.o)
 .debug_info    0x00000000000149cd      0x85b build/cooja/mtype314.a(process.o)
 .debug_info    0x0000000000015228      0x355 build/cooja/mtype314.a(rtimer.o)
 .debug_info    0x000000000001557d      0x2ff build/cooja/mtype314.a(timer.o)
 .debug_info    0x000000000001587c      0x574 build/cooja/mtype314.a(list.o)
 .debug_info    0x0000000000015df0      0x379 build/cooja/mtype314.a(memb.o)
 .debug_info    0x0000000000016169      0x475 build/cooja/mtype314.a(assert.o)
 .debug_info    0x00000000000165de      0x7e8 build/cooja/mtype314.a(button-hal.o)
 .debug_info    0x0000000000016dc6      0x3d1 build/cooja/mtype314.a(serial-line.o)
 .debug_info    0x0000000000017197      0x7f3 build/cooja/mtype314.a(gpio-hal.o)
 .debug_info    0x000000000001798a     0x166d build/cooja/mtype314.a(queuebuf.o)
 .debug_info    0x0000000000018ff7     0x165a build/cooja/mtype314.a(packetbuf.o)
 .debug_info    0x000000000001a651      0x7bd build/cooja/mtype314.a(netstack.o)
 .debug_info    0x000000000001ae0e      0x32b build/cooja/mtype314.a(linkaddr.o)
 .debug_info    0x000000000001b139     0x125e build/cooja/mtype314.a(mac-sequence.o)
 .debug_info    0x000000000001c397      0x62c build/cooja/mtype314.a(mac.o)
 .debug_info    0x000000000001c9c3      0xdeb build/cooja/mtype314.a(framer-802154.o)
 .debug_info    0x000000000001d7ae      0xd1b build/cooja/mtype314.a(frame802154.o)
 .debug_info    0x000000000001e4c9      0xea0 build/cooja/mtype314.a(nullnet.o)
 .debug_info    0x000000000001f369     0x1166 build/cooja/mtype314.a(nullrouting.o)
 .debug_info    0x00000000000204cf      0x255 build/cooja/mtype314.a(watchdog.o)
 .debug_info    0x0000000000020724      0x2ab build/cooja/mtype314.a(int-master.o)
 .debug_info    0x00000000000209cf      0x359 build/cooja/mtype314.a(ringbuf.o)

.debug_abbrev   0x0000000000000000     0x714b
 *(.debug_abbrev)
 .debug_abbrev  0x0000000000000000      0x20d iotorii-common-node.o
 .debug_abbrev  0x000000000000020d      0x375 build/cooja/mtype314.o
 .debug_abbrev  0x0000000000000582      0x3bf build/cooja/obj/../iotorii-csma.o
 .debug_abbrev  0x0000000000000941      0x229 build/cooja/obj/../hlmacaddr.o
 .debug_abbrev  0x0000000000000b6a      0x1e0 build/cooja/obj/../hlmac-table.o
 .debug_abbrev  0x0000000000000d4a      0x21e build/cooja/obj/../csma-security.o
 .debug_abbrev  0x0000000000000f68      0x345 build/cooja/obj/../csma-output.o
 .debug_abbrev  0x00000000000012ad      0x185 build/cooja/mtype314.a(simEnvChange.o)
 .debug_abbrev  0x0000000000001432      0x1a8 build/cooja/mtype314.a(cooja_mt.o)
 .debug_abbrev  0x00000000000015da      0x1e6 build/cooja/mtype314.a(cooja_mtarch.o)
 .debug_abbrev  0x00000000000017c0      0x186 build/cooja/mtype314.a(rtimer-arch.o)
 .debug_abbrev  0x0000000000001946      0x1b1 build/cooja/mtype314.a(beep.o)
 .debug_abbrev  0x0000000000001af7      0x178 build/cooja/mtype314.a(leds-arch.o)
 .debug_abbrev  0x0000000000001c6f      0x166 build/cooja/mtype314.a(moteid.o)
 .debug_abbrev  0x0000000000001dd5      0x1be build/cooja/mtype314.a(pir-sensor.o)
 .debug_abbrev  0x0000000000001f93      0x217 build/cooja/mtype314.a(rs232.o)
 .debug_abbrev  0x00000000000021aa      0x1be build/cooja/mtype314.a(vib-sensor.o)
 .debug_abbrev  0x0000000000002368      0x1b1 build/cooja/mtype314.a(clock.o)
 .debug_abbrev  0x0000000000002519      0x247 build/cooja/mtype314.a(cooja-log.o)
 .debug_abbrev  0x0000000000002760      0x213 build/cooja/mtype314.a(cfs-cooja.o)
 .debug_abbrev  0x0000000000002973      0x3ed build/cooja/mtype314.a(cooja-radio.o)
 .debug_abbrev  0x0000000000002d60      0x1a0 build/cooja/mtype314.a(eeprom.o)
 .debug_abbrev  0x0000000000002f00       0x71 build/cooja/mtype314.a(random.o)
 .debug_abbrev  0x0000000000002f71      0x202 build/cooja/mtype314.a(sensors.o)
 .debug_abbrev  0x0000000000003173      0x1a5 build/cooja/mtype314.a(leds.o)
 .debug_abbrev  0x0000000000003318      0x239 build/cooja/mtype314.a(gpio-hal-arch.o)
 .debug_abbrev  0x0000000000003551      0x1fb build/cooja/mtype314.a(buttons.o)
 .debug_abbrev  0x000000000000374c      0x231 build/cooja/mtype314.a(contiki-main.o)
 .debug_abbrev  0x000000000000397d      0x143 build/cooja/mtype314.a(autostart.o)
 .debug_abbrev  0x0000000000003ac0      0x253 build/cooja/mtype314.a(log.o)
 .debug_abbrev  0x0000000000003d13      0x121 build/cooja/mtype314.a(energest.o)
 .debug_abbrev  0x0000000000003e34      0x257 build/cooja/mtype314.a(etimer.o)
 .debug_abbrev  0x000000000000408b      0x1a4 build/cooja/mtype314.a(node-id.o)
 .debug_abbrev  0x000000000000422f      0x1e4 build/cooja/mtype314.a(ctimer.o)
 .debug_abbrev  0x0000000000004413      0x2b3 build/cooja/mtype314.a(process.o)
 .debug_abbrev  0x00000000000046c6      0x1ca build/cooja/mtype314.a(rtimer.o)
 .debug_abbrev  0x0000000000004890      0x194 build/cooja/mtype314.a(timer.o)
 .debug_abbrev  0x0000000000004a24      0x20c build/cooja/mtype314.a(list.o)
 .debug_abbrev  0x0000000000004c30      0x178 build/cooja/mtype314.a(memb.o)
 .debug_abbrev  0x0000000000004da8      0x157 build/cooja/mtype314.a(assert.o)
 .debug_abbrev  0x0000000000004eff      0x28a build/cooja/mtype314.a(button-hal.o)
 .debug_abbrev  0x0000000000005189      0x1d1 build/cooja/mtype314.a(serial-line.o)
 .debug_abbrev  0x000000000000535a      0x1d6 build/cooja/mtype314.a(gpio-hal.o)
 .debug_abbrev  0x0000000000005530      0x2f3 build/cooja/mtype314.a(queuebuf.o)
 .debug_abbrev  0x0000000000005823      0x30e build/cooja/mtype314.a(packetbuf.o)
 .debug_abbrev  0x0000000000005b31      0x233 build/cooja/mtype314.a(netstack.o)
 .debug_abbrev  0x0000000000005d64      0x197 build/cooja/mtype314.a(linkaddr.o)
 .debug_abbrev  0x0000000000005efb      0x24b build/cooja/mtype314.a(mac-sequence.o)
 .debug_abbrev  0x0000000000006146      0x18f build/cooja/mtype314.a(mac.o)
 .debug_abbrev  0x00000000000062d5      0x262 build/cooja/mtype314.a(framer-802154.o)
 .debug_abbrev  0x0000000000006537      0x310 build/cooja/mtype314.a(frame802154.o)
 .debug_abbrev  0x0000000000006847      0x279 build/cooja/mtype314.a(nullnet.o)
 .debug_abbrev  0x0000000000006ac0      0x266 build/cooja/mtype314.a(nullrouting.o)
 .debug_abbrev  0x0000000000006d26      0x11f build/cooja/mtype314.a(watchdog.o)
 .debug_abbrev  0x0000000000006e45      0x18e build/cooja/mtype314.a(int-master.o)
 .debug_abbrev  0x0000000000006fd3      0x178 build/cooja/mtype314.a(ringbuf.o)

.debug_line     0x0000000000000000     0xb404
 *(.debug_line .debug_line.* .debug_line_end)
 .debug_line    0x0000000000000000      0x2f3 iotorii-common-node.o
 .debug_line    0x00000000000002f3      0x6a4 build/cooja/mtype314.o
 .debug_line    0x0000000000000997      0x80c build/cooja/obj/../iotorii-csma.o
 .debug_line    0x00000000000011a3      0x4e2 build/cooja/obj/../hlmacaddr.o
 .debug_line    0x0000000000001685      0x3b8 build/cooja/obj/../hlmac-table.o
 .debug_line    0x0000000000001a3d      0x3b9 build/cooja/obj/../csma-security.o
 .debug_line    0x0000000000001df6      0x6f9 build/cooja/obj/../csma-output.o
 .debug_line    0x00000000000024ef      0x29a build/cooja/mtype314.a(simEnvChange.o)
 .debug_line    0x0000000000002789      0x1dc build/cooja/mtype314.a(cooja_mt.o)
 .debug_line    0x0000000000002965      0x2db build/cooja/mtype314.a(cooja_mtarch.o)
 .debug_line    0x0000000000002c40      0x1cf build/cooja/mtype314.a(rtimer-arch.o)
 .debug_line    0x0000000000002e0f      0x198 build/cooja/mtype314.a(beep.o)
 .debug_line    0x0000000000002fa7      0x1f2 build/cooja/mtype314.a(leds-arch.o)
 .debug_line    0x0000000000003199      0x1aa build/cooja/mtype314.a(moteid.o)
 .debug_line    0x0000000000003343      0x216 build/cooja/mtype314.a(pir-sensor.o)
 .debug_line    0x0000000000003559      0x338 build/cooja/mtype314.a(rs232.o)
 .debug_line    0x0000000000003891      0x216 build/cooja/mtype314.a(vib-sensor.o)
 .debug_line    0x0000000000003aa7      0x16e build/cooja/mtype314.a(clock.o)
 .debug_line    0x0000000000003c15      0x301 build/cooja/mtype314.a(cooja-log.o)
 .debug_line    0x0000000000003f16      0x3bb build/cooja/mtype314.a(cfs-cooja.o)
 .debug_line    0x00000000000042d1      0x606 build/cooja/mtype314.a(cooja-radio.o)
 .debug_line    0x00000000000048d7      0x1e4 build/cooja/mtype314.a(eeprom.o)
 .debug_line    0x0000000000004abb       0x6d build/cooja/mtype314.a(random.o)
 .debug_line    0x0000000000004b28      0x29f build/cooja/mtype314.a(sensors.o)
 .debug_line    0x0000000000004dc7      0x2d5 build/cooja/mtype314.a(leds.o)
 .debug_line    0x000000000000509c      0x43e build/cooja/mtype314.a(gpio-hal-arch.o)
 .debug_line    0x00000000000054da      0x340 build/cooja/mtype314.a(buttons.o)
 .debug_line    0x000000000000581a      0x664 build/cooja/mtype314.a(contiki-main.o)
 .debug_line    0x0000000000005e7e      0x186 build/cooja/mtype314.a(autostart.o)
 .debug_line    0x0000000000006004      0x384 build/cooja/mtype314.a(log.o)
 .debug_line    0x0000000000006388      0x173 build/cooja/mtype314.a(energest.o)
 .debug_line    0x00000000000064fb      0x34e build/cooja/mtype314.a(etimer.o)
 .debug_line    0x0000000000006849      0x1ef build/cooja/mtype314.a(node-id.o)
 .debug_line    0x0000000000006a38      0x279 build/cooja/mtype314.a(ctimer.o)
 .debug_line    0x0000000000006cb1      0x44f build/cooja/mtype314.a(process.o)
 .debug_line    0x0000000000007100      0x1c8 build/cooja/mtype314.a(rtimer.o)
 .debug_line    0x00000000000072c8      0x18d build/cooja/mtype314.a(timer.o)
 .debug_line    0x0000000000007455      0x2f2 build/cooja/mtype314.a(list.o)
 .debug_line    0x0000000000007747      0x279 build/cooja/mtype314.a(memb.o)
 .debug_line    0x00000000000079c0      0x21e build/cooja/mtype314.a(assert.o)
 .debug_line    0x0000000000007bde      0x3c9 build/cooja/mtype314.a(button-hal.o)
 .debug_line    0x0000000000007fa7      0x287 build/cooja/mtype314.a(serial-line.o)
 .debug_line    0x000000000000822e      0x306 build/cooja/mtype314.a(gpio-hal.o)
 .debug_line    0x0000000000008534      0x4af build/cooja/mtype314.a(queuebuf.o)
 .debug_line    0x00000000000089e3      0x534 build/cooja/mtype314.a(packetbuf.o)
 .debug_line    0x0000000000008f17      0x302 build/cooja/mtype314.a(netstack.o)
 .debug_line    0x0000000000009219      0x1b2 build/cooja/mtype314.a(linkaddr.o)
 .debug_line    0x00000000000093cb      0x473 build/cooja/mtype314.a(mac-sequence.o)
 .debug_line    0x000000000000983e      0x273 build/cooja/mtype314.a(mac.o)
 .debug_line    0x0000000000009ab1      0x487 build/cooja/mtype314.a(framer-802154.o)
 .debug_line    0x0000000000009f38      0x80d build/cooja/mtype314.a(frame802154.o)
 .debug_line    0x000000000000a745      0x3a1 build/cooja/mtype314.a(nullnet.o)
 .debug_line    0x000000000000aae6      0x3e1 build/cooja/mtype314.a(nullrouting.o)
 .debug_line    0x000000000000aec7      0x16b build/cooja/mtype314.a(watchdog.o)